__  ____  __  _____   ___  __ ____  ______ 
 --/ __ \/ / / / _ | / _ \/ //_/ / / / __/ 
 -/ /_/ / /_/ / __ |/ , _/ ,< / /_/ /\ \   
--\___\_\____/_/ |_/_/|_/_/|_|\____/___/   
2026-08-15 13:17:16,710 INFO  [it.uni.reti2.main] (main) 🚂 Avvio processo Treno con ID: tr-1785881169606
2026-08-15 13:17:17,957 INFO  [io.quarkus.scheduler.runtime.SimpleScheduler] (main) No scheduled business methods found - Simple scheduler will not be started
2026-08-15 13:17:18,028 INFO  [io.smallrye.reactive.messaging.mqtt] (main) Create MQTT Client for null@localhost:1883<>-[]
2026-08-15 13:17:18,390 INFO  [io.vertx.mqtt.impl.MqttClientImpl] (vert.x-eventloop-thread-0) Connection with localhost:1883 established successfully
2026-08-15 13:17:18,550 INFO  [io.smallrye.reactive.messaging.mqtt] (vert.x-eventloop-thread-0) Subscription success on topic railway/alerts, Max QoS 0.
2026-08-15 13:17:18,551 INFO  [io.smallrye.reactive.messaging.mqtt] (vert.x-eventloop-thread-0) Subscription success on topic railway/train/+/validation-response, Max QoS 0.
2026-08-15 13:17:18,599 INFO  [it.uni.reti2.TrainJourneyEngine] (main) 🧭 [TWIN] Motore di viaggio avviato (sosta=20s, fattore=10x, autostart=true)
2026-08-15 13:17:18,656 INFO  [io.quarkus] (main) treno 1.0.0-SNAPSHOT on JVM (powered by Quarkus 3.37.3) started in 2.122s. Listening on: http://0.0.0.0:9084
2026-08-15 13:17:18,656 INFO  [io.quarkus] (main) Profile prod activated. 
2026-08-15 13:17:18,656 INFO  [io.quarkus] (main) Installed features: [cdi, messaging, messaging-mqtt, rest, rest-jackson, scheduler, smallrye-context-propagation, vertx]
2026-08-15 13:17:18,921 INFO  [it.uni.reti2.main] (main) 🔎 Verifica ID treno 'tr-1785881169606' nel database centrale...
2026-08-15 13:17:18,957 INFO  [it.uni.reti2.TrainDatabaseValidator] (main) 📩 Richiesta di validazione inviata per il treno: tr-1785881169606
2026-08-15 13:17:18,958 WARN  [it.uni.reti2.main] (main) ID treno non ancora valido o il database centrale non è raggiungibile; riprovo tra 5 secondi...
2026-08-15 13:17:23,961 WARN  [it.uni.reti2.main] (main) ID treno non ancora valido o il database centrale non è raggiungibile; riprovo tra 5 secondi...
2026-08-15 13:17:28,962 WARN  [it.uni.reti2.main] (main) ID treno non ancora valido o il database centrale non è raggiungibile; riprovo tra 5 secondi...
2026-08-15 13:17:33,963 INFO  [it.uni.reti2.TrainDatabaseValidator] (main) 📩 Richiesta di validazione inviata per il treno: tr-1785881169606
2026-08-15 13:17:33,964 WARN  [it.uni.reti2.main] (main) ID treno non ancora valido o il database centrale non è raggiungibile; riprovo tra 5 secondi...
2026-08-15 13:17:38,964 WARN  [it.uni.reti2.main] (main) ID treno non ancora valido o il database centrale non è raggiungibile; riprovo tra 5 secondi...
2026-08-15 13:17:43,965 WARN  [it.uni.reti2.main] (main) ID treno non ancora valido o il database centrale non è raggiungibile; riprovo tra 5 secondi...
2026-08-15 13:17:48,966 INFO  [it.uni.reti2.TrainDatabaseValidator] (main) 📩 Richiesta di validazione inviata per il treno: tr-1785881169606
2026-08-15 13:17:48,967 WARN  [it.uni.reti2.main] (main) ID treno non ancora valido o il database centrale non è raggiungibile; riprovo tra 5 secondi...
2026-08-15 13:17:53,967 WARN  [it.uni.reti2.main] (main) ID treno non ancora valido o il database centrale non è raggiungibile; riprovo tra 5 secondi...
2026-08-15 13:17:58,968 WARN  [it.uni.reti2.main] (main) ID treno non ancora valido o il database centrale non è raggiungibile; riprovo tra 5 secondi...
2026-08-15 13:18:03,969 INFO  [it.uni.reti2.TrainDatabaseValidator] (main) 📩 Richiesta di validazione inviata per il treno: tr-1785881169606
2026-08-15 13:18:03,970 WARN  [it.uni.reti2.main] (main) ID treno non ancora valido o il database centrale non è raggiungibile; riprovo tra 5 secondi...
2026-08-15 13:18:08,970 WARN  [it.uni.reti2.main] (main) ID treno non ancora valido o il database centrale non è raggiungibile; riprovo tra 5 secondi...
2026-08-15 13:18:13,971 WARN  [it.uni.reti2.main] (main) ID treno non ancora valido o il database centrale non è raggiungibile; riprovo tra 5 secondi...
2026-08-15 13:18:18,973 INFO  [it.uni.reti2.TrainDatabaseValidator] (main) 📩 Richiesta di validazione inviata per il treno: tr-1785881169606
2026-08-15 13:18:18,973 WARN  [it.uni.reti2.main] (main) ID treno non ancora valido o il database centrale non è raggiungibile; riprovo tra 5 secondi...
2026-08-15 13:18:23,974 WARN  [it.uni.reti2.main] (main) ID treno non ancora valido o il database centrale non è raggiungibile; riprovo tra 5 secondi...
2026-08-15 13:18:28,974 WARN  [it.uni.reti2.main] (main) ID treno non ancora valido o il database centrale non è raggiungibile; riprovo tra 5 secondi...
2026-08-15 13:18:33,976 INFO  [it.uni.reti2.TrainDatabaseValidator] (main) 📩 Richiesta di validazione inviata per il treno: tr-1785881169606
2026-08-15 13:18:33,976 WARN  [it.uni.reti2.main] (main) ID treno non ancora valido o il database centrale non è raggiungibile; riprovo tra 5 secondi...
2026-08-15 13:18:38,977 WARN  [it.uni.reti2.main] (main) ID treno non ancora valido o il database centrale non è raggiungibile; riprovo tra 5 secondi...
2026-08-15 13:18:43,977 WARN  [it.uni.reti2.main] (main) ID treno non ancora valido o il database centrale non è raggiungibile; riprovo tra 5 secondi...
2026-08-15 13:18:48,979 INFO  [it.uni.reti2.TrainDatabaseValidator] (main) 📩 Richiesta di validazione inviata per il treno: tr-1785881169606
2026-08-15 13:18:48,980 WARN  [it.uni.reti2.main] (main) ID treno non ancora valido o il database centrale non è raggiungibile; riprovo tra 5 secondi...
2026-08-15 13:18:53,980 WARN  [it.uni.reti2.main] (main) ID treno non ancora valido o il database centrale non è raggiungibile; riprovo tra 5 secondi...
2026-08-15 13:18:58,981 WARN  [it.uni.reti2.main] (main) ID treno non ancora valido o il database centrale non è raggiungibile; riprovo tra 5 secondi...
2026-08-15 13:19:03,983 INFO  [it.uni.reti2.TrainDatabaseValidator] (main) 📩 Richiesta di validazione inviata per il treno: tr-1785881169606
2026-08-15 13:19:03,983 WARN  [it.uni.reti2.main] (main) ID treno non ancora valido o il database centrale non è raggiungibile; riprovo tra 5 secondi...
2026-08-15 13:19:08,984 WARN  [it.uni.reti2.main] (main) ID treno non ancora valido o il database centrale non è raggiungibile; riprovo tra 5 secondi...
2026-08-15 13:19:13,985 WARN  [it.uni.reti2.main] (main) ID treno non ancora valido o il database centrale non è raggiungibile; riprovo tra 5 secondi...
2026-08-15 13:19:18,986 INFO  [it.uni.reti2.TrainDatabaseValidator] (main) 📩 Richiesta di validazione inviata per il treno: tr-1785881169606
2026-08-15 13:19:18,986 WARN  [it.uni.reti2.main] (main) ID treno non ancora valido o il database centrale non è raggiungibile; riprovo tra 5 secondi...
2026-08-15 13:19:23,986 WARN  [it.uni.reti2.main] (main) ID treno non ancora valido o il database centrale non è raggiungibile; riprovo tra 5 secondi...
2026-08-15 13:19:28,987 WARN  [it.uni.reti2.main] (main) ID treno non ancora valido o il database centrale non è raggiungibile; riprovo tra 5 secondi...
2026-08-15 13:19:33,988 INFO  [it.uni.reti2.TrainDatabaseValidator] (main) 📩 Richiesta di validazione inviata per il treno: tr-1785881169606
2026-08-15 13:19:33,989 WARN  [it.uni.reti2.main] (main) ID treno non ancora valido o il database centrale non è raggiungibile; riprovo tra 5 secondi...
2026-08-15 13:19:38,989 WARN  [it.uni.reti2.main] (main) ID treno non ancora valido o il database centrale non è raggiungibile; riprovo tra 5 secondi...
2026-08-15 13:19:43,990 WARN  [it.uni.reti2.main] (main) ID treno non ancora valido o il database centrale non è raggiungibile; riprovo tra 5 secondi...
2026-08-15 13:19:48,991 INFO  [it.uni.reti2.TrainDatabaseValidator] (main) 📩 Richiesta di validazione inviata per il treno: tr-1785881169606
2026-08-15 13:19:48,991 WARN  [it.uni.reti2.main] (main) ID treno non ancora valido o il database centrale non è raggiungibile; riprovo tra 5 secondi...
2026-08-15 13:19:53,992 WARN  [it.uni.reti2.main] (main) ID treno non ancora valido o il database centrale non è raggiungibile; riprovo tra 5 secondi...
2026-08-15 13:19:58,992 WARN  [it.uni.reti2.main] (main) ID treno non ancora valido o il database centrale non è raggiungibile; riprovo tra 5 secondi...
2026-08-15 13:20:03,994 INFO  [it.uni.reti2.TrainDatabaseValidator] (main) 📩 Richiesta di validazione inviata per il treno: tr-1785881169606
2026-08-15 13:20:03,994 WARN  [it.uni.reti2.main] (main) ID treno non ancora valido o il database centrale non è raggiungibile; riprovo tra 5 secondi...
2026-08-15 13:20:08,995 WARN  [it.uni.reti2.main] (main) ID treno non ancora valido o il database centrale non è raggiungibile; riprovo tra 5 secondi...
2026-08-15 13:20:13,996 WARN  [it.uni.reti2.main] (main) ID treno non ancora valido o il database centrale non è raggiungibile; riprovo tra 5 secondi...
2026-08-15 13:20:18,996 INFO  [it.uni.reti2.TrainDatabaseValidator] (main) 📩 Richiesta di validazione inviata per il treno: tr-1785881169606
2026-08-15 13:20:18,997 WARN  [it.uni.reti2.main] (main) ID treno non ancora valido o il database centrale non è raggiungibile; riprovo tra 5 secondi...
2026-08-15 13:20:23,997 WARN  [it.uni.reti2.main] (main) ID treno non ancora valido o il database centrale non è raggiungibile; riprovo tra 5 secondi...
2026-08-15 13:20:28,998 WARN  [it.uni.reti2.main] (main) ID treno non ancora valido o il database centrale non è raggiungibile; riprovo tra 5 secondi...
2026-08-15 13:20:33,999 INFO  [it.uni.reti2.TrainDatabaseValidator] (main) 📩 Richiesta di validazione inviata per il treno: tr-1785881169606
2026-08-15 13:20:34,000 WARN  [it.uni.reti2.main] (main) ID treno non ancora valido o il database centrale non è raggiungibile; riprovo tra 5 secondi...
2026-08-15 13:20:39,001 WARN  [it.uni.reti2.main] (main) ID treno non ancora valido o il database centrale non è raggiungibile; riprovo tra 5 secondi...
2026-08-15 13:20:44,002 WARN  [it.uni.reti2.main] (main) ID treno non ancora valido o il database centrale non è raggiungibile; riprovo tra 5 secondi...
2026-08-15 13:20:49,003 INFO  [it.uni.reti2.TrainDatabaseValidator] (main) 📩 Richiesta di validazione inviata per il treno: tr-1785881169606
2026-08-15 13:20:49,004 WARN  [it.uni.reti2.main] (main) ID treno non ancora valido o il database centrale non è raggiungibile; riprovo tra 5 secondi...
2026-08-15 13:20:54,004 WARN  [it.uni.reti2.main] (main) ID treno non ancora valido o il database centrale non è raggiungibile; riprovo tra 5 secondi...
2026-08-15 13:20:59,005 WARN  [it.uni.reti2.main] (main) ID treno non ancora valido o il database centrale non è raggiungibile; riprovo tra 5 secondi...
2026-08-15 13:21:04,006 INFO  [it.uni.reti2.TrainDatabaseValidator] (main) 📩 Richiesta di validazione inviata per il treno: tr-1785881169606
2026-08-15 13:21:04,007 WARN  [it.uni.reti2.main] (main) ID treno non ancora valido o il database centrale non è raggiungibile; riprovo tra 5 secondi...
2026-08-15 13:21:09,008 WARN  [it.uni.reti2.main] (main) ID treno non ancora valido o il database centrale non è raggiungibile; riprovo tra 5 secondi...
2026-08-15 13:21:14,008 WARN  [it.uni.reti2.main] (main) ID treno non ancora valido o il database centrale non è raggiungibile; riprovo tra 5 secondi...
2026-08-15 13:21:15,612 INFO  [io.smallrye.reactive.messaging.mqtt.session.impl.MqttClientSessionImpl] (vert.x-eventloop-thread-0) Connection closed: Connection closed
2026-08-15 13:21:16,622 ERROR [io.vertx.mqtt.impl.MqttClientImpl] (vert.x-eventloop-thread-0) Can't connect to localhost:1883: io.netty.channel.AbstractChannel$AnnotatedConnectException: Connessione rifiutata: localhost/127.0.0.1:1883
Caused by: java.net.ConnectException: Connessione rifiutata
	at java.base/sun.nio.ch.Net.pollConnect(Native Method)
	at java.base/sun.nio.ch.Net.pollConnectNow(Net.java:639)
	at java.base/sun.nio.ch.SocketChannelImpl.finishConnect(SocketChannelImpl.java:1046)
	at io.netty.channel.socket.nio.NioSocketChannel.doFinishConnect(NioSocketChannel.java:336)
	at io.netty.channel.nio.AbstractNioChannel$AbstractNioUnsafe.finishConnect(AbstractNioChannel.java:339)
	at io.netty.channel.nio.NioEventLoop.processSelectedKey(NioEventLoop.java:784)
	at io.netty.channel.nio.NioEventLoop.processSelectedKeysOptimized(NioEventLoop.java:732)
	at io.netty.channel.nio.NioEventLoop.processSelectedKeys(NioEventLoop.java:658)
	at io.netty.channel.nio.NioEventLoop.run(NioEventLoop.java:562)
	at io.netty.util.concurrent.SingleThreadEventExecutor$4.run(SingleThreadEventExecutor.java:998)
	at io.netty.util.internal.ThreadExecutorMap$2.run(ThreadExecutorMap.java:74)
	at io.netty.util.concurrent.FastThreadLocalRunnable.run(FastThreadLocalRunnable.java:30)
	at java.base/java.lang.Thread.run(Thread.java:1474)

2026-08-15 13:21:17,628 ERROR [io.vertx.mqtt.impl.MqttClientImpl] (vert.x-eventloop-thread-0) Can't connect to localhost:1883: io.netty.channel.AbstractChannel$AnnotatedConnectException: Connessione rifiutata: localhost/127.0.0.1:1883
Caused by: java.net.ConnectException: Connessione rifiutata
	at java.base/sun.nio.ch.Net.pollConnect(Native Method)
	at java.base/sun.nio.ch.Net.pollConnectNow(Net.java:639)
	at java.base/sun.nio.ch.SocketChannelImpl.finishConnect(SocketChannelImpl.java:1046)
	at io.netty.channel.socket.nio.NioSocketChannel.doFinishConnect(NioSocketChannel.java:336)
	at io.netty.channel.nio.AbstractNioChannel$AbstractNioUnsafe.finishConnect(AbstractNioChannel.java:339)
	at io.netty.channel.nio.NioEventLoop.processSelectedKey(NioEventLoop.java:784)
	at io.netty.channel.nio.NioEventLoop.processSelectedKeysOptimized(NioEventLoop.java:732)
	at io.netty.channel.nio.NioEventLoop.processSelectedKeys(NioEventLoop.java:658)
	at io.netty.channel.nio.NioEventLoop.run(NioEventLoop.java:562)
	at io.netty.util.concurrent.SingleThreadEventExecutor$4.run(SingleThreadEventExecutor.java:998)
	at io.netty.util.internal.ThreadExecutorMap$2.run(ThreadExecutorMap.java:74)
	at io.netty.util.concurrent.FastThreadLocalRunnable.run(FastThreadLocalRunnable.java:30)
	at java.base/java.lang.Thread.run(Thread.java:1474)

2026-08-15 13:21:18,631 ERROR [io.vertx.mqtt.impl.MqttClientImpl] (vert.x-eventloop-thread-0) Can't connect to localhost:1883: io.netty.channel.AbstractChannel$AnnotatedConnectException: Connessione rifiutata: localhost/127.0.0.1:1883
Caused by: java.net.ConnectException: Connessione rifiutata
	at java.base/sun.nio.ch.Net.pollConnect(Native Method)
	at java.base/sun.nio.ch.Net.pollConnectNow(Net.java:639)
	at java.base/sun.nio.ch.SocketChannelImpl.finishConnect(SocketChannelImpl.java:1046)
	at io.netty.channel.socket.nio.NioSocketChannel.doFinishConnect(NioSocketChannel.java:336)
	at io.netty.channel.nio.AbstractNioChannel$AbstractNioUnsafe.finishConnect(AbstractNioChannel.java:339)
	at io.netty.channel.nio.NioEventLoop.processSelectedKey(NioEventLoop.java:784)
	at io.netty.channel.nio.NioEventLoop.processSelectedKeysOptimized(NioEventLoop.java:732)
	at io.netty.channel.nio.NioEventLoop.processSelectedKeys(NioEventLoop.java:658)
	at io.netty.channel.nio.NioEventLoop.run(NioEventLoop.java:562)
	at io.netty.util.concurrent.SingleThreadEventExecutor$4.run(SingleThreadEventExecutor.java:998)
	at io.netty.util.internal.ThreadExecutorMap$2.run(ThreadExecutorMap.java:74)
	at io.netty.util.concurrent.FastThreadLocalRunnable.run(FastThreadLocalRunnable.java:30)
	at java.base/java.lang.Thread.run(Thread.java:1474)

2026-08-15 13:21:19,010 INFO  [it.uni.reti2.TrainDatabaseValidator] (main) 📩 Richiesta di validazione inviata per il treno: tr-1785881169606
2026-08-15 13:21:19,010 WARN  [it.uni.reti2.main] (main) ID treno non ancora valido o il database centrale non è raggiungibile; riprovo tra 5 secondi...
2026-08-15 13:21:19,637 ERROR [io.vertx.mqtt.impl.MqttClientImpl] (vert.x-eventloop-thread-0) Can't connect to localhost:1883: io.netty.channel.AbstractChannel$AnnotatedConnectException: Connessione rifiutata: localhost/127.0.0.1:1883
Caused by: java.net.ConnectException: Connessione rifiutata
	at java.base/sun.nio.ch.Net.pollConnect(Native Method)
	at java.base/sun.nio.ch.Net.pollConnectNow(Net.java:639)
	at java.base/sun.nio.ch.SocketChannelImpl.finishConnect(SocketChannelImpl.java:1046)
	at io.netty.channel.socket.nio.NioSocketChannel.doFinishConnect(NioSocketChannel.java:336)
	at io.netty.channel.nio.AbstractNioChannel$AbstractNioUnsafe.finishConnect(AbstractNioChannel.java:339)
	at io.netty.channel.nio.NioEventLoop.processSelectedKey(NioEventLoop.java:784)
	at io.netty.channel.nio.NioEventLoop.processSelectedKeysOptimized(NioEventLoop.java:732)
	at io.netty.channel.nio.NioEventLoop.processSelectedKeys(NioEventLoop.java:658)
	at io.netty.channel.nio.NioEventLoop.run(NioEventLoop.java:562)
	at io.netty.util.concurrent.SingleThreadEventExecutor$4.run(SingleThreadEventExecutor.java:998)
	at io.netty.util.internal.ThreadExecutorMap$2.run(ThreadExecutorMap.java:74)
	at io.netty.util.concurrent.FastThreadLocalRunnable.run(FastThreadLocalRunnable.java:30)
	at java.base/java.lang.Thread.run(Thread.java:1474)

2026-08-15 13:21:20,642 ERROR [io.vertx.mqtt.impl.MqttClientImpl] (vert.x-eventloop-thread-0) Can't connect to localhost:1883: io.netty.channel.AbstractChannel$AnnotatedConnectException: Connessione rifiutata: localhost/127.0.0.1:1883
Caused by: java.net.ConnectException: Connessione rifiutata
	at java.base/sun.nio.ch.Net.pollConnect(Native Method)
	at java.base/sun.nio.ch.Net.pollConnectNow(Net.java:639)
	at java.base/sun.nio.ch.SocketChannelImpl.finishConnect(SocketChannelImpl.java:1046)
	at io.netty.channel.socket.nio.NioSocketChannel.doFinishConnect(NioSocketChannel.java:336)
	at io.netty.channel.nio.AbstractNioChannel$AbstractNioUnsafe.finishConnect(AbstractNioChannel.java:339)
	at io.netty.channel.nio.NioEventLoop.processSelectedKey(NioEventLoop.java:784)
	at io.netty.channel.nio.NioEventLoop.processSelectedKeysOptimized(NioEventLoop.java:732)
	at io.netty.channel.nio.NioEventLoop.processSelectedKeys(NioEventLoop.java:658)
	at io.netty.channel.nio.NioEventLoop.run(NioEventLoop.java:562)
	at io.netty.util.concurrent.SingleThreadEventExecutor$4.run(SingleThreadEventExecutor.java:998)
	at io.netty.util.internal.ThreadExecutorMap$2.run(ThreadExecutorMap.java:74)
	at io.netty.util.concurrent.FastThreadLocalRunnable.run(FastThreadLocalRunnable.java:30)
	at java.base/java.lang.Thread.run(Thread.java:1474)

2026-08-15 13:21:21,647 INFO  [io.vertx.mqtt.impl.MqttClientImpl] (vert.x-eventloop-thread-0) Connection with localhost:1883 established successfully
2026-08-15 13:21:24,010 WARN  [it.uni.reti2.main] (main) ID treno non ancora valido o il database centrale non è raggiungibile; riprovo tra 5 secondi...
2026-08-15 13:21:29,011 WARN  [it.uni.reti2.main] (main) ID treno non ancora valido o il database centrale non è raggiungibile; riprovo tra 5 secondi...
2026-08-15 13:21:34,013 INFO  [it.uni.reti2.TrainDatabaseValidator] (main) 📩 Richiesta di validazione inviata per il treno: tr-1785881169606
2026-08-15 13:21:34,013 WARN  [it.uni.reti2.main] (main) ID treno non ancora valido o il database centrale non è raggiungibile; riprovo tra 5 secondi...
2026-08-15 13:21:39,014 WARN  [it.uni.reti2.main] (main) ID treno non ancora valido o il database centrale non è raggiungibile; riprovo tra 5 secondi...
2026-08-15 13:21:44,014 WARN  [it.uni.reti2.main] (main) ID treno non ancora valido o il database centrale non è raggiungibile; riprovo tra 5 secondi...
2026-08-15 13:21:49,015 INFO  [it.uni.reti2.TrainDatabaseValidator] (main) 📩 Richiesta di validazione inviata per il treno: tr-1785881169606
2026-08-15 13:21:49,016 WARN  [it.uni.reti2.main] (main) ID treno non ancora valido o il database centrale non è raggiungibile; riprovo tra 5 secondi...
2026-08-15 13:21:54,016 WARN  [it.uni.reti2.main] (main) ID treno non ancora valido o il database centrale non è raggiungibile; riprovo tra 5 secondi...
2026-08-15 13:21:59,016 WARN  [it.uni.reti2.main] (main) ID treno non ancora valido o il database centrale non è raggiungibile; riprovo tra 5 secondi...
2026-08-15 13:22:04,017 INFO  [it.uni.reti2.TrainDatabaseValidator] (main) 📩 Richiesta di validazione inviata per il treno: tr-1785881169606
2026-08-15 13:22:04,018 WARN  [it.uni.reti2.main] (main) ID treno non ancora valido o il database centrale non è raggiungibile; riprovo tra 5 secondi...
2026-08-15 13:22:04,059 ERROR [it.uni.reti2.TrainDatabaseValidator] (vert.x-eventloop-thread-1) ❌ L'ID 'tr-1785881169606' non è presente nel database centrale: il treno non è registrato.
2026-08-15 13:22:09,018 ERROR [it.uni.reti2.main] (main) ❌ ERRORE FATALE: ID del treno non presente nel database centrale. Il processo verrà terminato.
2026-08-15 13:22:09,048 INFO  [io.smallrye.reactive.messaging.mqtt.session.impl.MqttClientSessionImpl] (vert.x-eventloop-thread-0) Connection closed: <unknown>
2026-08-15 13:22:09,055 INFO  [io.quarkus] (main) treno stopped in 0.037s
