__  ____  __  _____   ___  __ ____  ______ 
 --/ __ \/ / / / _ | / _ \/ //_/ / / / __/ 
 -/ /_/ / /_/ / __ |/ , _/ ,< / /_/ /\ \   
--\___\_\____/_/ |_/_/|_/_/|_|\____/___/   
2026-08-16 10:03:05,439 INFO  [it.uni.reti2.main] (main) 🚉 Avvio processo Stazione con ID: TO
2026-08-16 10:03:06,488 INFO  [io.smallrye.reactive.messaging.mqtt] (main) Create MQTT Client for null@localhost:1883<>-[]
2026-08-16 10:03:06,519 INFO  [io.smallrye.reactive.messaging.mqtt] (main) Create MQTT Client for null@localhost:1883<>-[stazione-TO-alerts-in]
2026-08-16 10:03:06,690 INFO  [io.vertx.mqtt.impl.MqttClientImpl] (vert.x-eventloop-thread-0) Connection with localhost:1883 established successfully
2026-08-16 10:03:06,840 INFO  [io.vertx.mqtt.impl.MqttClientImpl] (vert.x-eventloop-thread-0) Connection with localhost:1883 established successfully
2026-08-16 10:03:06,858 INFO  [io.smallrye.reactive.messaging.mqtt] (vert.x-eventloop-thread-0) Subscription success on topic railway/alerts, Max QoS 1.
2026-08-16 10:03:06,860 INFO  [io.smallrye.reactive.messaging.mqtt] (vert.x-eventloop-thread-0) Subscription success on topic railway/station/+/validation-response, Max QoS 0.
2026-08-16 10:03:06,861 INFO  [io.smallrye.reactive.messaging.mqtt] (vert.x-eventloop-thread-0) Subscription success on topic railway/train/+/passaggio, Max QoS 0.
2026-08-16 10:03:06,874 INFO  [io.smallrye.reactive.messaging.mqtt] (main) Create MQTT Client for null@localhost:1883<>-[stazione-TO-alerts-out]
2026-08-16 10:03:06,882 INFO  [io.vertx.mqtt.impl.MqttClientImpl] (vert.x-eventloop-thread-0) Connection with localhost:1883 established successfully
2026-08-16 10:03:06,905 WARN  [it.uni.reti2.HeartbeatGenerator] (executor-thread-1) ⏳ Stazione non ancora validata dalla Centrale: heartbeat sospeso.
2026-08-16 10:03:06,966 INFO  [io.quarkus] (main) stazione 1.0.0-SNAPSHOT on JVM (powered by Quarkus 3.37.3) started in 1.679s. Listening on: http://0.0.0.0:8082
2026-08-16 10:03:06,967 INFO  [io.quarkus] (main) Profile prod activated. 
2026-08-16 10:03:06,967 INFO  [io.quarkus] (main) Installed features: [cdi, messaging, messaging-mqtt, rest, rest-jackson, scheduler, smallrye-context-propagation, vertx]
2026-08-16 10:03:06,973 INFO  [it.uni.reti2.main] (main) 🔎 Verifica ID stazione 'TO' nel database centrale...
2026-08-16 10:03:07,072 INFO  [it.uni.reti2.StationDatabaseValidator] (main) 📩 Richiesta di validazione inviata per la stazione: TO
2026-08-16 10:03:07,072 WARN  [it.uni.reti2.main] (main) ID stazione non ancora valido o il database centrale non è raggiungibile; riprovo tra 5 secondi...
2026-08-16 10:03:07,105 INFO  [it.uni.reti2.StationDatabaseValidator] (vert.x-eventloop-thread-2) 🚉 Processo associato con successo alla chiave primaria del database: TO
2026-08-16 10:03:12,073 INFO  [it.uni.reti2.main] (main) ✅ Processo Stazione AVVIATO CORRETTAMENTE
2026-08-16 10:03:12,073 INFO  [it.uni.reti2.main] (main) 🔄 Ingresso nel ciclo infinito di mantenimento del nodo Stazione...
2026-08-16 10:03:12,074 INFO  [it.uni.reti2.main] (main) 🌐 Server REST disponibile su http://localhost:8081/stazione/info
2026-08-16 10:03:16,906 INFO  [it.uni.reti2.HeartbeatGenerator] (executor-thread-1) 💓 [HEARTBEAT] Invio heartbeat: {"stazioneId":"TO","stato":"ONLINE","timestamp":"2026-08-16T08:03:16.905369007Z","tipoEvento":"HEARTBEAT","bufferSize":0}
2026-08-16 10:03:26,905 INFO  [it.uni.reti2.HeartbeatGenerator] (executor-thread-1) 💓 [HEARTBEAT] Invio heartbeat: {"stazioneId":"TO","stato":"ONLINE","timestamp":"2026-08-16T08:03:26.905132667Z","tipoEvento":"HEARTBEAT","bufferSize":0}
2026-08-16 10:03:32,071 WARN  [it.uni.reti2.StationGateway] (vert.x-eventloop-thread-1) 🚨 [ALERT RICEVUTO] La Centrale dice: {"tipoEvento":"GUASTO","origine":"CENTRALE","sorgenteTipo":"STAZIONE","sorgenteId":"PA","severita":"CRITICAL","messaggio":"Heartbeat assente: la stazione PA non invia heartbeat da oltre 30 secondi","guastoId":"alert-1786867412002-35e27015","timestamp":"2026-08-16T08:03:32.002682973Z"}
2026-08-16 10:03:32,079 WARN  [it.uni.reti2.StationGateway] (vert.x-eventloop-thread-1) 🚨 [ALERT RICEVUTO] La Centrale dice: {"tipoEvento":"GUASTO","origine":"CENTRALE","sorgenteTipo":"STAZIONE","sorgenteId":"MI","severita":"CRITICAL","messaggio":"Heartbeat assente: la stazione MI non invia heartbeat da oltre 30 secondi","guastoId":"alert-1786867412068-73822816","timestamp":"2026-08-16T08:03:32.068262564Z"}
2026-08-16 10:03:36,904 INFO  [it.uni.reti2.HeartbeatGenerator] (executor-thread-1) 💓 [HEARTBEAT] Invio heartbeat: {"stazioneId":"TO","stato":"ONLINE","timestamp":"2026-08-16T08:03:36.904531986Z","tipoEvento":"HEARTBEAT","bufferSize":0}
2026-08-16 10:03:46,904 INFO  [it.uni.reti2.HeartbeatGenerator] (executor-thread-1) 💓 [HEARTBEAT] Invio heartbeat: {"stazioneId":"TO","stato":"ONLINE","timestamp":"2026-08-16T08:03:46.904581269Z","tipoEvento":"HEARTBEAT","bufferSize":0}
2026-08-16 10:03:56,904 INFO  [it.uni.reti2.HeartbeatGenerator] (executor-thread-1) 💓 [HEARTBEAT] Invio heartbeat: {"stazioneId":"TO","stato":"ONLINE","timestamp":"2026-08-16T08:03:56.904571161Z","tipoEvento":"HEARTBEAT","bufferSize":0}
2026-08-16 10:04:02,138 WARN  [it.uni.reti2.StationGateway] (vert.x-eventloop-thread-1) 🚨 [ALERT RICEVUTO] La Centrale dice: {"tipoEvento":"MAINTENANCE_DISPATCHED","sorgenteId":"MI","timestamp":"2026-08-16T08:04:02.133878497Z"}
2026-08-16 10:04:02,147 WARN  [it.uni.reti2.StationGateway] (vert.x-eventloop-thread-1) 🚨 [ALERT RICEVUTO] La Centrale dice: {"tipoEvento":"RESOLVED","sorgenteTipo":"STAZIONE","sorgenteId":"MI","guastoId":"alert-1786867412068-73822816","timestamp":"2026-08-16T08:04:02.138418130Z"}
2026-08-16 10:04:02,148 WARN  [it.uni.reti2.StationGateway] (vert.x-eventloop-thread-1) 🚨 [ALERT RICEVUTO] La Centrale dice: {"tipoEvento":"RESOLVED","sorgenteTipo":"STAZIONE","sorgenteId":"MI","guastoId":"alert-1786867412068-73822816","timestamp":"2026-08-16T08:04:02.138512525Z"}
2026-08-16 10:04:03,778 WARN  [it.uni.reti2.StationGateway] (vert.x-eventloop-thread-1) 🚨 [ALERT RICEVUTO] La Centrale dice: {"tipoEvento":"MAINTENANCE_DISPATCHED","sorgenteId":"PA","timestamp":"2026-08-16T08:04:03.775933101Z"}
2026-08-16 10:04:03,782 WARN  [it.uni.reti2.StationGateway] (vert.x-eventloop-thread-1) 🚨 [ALERT RICEVUTO] La Centrale dice: {"tipoEvento":"RESOLVED","sorgenteTipo":"STAZIONE","sorgenteId":"PA","guastoId":"alert-1786867412002-35e27015","timestamp":"2026-08-16T08:04:03.779877480Z"}
2026-08-16 10:04:03,784 WARN  [it.uni.reti2.StationGateway] (vert.x-eventloop-thread-1) 🚨 [ALERT RICEVUTO] La Centrale dice: {"tipoEvento":"RESOLVED","sorgenteTipo":"STAZIONE","sorgenteId":"PA","guastoId":"alert-1786867412002-35e27015","timestamp":"2026-08-16T08:04:03.780076657Z"}
2026-08-16 10:04:06,904 INFO  [it.uni.reti2.HeartbeatGenerator] (executor-thread-1) 💓 [HEARTBEAT] Invio heartbeat: {"stazioneId":"TO","stato":"ONLINE","timestamp":"2026-08-16T08:04:06.904745203Z","tipoEvento":"HEARTBEAT","bufferSize":0}
2026-08-16 10:04:16,905 INFO  [it.uni.reti2.HeartbeatGenerator] (executor-thread-1) 💓 [HEARTBEAT] Invio heartbeat: {"stazioneId":"TO","stato":"ONLINE","timestamp":"2026-08-16T08:04:16.905204807Z","tipoEvento":"HEARTBEAT","bufferSize":0}
2026-08-16 10:04:26,905 INFO  [it.uni.reti2.HeartbeatGenerator] (executor-thread-1) 💓 [HEARTBEAT] Invio heartbeat: {"stazioneId":"TO","stato":"ONLINE","timestamp":"2026-08-16T08:04:26.904983856Z","tipoEvento":"HEARTBEAT","bufferSize":0}
2026-08-16 10:04:36,905 INFO  [it.uni.reti2.HeartbeatGenerator] (executor-thread-1) 💓 [HEARTBEAT] Invio heartbeat: {"stazioneId":"TO","stato":"ONLINE","timestamp":"2026-08-16T08:04:36.905166225Z","tipoEvento":"HEARTBEAT","bufferSize":0}
2026-08-16 10:04:42,019 WARN  [it.uni.reti2.StationGateway] (vert.x-eventloop-thread-1) 🚨 [ALERT RICEVUTO] La Centrale dice: {"tipoEvento":"GUASTO","origine":"CENTRALE","sorgenteTipo":"STAZIONE","sorgenteId":"PA","severita":"CRITICAL","messaggio":"Heartbeat assente: la stazione PA non invia heartbeat da oltre 30 secondi","guastoId":"alert-1786867482001-0276a52f","timestamp":"2026-08-16T08:04:42.001406679Z"}
2026-08-16 10:04:42,069 WARN  [it.uni.reti2.StationGateway] (vert.x-eventloop-thread-1) 🚨 [ALERT RICEVUTO] La Centrale dice: {"tipoEvento":"GUASTO","origine":"CENTRALE","sorgenteTipo":"STAZIONE","sorgenteId":"MI","severita":"CRITICAL","messaggio":"Heartbeat assente: la stazione MI non invia heartbeat da oltre 30 secondi","guastoId":"alert-1786867482013-ae0f8aca","timestamp":"2026-08-16T08:04:42.014118489Z"}
2026-08-16 10:04:46,904 INFO  [it.uni.reti2.HeartbeatGenerator] (executor-thread-1) 💓 [HEARTBEAT] Invio heartbeat: {"stazioneId":"TO","stato":"ONLINE","timestamp":"2026-08-16T08:04:46.904477667Z","tipoEvento":"HEARTBEAT","bufferSize":0}
2026-08-16 10:04:56,904 INFO  [it.uni.reti2.HeartbeatGenerator] (executor-thread-1) 💓 [HEARTBEAT] Invio heartbeat: {"stazioneId":"TO","stato":"ONLINE","timestamp":"2026-08-16T08:04:56.904545397Z","tipoEvento":"HEARTBEAT","bufferSize":0}
2026-08-16 10:05:06,904 INFO  [it.uni.reti2.HeartbeatGenerator] (executor-thread-1) 💓 [HEARTBEAT] Invio heartbeat: {"stazioneId":"TO","stato":"ONLINE","timestamp":"2026-08-16T08:05:06.904558698Z","tipoEvento":"HEARTBEAT","bufferSize":0}
2026-08-16 10:05:16,904 INFO  [it.uni.reti2.HeartbeatGenerator] (executor-thread-1) 💓 [HEARTBEAT] Invio heartbeat: {"stazioneId":"TO","stato":"ONLINE","timestamp":"2026-08-16T08:05:16.904450369Z","tipoEvento":"HEARTBEAT","bufferSize":0}
2026-08-16 10:05:26,904 INFO  [it.uni.reti2.HeartbeatGenerator] (executor-thread-1) 💓 [HEARTBEAT] Invio heartbeat: {"stazioneId":"TO","stato":"ONLINE","timestamp":"2026-08-16T08:05:26.904558207Z","tipoEvento":"HEARTBEAT","bufferSize":0}
2026-08-16 10:05:36,696 WARN  [it.uni.reti2.StationGateway] (vert.x-eventloop-thread-1) 🚨 [ALERT RICEVUTO] La Centrale dice: {"tipoEvento":"MAINTENANCE_DISPATCHED","sorgenteId":"MI","timestamp":"2026-08-16T08:05:36.693744869Z"}
2026-08-16 10:05:36,700 WARN  [it.uni.reti2.StationGateway] (vert.x-eventloop-thread-1) 🚨 [ALERT RICEVUTO] La Centrale dice: {"tipoEvento":"RESOLVED","sorgenteTipo":"STAZIONE","sorgenteId":"MI","guastoId":"alert-1786867482013-ae0f8aca","timestamp":"2026-08-16T08:05:36.697515470Z"}
2026-08-16 10:05:36,701 WARN  [it.uni.reti2.StationGateway] (vert.x-eventloop-thread-1) 🚨 [ALERT RICEVUTO] La Centrale dice: {"tipoEvento":"RESOLVED","sorgenteTipo":"STAZIONE","sorgenteId":"MI","guastoId":"alert-1786867482013-ae0f8aca","timestamp":"2026-08-16T08:05:36.698005381Z"}
2026-08-16 10:05:36,904 INFO  [it.uni.reti2.HeartbeatGenerator] (executor-thread-1) 💓 [HEARTBEAT] Invio heartbeat: {"stazioneId":"TO","stato":"ONLINE","timestamp":"2026-08-16T08:05:36.904605743Z","tipoEvento":"HEARTBEAT","bufferSize":0}
2026-08-16 10:05:38,181 WARN  [it.uni.reti2.StationGateway] (vert.x-eventloop-thread-1) 🚨 [ALERT RICEVUTO] La Centrale dice: {"tipoEvento":"MAINTENANCE_DISPATCHED","sorgenteId":"PA","timestamp":"2026-08-16T08:05:38.178896649Z"}
2026-08-16 10:05:38,186 WARN  [it.uni.reti2.StationGateway] (vert.x-eventloop-thread-1) 🚨 [ALERT RICEVUTO] La Centrale dice: {"tipoEvento":"RESOLVED","sorgenteTipo":"STAZIONE","sorgenteId":"PA","guastoId":"alert-1786867482001-0276a52f","timestamp":"2026-08-16T08:05:38.182901657Z"}
2026-08-16 10:05:38,187 WARN  [it.uni.reti2.StationGateway] (vert.x-eventloop-thread-1) 🚨 [ALERT RICEVUTO] La Centrale dice: {"tipoEvento":"RESOLVED","sorgenteTipo":"STAZIONE","sorgenteId":"PA","guastoId":"alert-1786867482001-0276a52f","timestamp":"2026-08-16T08:05:38.183024294Z"}
2026-08-16 10:05:46,188 INFO  [it.uni.reti2.StationGateway] (vert.x-eventloop-thread-3) 🚂 [PASSAGGIO] Treno Mario in ENTRATA dalla stazione TO
2026-08-16 10:05:46,904 INFO  [it.uni.reti2.HeartbeatGenerator] (executor-thread-1) 💓 [HEARTBEAT] Invio heartbeat: {"stazioneId":"TO","stato":"ONLINE","timestamp":"2026-08-16T08:05:46.904646282Z","tipoEvento":"HEARTBEAT","bufferSize":0}
2026-08-16 10:05:56,905 INFO  [it.uni.reti2.HeartbeatGenerator] (executor-thread-1) 💓 [HEARTBEAT] Invio heartbeat: {"stazioneId":"TO","stato":"ONLINE","timestamp":"2026-08-16T08:05:56.905113448Z","tipoEvento":"HEARTBEAT","bufferSize":0}
2026-08-16 10:06:06,904 INFO  [it.uni.reti2.HeartbeatGenerator] (executor-thread-1) 💓 [HEARTBEAT] Invio heartbeat: {"stazioneId":"TO","stato":"ONLINE","timestamp":"2026-08-16T08:06:06.904694301Z","tipoEvento":"HEARTBEAT","bufferSize":0}
2026-08-16 10:06:07,188 INFO  [it.uni.reti2.StationGateway] (vert.x-eventloop-thread-3) 🚂 [PASSAGGIO] Treno Mario in USCITA dalla stazione TO
2026-08-16 10:06:16,011 WARN  [it.uni.reti2.StationGateway] (vert.x-eventloop-thread-1) 🚨 [ALERT RICEVUTO] La Centrale dice: {"tipoEvento":"GUASTO","origine":"CENTRALE","sorgenteTipo":"STAZIONE","sorgenteId":"PA","severita":"CRITICAL","messaggio":"Heartbeat assente: la stazione PA non invia heartbeat da oltre 30 secondi","guastoId":"alert-1786867576000-1588f38e","timestamp":"2026-08-16T08:06:16.000820085Z"}
2026-08-16 10:06:16,016 WARN  [it.uni.reti2.StationGateway] (vert.x-eventloop-thread-1) 🚨 [ALERT RICEVUTO] La Centrale dice: {"tipoEvento":"GUASTO","origine":"CENTRALE","sorgenteTipo":"STAZIONE","sorgenteId":"MI","severita":"CRITICAL","messaggio":"Heartbeat assente: la stazione MI non invia heartbeat da oltre 30 secondi","guastoId":"alert-1786867576009-88f39098","timestamp":"2026-08-16T08:06:16.009558168Z"}
2026-08-16 10:06:16,904 INFO  [it.uni.reti2.HeartbeatGenerator] (executor-thread-1) 💓 [HEARTBEAT] Invio heartbeat: {"stazioneId":"TO","stato":"ONLINE","timestamp":"2026-08-16T08:06:16.904452406Z","tipoEvento":"HEARTBEAT","bufferSize":0}
2026-08-16 10:06:26,904 INFO  [it.uni.reti2.HeartbeatGenerator] (executor-thread-1) 💓 [HEARTBEAT] Invio heartbeat: {"stazioneId":"TO","stato":"ONLINE","timestamp":"2026-08-16T08:06:26.904467365Z","tipoEvento":"HEARTBEAT","bufferSize":0}
2026-08-16 10:06:36,904 INFO  [it.uni.reti2.HeartbeatGenerator] (executor-thread-1) 💓 [HEARTBEAT] Invio heartbeat: {"stazioneId":"TO","stato":"ONLINE","timestamp":"2026-08-16T08:06:36.904483891Z","tipoEvento":"HEARTBEAT","bufferSize":0}
2026-08-16 10:06:46,904 INFO  [it.uni.reti2.HeartbeatGenerator] (executor-thread-1) 💓 [HEARTBEAT] Invio heartbeat: {"stazioneId":"TO","stato":"ONLINE","timestamp":"2026-08-16T08:06:46.904524055Z","tipoEvento":"HEARTBEAT","bufferSize":0}
2026-08-16 10:10:54,882 INFO  [io.smallrye.reactive.messaging.mqtt.session.impl.MqttClientSessionImpl] (vert.x-eventloop-thread-0) Connection closed: Connection closed
2026-08-16 10:10:54,896 INFO  [io.smallrye.reactive.messaging.mqtt.session.impl.MqttClientSessionImpl] (vert.x-eventloop-thread-0) Connection closed: Connection closed
2026-08-16 10:10:54,897 INFO  [io.smallrye.reactive.messaging.mqtt.session.impl.MqttClientSessionImpl] (vert.x-eventloop-thread-0) Connection closed: Connection closed
2026-08-16 10:10:55,889 INFO  [io.vertx.mqtt.impl.MqttClientImpl] (vert.x-eventloop-thread-0) Connection with localhost:1883 established successfully
2026-08-16 10:10:55,900 INFO  [io.vertx.mqtt.impl.MqttClientImpl] (vert.x-eventloop-thread-0) Connection with localhost:1883 established successfully
2026-08-16 10:10:55,901 INFO  [io.vertx.mqtt.impl.MqttClientImpl] (vert.x-eventloop-thread-0) Connection with localhost:1883 established successfully
2026-08-16 10:10:59,294 INFO  [it.uni.reti2.HeartbeatGenerator] (executor-thread-1) 💓 [HEARTBEAT] Invio heartbeat: {"stazioneId":"TO","stato":"ONLINE","timestamp":"2026-08-16T08:10:59.294433258Z","tipoEvento":"HEARTBEAT","bufferSize":0}
2026-08-16 10:10:59,312 WARN  [it.uni.reti2.StationGateway] (vert.x-eventloop-thread-1) 🚨 [ALERT RICEVUTO] La Centrale dice: {"tipoEvento":"RESOLVED","origine":"CENTRALE","sorgenteTipo":"STAZIONE","sorgenteId":"TO","guastoId":"alert-1786867854965-6e1f7c04","timestamp":"2026-08-16T08:10:59.309581434Z"}
2026-08-16 10:10:59,313 INFO  [it.uni.reti2.StationGateway] (vert.x-eventloop-thread-1) 🔧 Stazione ripristinata dalla Centrale! Stato di nuovo ONLINE.
2026-08-16 10:10:59,363 WARN  [it.uni.reti2.StationGateway] (vert.x-eventloop-thread-1) 🚨 [ALERT RICEVUTO] La Centrale dice: {"tipoEvento":"RESOLVED","origine":"CENTRALE","sorgenteTipo":"STAZIONE","sorgenteId":"Padova","guastoId":"alert-1786867854973-ef011a1e","timestamp":"2026-08-16T08:10:59.360642967Z"}
2026-08-16 10:10:59,373 WARN  [it.uni.reti2.StationGateway] (vert.x-eventloop-thread-1) 🚨 [ALERT RICEVUTO] La Centrale dice: {"tipoEvento":"RESOLVED","origine":"CENTRALE","sorgenteTipo":"STAZIONE","sorgenteId":"stazzaDellaMadonnaTroia","guastoId":"alert-1786867854870-55c922af","timestamp":"2026-08-16T08:10:59.370519943Z"}
2026-08-16 10:11:09,294 INFO  [it.uni.reti2.HeartbeatGenerator] (executor-thread-1) 💓 [HEARTBEAT] Invio heartbeat: {"stazioneId":"TO","stato":"ONLINE","timestamp":"2026-08-16T08:11:09.294383703Z","tipoEvento":"HEARTBEAT","bufferSize":0}
2026-08-16 10:11:19,294 INFO  [it.uni.reti2.HeartbeatGenerator] (executor-thread-1) 💓 [HEARTBEAT] Invio heartbeat: {"stazioneId":"TO","stato":"ONLINE","timestamp":"2026-08-16T08:11:19.294225063Z","tipoEvento":"HEARTBEAT","bufferSize":0}
2026-08-16 10:11:29,294 INFO  [it.uni.reti2.HeartbeatGenerator] (executor-thread-1) 💓 [HEARTBEAT] Invio heartbeat: {"stazioneId":"TO","stato":"ONLINE","timestamp":"2026-08-16T08:11:29.294184167Z","tipoEvento":"HEARTBEAT","bufferSize":0}
2026-08-16 10:11:39,294 INFO  [it.uni.reti2.HeartbeatGenerator] (executor-thread-1) 💓 [HEARTBEAT] Invio heartbeat: {"stazioneId":"TO","stato":"ONLINE","timestamp":"2026-08-16T08:11:39.294109041Z","tipoEvento":"HEARTBEAT","bufferSize":0}
2026-08-16 10:11:49,294 INFO  [it.uni.reti2.HeartbeatGenerator] (executor-thread-1) 💓 [HEARTBEAT] Invio heartbeat: {"stazioneId":"TO","stato":"ONLINE","timestamp":"2026-08-16T08:11:49.294222388Z","tipoEvento":"HEARTBEAT","bufferSize":0}
2026-08-16 10:11:59,294 INFO  [it.uni.reti2.HeartbeatGenerator] (executor-thread-1) 💓 [HEARTBEAT] Invio heartbeat: {"stazioneId":"TO","stato":"ONLINE","timestamp":"2026-08-16T08:11:59.294361696Z","tipoEvento":"HEARTBEAT","bufferSize":0}
2026-08-16 10:12:09,294 INFO  [it.uni.reti2.HeartbeatGenerator] (executor-thread-1) 💓 [HEARTBEAT] Invio heartbeat: {"stazioneId":"TO","stato":"ONLINE","timestamp":"2026-08-16T08:12:09.294302507Z","tipoEvento":"HEARTBEAT","bufferSize":0}
2026-08-16 10:12:19,294 INFO  [it.uni.reti2.HeartbeatGenerator] (executor-thread-1) 💓 [HEARTBEAT] Invio heartbeat: {"stazioneId":"TO","stato":"ONLINE","timestamp":"2026-08-16T08:12:19.294281943Z","tipoEvento":"HEARTBEAT","bufferSize":0}
2026-08-16 10:12:29,294 INFO  [it.uni.reti2.HeartbeatGenerator] (executor-thread-1) 💓 [HEARTBEAT] Invio heartbeat: {"stazioneId":"TO","stato":"ONLINE","timestamp":"2026-08-16T08:12:29.294585400Z","tipoEvento":"HEARTBEAT","bufferSize":0}
2026-08-16 10:12:39,294 INFO  [it.uni.reti2.HeartbeatGenerator] (executor-thread-1) 💓 [HEARTBEAT] Invio heartbeat: {"stazioneId":"TO","stato":"ONLINE","timestamp":"2026-08-16T08:12:39.294714656Z","tipoEvento":"HEARTBEAT","bufferSize":0}
2026-08-16 10:12:49,294 INFO  [it.uni.reti2.HeartbeatGenerator] (executor-thread-1) 💓 [HEARTBEAT] Invio heartbeat: {"stazioneId":"TO","stato":"ONLINE","timestamp":"2026-08-16T08:12:49.294761852Z","tipoEvento":"HEARTBEAT","bufferSize":0}
2026-08-16 10:12:59,294 INFO  [it.uni.reti2.HeartbeatGenerator] (executor-thread-1) 💓 [HEARTBEAT] Invio heartbeat: {"stazioneId":"TO","stato":"ONLINE","timestamp":"2026-08-16T08:12:59.294782332Z","tipoEvento":"HEARTBEAT","bufferSize":0}
2026-08-16 10:13:09,294 INFO  [it.uni.reti2.HeartbeatGenerator] (executor-thread-1) 💓 [HEARTBEAT] Invio heartbeat: {"stazioneId":"TO","stato":"ONLINE","timestamp":"2026-08-16T08:13:09.294319702Z","tipoEvento":"HEARTBEAT","bufferSize":0}
2026-08-16 10:13:19,294 INFO  [it.uni.reti2.HeartbeatGenerator] (executor-thread-1) 💓 [HEARTBEAT] Invio heartbeat: {"stazioneId":"TO","stato":"ONLINE","timestamp":"2026-08-16T08:13:19.294595001Z","tipoEvento":"HEARTBEAT","bufferSize":0}
2026-08-16 10:13:29,294 INFO  [it.uni.reti2.HeartbeatGenerator] (executor-thread-1) 💓 [HEARTBEAT] Invio heartbeat: {"stazioneId":"TO","stato":"ONLINE","timestamp":"2026-08-16T08:13:29.294266164Z","tipoEvento":"HEARTBEAT","bufferSize":0}
2026-08-16 10:13:39,294 INFO  [it.uni.reti2.HeartbeatGenerator] (executor-thread-1) 💓 [HEARTBEAT] Invio heartbeat: {"stazioneId":"TO","stato":"ONLINE","timestamp":"2026-08-16T08:13:39.294723283Z","tipoEvento":"HEARTBEAT","bufferSize":0}
2026-08-16 10:13:49,294 INFO  [it.uni.reti2.HeartbeatGenerator] (executor-thread-1) 💓 [HEARTBEAT] Invio heartbeat: {"stazioneId":"TO","stato":"ONLINE","timestamp":"2026-08-16T08:13:49.294207898Z","tipoEvento":"HEARTBEAT","bufferSize":0}
2026-08-16 10:13:59,295 INFO  [it.uni.reti2.HeartbeatGenerator] (executor-thread-1) 💓 [HEARTBEAT] Invio heartbeat: {"stazioneId":"TO","stato":"ONLINE","timestamp":"2026-08-16T08:13:59.294741360Z","tipoEvento":"HEARTBEAT","bufferSize":0}
2026-08-16 10:14:09,294 INFO  [it.uni.reti2.HeartbeatGenerator] (executor-thread-1) 💓 [HEARTBEAT] Invio heartbeat: {"stazioneId":"TO","stato":"ONLINE","timestamp":"2026-08-16T08:14:09.294324557Z","tipoEvento":"HEARTBEAT","bufferSize":0}
2026-08-16 10:14:19,294 INFO  [it.uni.reti2.HeartbeatGenerator] (executor-thread-1) 💓 [HEARTBEAT] Invio heartbeat: {"stazioneId":"TO","stato":"ONLINE","timestamp":"2026-08-16T08:14:19.294333140Z","tipoEvento":"HEARTBEAT","bufferSize":0}
2026-08-16 10:14:29,294 INFO  [it.uni.reti2.HeartbeatGenerator] (executor-thread-1) 💓 [HEARTBEAT] Invio heartbeat: {"stazioneId":"TO","stato":"ONLINE","timestamp":"2026-08-16T08:14:29.294338154Z","tipoEvento":"HEARTBEAT","bufferSize":0}
2026-08-16 10:14:39,295 INFO  [it.uni.reti2.HeartbeatGenerator] (executor-thread-1) 💓 [HEARTBEAT] Invio heartbeat: {"stazioneId":"TO","stato":"ONLINE","timestamp":"2026-08-16T08:14:39.294801590Z","tipoEvento":"HEARTBEAT","bufferSize":0}
2026-08-16 10:14:49,294 INFO  [it.uni.reti2.HeartbeatGenerator] (executor-thread-1) 💓 [HEARTBEAT] Invio heartbeat: {"stazioneId":"TO","stato":"ONLINE","timestamp":"2026-08-16T08:14:49.294518538Z","tipoEvento":"HEARTBEAT","bufferSize":0}
2026-08-16 10:14:59,294 INFO  [it.uni.reti2.HeartbeatGenerator] (executor-thread-1) 💓 [HEARTBEAT] Invio heartbeat: {"stazioneId":"TO","stato":"ONLINE","timestamp":"2026-08-16T08:14:59.294504331Z","tipoEvento":"HEARTBEAT","bufferSize":0}
2026-08-16 10:15:09,294 INFO  [it.uni.reti2.HeartbeatGenerator] (executor-thread-1) 💓 [HEARTBEAT] Invio heartbeat: {"stazioneId":"TO","stato":"ONLINE","timestamp":"2026-08-16T08:15:09.294446791Z","tipoEvento":"HEARTBEAT","bufferSize":0}
2026-08-16 10:15:19,294 INFO  [it.uni.reti2.HeartbeatGenerator] (executor-thread-1) 💓 [HEARTBEAT] Invio heartbeat: {"stazioneId":"TO","stato":"ONLINE","timestamp":"2026-08-16T08:15:19.294210255Z","tipoEvento":"HEARTBEAT","bufferSize":0}
2026-08-16 10:15:30,543 INFO  [it.uni.reti2.HeartbeatGenerator] (executor-thread-1) 💓 [HEARTBEAT] Invio heartbeat: {"stazioneId":"TO","stato":"ONLINE","timestamp":"2026-08-16T08:15:30.542994019Z","tipoEvento":"HEARTBEAT","bufferSize":0}
2026-08-16 10:15:40,543 INFO  [it.uni.reti2.HeartbeatGenerator] (executor-thread-1) 💓 [HEARTBEAT] Invio heartbeat: {"stazioneId":"TO","stato":"ONLINE","timestamp":"2026-08-16T08:15:40.543491415Z","tipoEvento":"HEARTBEAT","bufferSize":0}
2026-08-16 10:15:50,543 INFO  [it.uni.reti2.HeartbeatGenerator] (executor-thread-1) 💓 [HEARTBEAT] Invio heartbeat: {"stazioneId":"TO","stato":"ONLINE","timestamp":"2026-08-16T08:15:50.543288041Z","tipoEvento":"HEARTBEAT","bufferSize":0}
2026-08-16 10:16:00,543 INFO  [it.uni.reti2.HeartbeatGenerator] (executor-thread-1) 💓 [HEARTBEAT] Invio heartbeat: {"stazioneId":"TO","stato":"ONLINE","timestamp":"2026-08-16T08:16:00.543308392Z","tipoEvento":"HEARTBEAT","bufferSize":0}
2026-08-16 10:16:10,543 INFO  [it.uni.reti2.HeartbeatGenerator] (executor-thread-1) 💓 [HEARTBEAT] Invio heartbeat: {"stazioneId":"TO","stato":"ONLINE","timestamp":"2026-08-16T08:16:10.543054746Z","tipoEvento":"HEARTBEAT","bufferSize":0}
2026-08-16 10:16:20,543 INFO  [it.uni.reti2.HeartbeatGenerator] (executor-thread-1) 💓 [HEARTBEAT] Invio heartbeat: {"stazioneId":"TO","stato":"ONLINE","timestamp":"2026-08-16T08:16:20.542844637Z","tipoEvento":"HEARTBEAT","bufferSize":0}
2026-08-16 10:16:30,543 INFO  [it.uni.reti2.HeartbeatGenerator] (executor-thread-1) 💓 [HEARTBEAT] Invio heartbeat: {"stazioneId":"TO","stato":"ONLINE","timestamp":"2026-08-16T08:16:30.543424844Z","tipoEvento":"HEARTBEAT","bufferSize":0}
2026-08-16 10:16:40,542 INFO  [it.uni.reti2.HeartbeatGenerator] (executor-thread-1) 💓 [HEARTBEAT] Invio heartbeat: {"stazioneId":"TO","stato":"ONLINE","timestamp":"2026-08-16T08:16:40.542831313Z","tipoEvento":"HEARTBEAT","bufferSize":0}
2026-08-16 10:16:50,543 INFO  [it.uni.reti2.HeartbeatGenerator] (executor-thread-1) 💓 [HEARTBEAT] Invio heartbeat: {"stazioneId":"TO","stato":"ONLINE","timestamp":"2026-08-16T08:16:50.542942163Z","tipoEvento":"HEARTBEAT","bufferSize":0}
2026-08-16 10:17:00,543 INFO  [it.uni.reti2.HeartbeatGenerator] (executor-thread-1) 💓 [HEARTBEAT] Invio heartbeat: {"stazioneId":"TO","stato":"ONLINE","timestamp":"2026-08-16T08:17:00.542992959Z","tipoEvento":"HEARTBEAT","bufferSize":0}
2026-08-16 10:17:10,543 INFO  [it.uni.reti2.HeartbeatGenerator] (executor-thread-1) 💓 [HEARTBEAT] Invio heartbeat: {"stazioneId":"TO","stato":"ONLINE","timestamp":"2026-08-16T08:17:10.542904403Z","tipoEvento":"HEARTBEAT","bufferSize":0}
2026-08-16 10:17:20,542 INFO  [it.uni.reti2.HeartbeatGenerator] (executor-thread-1) 💓 [HEARTBEAT] Invio heartbeat: {"stazioneId":"TO","stato":"ONLINE","timestamp":"2026-08-16T08:17:20.542853974Z","tipoEvento":"HEARTBEAT","bufferSize":0}
2026-08-16 10:17:30,542 INFO  [it.uni.reti2.HeartbeatGenerator] (executor-thread-1) 💓 [HEARTBEAT] Invio heartbeat: {"stazioneId":"TO","stato":"ONLINE","timestamp":"2026-08-16T08:17:30.542829097Z","tipoEvento":"HEARTBEAT","bufferSize":0}
2026-08-16 10:17:40,543 INFO  [it.uni.reti2.HeartbeatGenerator] (executor-thread-1) 💓 [HEARTBEAT] Invio heartbeat: {"stazioneId":"TO","stato":"ONLINE","timestamp":"2026-08-16T08:17:40.542898204Z","tipoEvento":"HEARTBEAT","bufferSize":0}
2026-08-16 10:17:50,542 INFO  [it.uni.reti2.HeartbeatGenerator] (executor-thread-1) 💓 [HEARTBEAT] Invio heartbeat: {"stazioneId":"TO","stato":"ONLINE","timestamp":"2026-08-16T08:17:50.542847884Z","tipoEvento":"HEARTBEAT","bufferSize":0}
2026-08-16 10:18:00,542 INFO  [it.uni.reti2.HeartbeatGenerator] (executor-thread-1) 💓 [HEARTBEAT] Invio heartbeat: {"stazioneId":"TO","stato":"ONLINE","timestamp":"2026-08-16T08:18:00.542783674Z","tipoEvento":"HEARTBEAT","bufferSize":0}
2026-08-16 10:18:10,542 INFO  [it.uni.reti2.HeartbeatGenerator] (executor-thread-1) 💓 [HEARTBEAT] Invio heartbeat: {"stazioneId":"TO","stato":"ONLINE","timestamp":"2026-08-16T08:18:10.542723974Z","tipoEvento":"HEARTBEAT","bufferSize":0}
2026-08-16 10:18:20,543 INFO  [it.uni.reti2.HeartbeatGenerator] (executor-thread-1) 💓 [HEARTBEAT] Invio heartbeat: {"stazioneId":"TO","stato":"ONLINE","timestamp":"2026-08-16T08:18:20.542884081Z","tipoEvento":"HEARTBEAT","bufferSize":0}
2026-08-16 10:18:30,543 INFO  [it.uni.reti2.HeartbeatGenerator] (executor-thread-1) 💓 [HEARTBEAT] Invio heartbeat: {"stazioneId":"TO","stato":"ONLINE","timestamp":"2026-08-16T08:18:30.542890159Z","tipoEvento":"HEARTBEAT","bufferSize":0}
2026-08-16 10:18:40,543 INFO  [it.uni.reti2.HeartbeatGenerator] (executor-thread-1) 💓 [HEARTBEAT] Invio heartbeat: {"stazioneId":"TO","stato":"ONLINE","timestamp":"2026-08-16T08:18:40.542933114Z","tipoEvento":"HEARTBEAT","bufferSize":0}
2026-08-16 10:18:50,543 INFO  [it.uni.reti2.HeartbeatGenerator] (executor-thread-1) 💓 [HEARTBEAT] Invio heartbeat: {"stazioneId":"TO","stato":"ONLINE","timestamp":"2026-08-16T08:18:50.542877938Z","tipoEvento":"HEARTBEAT","bufferSize":0}
2026-08-16 10:19:00,542 INFO  [it.uni.reti2.HeartbeatGenerator] (executor-thread-1) 💓 [HEARTBEAT] Invio heartbeat: {"stazioneId":"TO","stato":"ONLINE","timestamp":"2026-08-16T08:19:00.542853400Z","tipoEvento":"HEARTBEAT","bufferSize":0}
2026-08-16 10:19:10,543 INFO  [it.uni.reti2.HeartbeatGenerator] (executor-thread-1) 💓 [HEARTBEAT] Invio heartbeat: {"stazioneId":"TO","stato":"ONLINE","timestamp":"2026-08-16T08:19:10.542950663Z","tipoEvento":"HEARTBEAT","bufferSize":0}
2026-08-16 10:19:20,543 INFO  [it.uni.reti2.HeartbeatGenerator] (executor-thread-1) 💓 [HEARTBEAT] Invio heartbeat: {"stazioneId":"TO","stato":"ONLINE","timestamp":"2026-08-16T08:19:20.543270724Z","tipoEvento":"HEARTBEAT","bufferSize":0}
2026-08-16 10:19:30,543 INFO  [it.uni.reti2.HeartbeatGenerator] (executor-thread-1) 💓 [HEARTBEAT] Invio heartbeat: {"stazioneId":"TO","stato":"ONLINE","timestamp":"2026-08-16T08:19:30.543212202Z","tipoEvento":"HEARTBEAT","bufferSize":0}
2026-08-16 10:19:40,543 INFO  [it.uni.reti2.HeartbeatGenerator] (executor-thread-1) 💓 [HEARTBEAT] Invio heartbeat: {"stazioneId":"TO","stato":"ONLINE","timestamp":"2026-08-16T08:19:40.542869389Z","tipoEvento":"HEARTBEAT","bufferSize":0}
2026-08-16 10:19:50,543 INFO  [it.uni.reti2.HeartbeatGenerator] (executor-thread-1) 💓 [HEARTBEAT] Invio heartbeat: {"stazioneId":"TO","stato":"ONLINE","timestamp":"2026-08-16T08:19:50.543313767Z","tipoEvento":"HEARTBEAT","bufferSize":0}
2026-08-16 10:20:00,543 INFO  [it.uni.reti2.HeartbeatGenerator] (executor-thread-1) 💓 [HEARTBEAT] Invio heartbeat: {"stazioneId":"TO","stato":"ONLINE","timestamp":"2026-08-16T08:20:00.543256819Z","tipoEvento":"HEARTBEAT","bufferSize":0}
2026-08-16 10:20:10,543 INFO  [it.uni.reti2.HeartbeatGenerator] (executor-thread-1) 💓 [HEARTBEAT] Invio heartbeat: {"stazioneId":"TO","stato":"ONLINE","timestamp":"2026-08-16T08:20:10.542975558Z","tipoEvento":"HEARTBEAT","bufferSize":0}
2026-08-16 10:20:20,543 INFO  [it.uni.reti2.HeartbeatGenerator] (executor-thread-1) 💓 [HEARTBEAT] Invio heartbeat: {"stazioneId":"TO","stato":"ONLINE","timestamp":"2026-08-16T08:20:20.543179547Z","tipoEvento":"HEARTBEAT","bufferSize":0}
2026-08-16 10:20:30,543 INFO  [it.uni.reti2.HeartbeatGenerator] (executor-thread-1) 💓 [HEARTBEAT] Invio heartbeat: {"stazioneId":"TO","stato":"ONLINE","timestamp":"2026-08-16T08:20:30.543288549Z","tipoEvento":"HEARTBEAT","bufferSize":0}
2026-08-16 10:20:40,543 INFO  [it.uni.reti2.HeartbeatGenerator] (executor-thread-1) 💓 [HEARTBEAT] Invio heartbeat: {"stazioneId":"TO","stato":"ONLINE","timestamp":"2026-08-16T08:20:40.543255057Z","tipoEvento":"HEARTBEAT","bufferSize":0}
2026-08-16 10:20:50,542 INFO  [it.uni.reti2.HeartbeatGenerator] (executor-thread-1) 💓 [HEARTBEAT] Invio heartbeat: {"stazioneId":"TO","stato":"ONLINE","timestamp":"2026-08-16T08:20:50.542826641Z","tipoEvento":"HEARTBEAT","bufferSize":0}
2026-08-16 10:21:00,543 INFO  [it.uni.reti2.HeartbeatGenerator] (executor-thread-1) 💓 [HEARTBEAT] Invio heartbeat: {"stazioneId":"TO","stato":"ONLINE","timestamp":"2026-08-16T08:21:00.543374756Z","tipoEvento":"HEARTBEAT","bufferSize":0}
2026-08-16 10:21:10,543 INFO  [it.uni.reti2.HeartbeatGenerator] (executor-thread-1) 💓 [HEARTBEAT] Invio heartbeat: {"stazioneId":"TO","stato":"ONLINE","timestamp":"2026-08-16T08:21:10.542864797Z","tipoEvento":"HEARTBEAT","bufferSize":0}
2026-08-16 10:21:20,542 INFO  [it.uni.reti2.HeartbeatGenerator] (executor-thread-1) 💓 [HEARTBEAT] Invio heartbeat: {"stazioneId":"TO","stato":"ONLINE","timestamp":"2026-08-16T08:21:20.542829777Z","tipoEvento":"HEARTBEAT","bufferSize":0}
2026-08-16 10:21:30,543 INFO  [it.uni.reti2.HeartbeatGenerator] (executor-thread-1) 💓 [HEARTBEAT] Invio heartbeat: {"stazioneId":"TO","stato":"ONLINE","timestamp":"2026-08-16T08:21:30.542952390Z","tipoEvento":"HEARTBEAT","bufferSize":0}
2026-08-16 10:21:40,542 INFO  [it.uni.reti2.HeartbeatGenerator] (executor-thread-1) 💓 [HEARTBEAT] Invio heartbeat: {"stazioneId":"TO","stato":"ONLINE","timestamp":"2026-08-16T08:21:40.542811662Z","tipoEvento":"HEARTBEAT","bufferSize":0}
2026-08-16 10:21:50,543 INFO  [it.uni.reti2.HeartbeatGenerator] (executor-thread-1) 💓 [HEARTBEAT] Invio heartbeat: {"stazioneId":"TO","stato":"ONLINE","timestamp":"2026-08-16T08:21:50.542980584Z","tipoEvento":"HEARTBEAT","bufferSize":0}
2026-08-16 10:22:00,543 INFO  [it.uni.reti2.HeartbeatGenerator] (executor-thread-1) 💓 [HEARTBEAT] Invio heartbeat: {"stazioneId":"TO","stato":"ONLINE","timestamp":"2026-08-16T08:22:00.543116220Z","tipoEvento":"HEARTBEAT","bufferSize":0}
2026-08-16 10:22:10,543 INFO  [it.uni.reti2.HeartbeatGenerator] (executor-thread-1) 💓 [HEARTBEAT] Invio heartbeat: {"stazioneId":"TO","stato":"ONLINE","timestamp":"2026-08-16T08:22:10.543183960Z","tipoEvento":"HEARTBEAT","bufferSize":0}
2026-08-16 10:22:20,543 INFO  [it.uni.reti2.HeartbeatGenerator] (executor-thread-1) 💓 [HEARTBEAT] Invio heartbeat: {"stazioneId":"TO","stato":"ONLINE","timestamp":"2026-08-16T08:22:20.542909275Z","tipoEvento":"HEARTBEAT","bufferSize":0}
2026-08-16 10:22:30,543 INFO  [it.uni.reti2.HeartbeatGenerator] (executor-thread-1) 💓 [HEARTBEAT] Invio heartbeat: {"stazioneId":"TO","stato":"ONLINE","timestamp":"2026-08-16T08:22:30.542871625Z","tipoEvento":"HEARTBEAT","bufferSize":0}
2026-08-16 10:22:40,543 INFO  [it.uni.reti2.HeartbeatGenerator] (executor-thread-1) 💓 [HEARTBEAT] Invio heartbeat: {"stazioneId":"TO","stato":"ONLINE","timestamp":"2026-08-16T08:22:40.543311043Z","tipoEvento":"HEARTBEAT","bufferSize":0}
2026-08-16 10:22:50,543 INFO  [it.uni.reti2.HeartbeatGenerator] (executor-thread-1) 💓 [HEARTBEAT] Invio heartbeat: {"stazioneId":"TO","stato":"ONLINE","timestamp":"2026-08-16T08:22:50.543316409Z","tipoEvento":"HEARTBEAT","bufferSize":0}
2026-08-16 10:23:00,543 INFO  [it.uni.reti2.HeartbeatGenerator] (executor-thread-1) 💓 [HEARTBEAT] Invio heartbeat: {"stazioneId":"TO","stato":"ONLINE","timestamp":"2026-08-16T08:23:00.542908642Z","tipoEvento":"HEARTBEAT","bufferSize":0}
2026-08-16 10:23:10,543 INFO  [it.uni.reti2.HeartbeatGenerator] (executor-thread-1) 💓 [HEARTBEAT] Invio heartbeat: {"stazioneId":"TO","stato":"ONLINE","timestamp":"2026-08-16T08:23:10.542951352Z","tipoEvento":"HEARTBEAT","bufferSize":0}
2026-08-16 10:23:20,543 INFO  [it.uni.reti2.HeartbeatGenerator] (executor-thread-1) 💓 [HEARTBEAT] Invio heartbeat: {"stazioneId":"TO","stato":"ONLINE","timestamp":"2026-08-16T08:23:20.542957252Z","tipoEvento":"HEARTBEAT","bufferSize":0}
2026-08-16 10:23:30,542 INFO  [it.uni.reti2.HeartbeatGenerator] (executor-thread-1) 💓 [HEARTBEAT] Invio heartbeat: {"stazioneId":"TO","stato":"ONLINE","timestamp":"2026-08-16T08:23:30.542825624Z","tipoEvento":"HEARTBEAT","bufferSize":0}
2026-08-16 10:23:40,543 INFO  [it.uni.reti2.HeartbeatGenerator] (executor-thread-1) 💓 [HEARTBEAT] Invio heartbeat: {"stazioneId":"TO","stato":"ONLINE","timestamp":"2026-08-16T08:23:40.543074073Z","tipoEvento":"HEARTBEAT","bufferSize":0}
2026-08-16 10:23:50,542 INFO  [it.uni.reti2.HeartbeatGenerator] (executor-thread-1) 💓 [HEARTBEAT] Invio heartbeat: {"stazioneId":"TO","stato":"ONLINE","timestamp":"2026-08-16T08:23:50.542849884Z","tipoEvento":"HEARTBEAT","bufferSize":0}
2026-08-16 10:24:00,542 INFO  [it.uni.reti2.HeartbeatGenerator] (executor-thread-1) 💓 [HEARTBEAT] Invio heartbeat: {"stazioneId":"TO","stato":"ONLINE","timestamp":"2026-08-16T08:24:00.542808418Z","tipoEvento":"HEARTBEAT","bufferSize":0}
2026-08-16 10:24:10,543 INFO  [it.uni.reti2.HeartbeatGenerator] (executor-thread-1) 💓 [HEARTBEAT] Invio heartbeat: {"stazioneId":"TO","stato":"ONLINE","timestamp":"2026-08-16T08:24:10.542854394Z","tipoEvento":"HEARTBEAT","bufferSize":0}
2026-08-16 10:24:20,543 INFO  [it.uni.reti2.HeartbeatGenerator] (executor-thread-1) 💓 [HEARTBEAT] Invio heartbeat: {"stazioneId":"TO","stato":"ONLINE","timestamp":"2026-08-16T08:24:20.543359744Z","tipoEvento":"HEARTBEAT","bufferSize":0}
2026-08-16 10:24:30,543 INFO  [it.uni.reti2.HeartbeatGenerator] (executor-thread-1) 💓 [HEARTBEAT] Invio heartbeat: {"stazioneId":"TO","stato":"ONLINE","timestamp":"2026-08-16T08:24:30.543149180Z","tipoEvento":"HEARTBEAT","bufferSize":0}
2026-08-16 10:24:40,543 INFO  [it.uni.reti2.HeartbeatGenerator] (executor-thread-1) 💓 [HEARTBEAT] Invio heartbeat: {"stazioneId":"TO","stato":"ONLINE","timestamp":"2026-08-16T08:24:40.543529110Z","tipoEvento":"HEARTBEAT","bufferSize":0}
2026-08-16 10:24:50,542 INFO  [it.uni.reti2.HeartbeatGenerator] (executor-thread-1) 💓 [HEARTBEAT] Invio heartbeat: {"stazioneId":"TO","stato":"ONLINE","timestamp":"2026-08-16T08:24:50.542837757Z","tipoEvento":"HEARTBEAT","bufferSize":0}
2026-08-16 10:25:00,543 INFO  [it.uni.reti2.HeartbeatGenerator] (executor-thread-1) 💓 [HEARTBEAT] Invio heartbeat: {"stazioneId":"TO","stato":"ONLINE","timestamp":"2026-08-16T08:25:00.543201875Z","tipoEvento":"HEARTBEAT","bufferSize":0}
2026-08-16 10:25:10,543 INFO  [it.uni.reti2.HeartbeatGenerator] (executor-thread-1) 💓 [HEARTBEAT] Invio heartbeat: {"stazioneId":"TO","stato":"ONLINE","timestamp":"2026-08-16T08:25:10.542865423Z","tipoEvento":"HEARTBEAT","bufferSize":0}
2026-08-16 10:25:20,542 INFO  [it.uni.reti2.HeartbeatGenerator] (executor-thread-1) 💓 [HEARTBEAT] Invio heartbeat: {"stazioneId":"TO","stato":"ONLINE","timestamp":"2026-08-16T08:25:20.542809028Z","tipoEvento":"HEARTBEAT","bufferSize":0}
2026-08-16 10:25:30,543 INFO  [it.uni.reti2.HeartbeatGenerator] (executor-thread-1) 💓 [HEARTBEAT] Invio heartbeat: {"stazioneId":"TO","stato":"ONLINE","timestamp":"2026-08-16T08:25:30.542877753Z","tipoEvento":"HEARTBEAT","bufferSize":0}
2026-08-16 10:25:40,543 INFO  [it.uni.reti2.HeartbeatGenerator] (executor-thread-1) 💓 [HEARTBEAT] Invio heartbeat: {"stazioneId":"TO","stato":"ONLINE","timestamp":"2026-08-16T08:25:40.542859619Z","tipoEvento":"HEARTBEAT","bufferSize":0}
2026-08-16 10:25:50,543 INFO  [it.uni.reti2.HeartbeatGenerator] (executor-thread-1) 💓 [HEARTBEAT] Invio heartbeat: {"stazioneId":"TO","stato":"ONLINE","timestamp":"2026-08-16T08:25:50.542927783Z","tipoEvento":"HEARTBEAT","bufferSize":0}
2026-08-16 10:26:00,542 INFO  [it.uni.reti2.HeartbeatGenerator] (executor-thread-1) 💓 [HEARTBEAT] Invio heartbeat: {"stazioneId":"TO","stato":"ONLINE","timestamp":"2026-08-16T08:26:00.542837792Z","tipoEvento":"HEARTBEAT","bufferSize":0}
2026-08-16 10:26:10,543 INFO  [it.uni.reti2.HeartbeatGenerator] (executor-thread-1) 💓 [HEARTBEAT] Invio heartbeat: {"stazioneId":"TO","stato":"ONLINE","timestamp":"2026-08-16T08:26:10.542885988Z","tipoEvento":"HEARTBEAT","bufferSize":0}
2026-08-16 10:26:20,543 INFO  [it.uni.reti2.HeartbeatGenerator] (executor-thread-1) 💓 [HEARTBEAT] Invio heartbeat: {"stazioneId":"TO","stato":"ONLINE","timestamp":"2026-08-16T08:26:20.542936314Z","tipoEvento":"HEARTBEAT","bufferSize":0}
2026-08-16 10:26:30,543 INFO  [it.uni.reti2.HeartbeatGenerator] (executor-thread-1) 💓 [HEARTBEAT] Invio heartbeat: {"stazioneId":"TO","stato":"ONLINE","timestamp":"2026-08-16T08:26:30.542920411Z","tipoEvento":"HEARTBEAT","bufferSize":0}
2026-08-16 10:26:40,543 INFO  [it.uni.reti2.HeartbeatGenerator] (executor-thread-1) 💓 [HEARTBEAT] Invio heartbeat: {"stazioneId":"TO","stato":"ONLINE","timestamp":"2026-08-16T08:26:40.543117093Z","tipoEvento":"HEARTBEAT","bufferSize":0}
2026-08-16 10:26:50,542 INFO  [it.uni.reti2.HeartbeatGenerator] (executor-thread-1) 💓 [HEARTBEAT] Invio heartbeat: {"stazioneId":"TO","stato":"ONLINE","timestamp":"2026-08-16T08:26:50.542744838Z","tipoEvento":"HEARTBEAT","bufferSize":0}
2026-08-16 10:27:00,542 INFO  [it.uni.reti2.HeartbeatGenerator] (executor-thread-1) 💓 [HEARTBEAT] Invio heartbeat: {"stazioneId":"TO","stato":"ONLINE","timestamp":"2026-08-16T08:27:00.542816167Z","tipoEvento":"HEARTBEAT","bufferSize":0}
2026-08-16 10:27:10,542 INFO  [it.uni.reti2.HeartbeatGenerator] (executor-thread-1) 💓 [HEARTBEAT] Invio heartbeat: {"stazioneId":"TO","stato":"ONLINE","timestamp":"2026-08-16T08:27:10.542827303Z","tipoEvento":"HEARTBEAT","bufferSize":0}
2026-08-16 10:27:20,543 INFO  [it.uni.reti2.HeartbeatGenerator] (executor-thread-1) 💓 [HEARTBEAT] Invio heartbeat: {"stazioneId":"TO","stato":"ONLINE","timestamp":"2026-08-16T08:27:20.542920880Z","tipoEvento":"HEARTBEAT","bufferSize":0}
2026-08-16 10:27:30,542 INFO  [it.uni.reti2.HeartbeatGenerator] (executor-thread-1) 💓 [HEARTBEAT] Invio heartbeat: {"stazioneId":"TO","stato":"ONLINE","timestamp":"2026-08-16T08:27:30.542842726Z","tipoEvento":"HEARTBEAT","bufferSize":0}
2026-08-16 10:27:40,543 INFO  [it.uni.reti2.HeartbeatGenerator] (executor-thread-1) 💓 [HEARTBEAT] Invio heartbeat: {"stazioneId":"TO","stato":"ONLINE","timestamp":"2026-08-16T08:27:40.543126837Z","tipoEvento":"HEARTBEAT","bufferSize":0}
2026-08-16 10:27:50,543 INFO  [it.uni.reti2.HeartbeatGenerator] (executor-thread-1) 💓 [HEARTBEAT] Invio heartbeat: {"stazioneId":"TO","stato":"ONLINE","timestamp":"2026-08-16T08:27:50.542936863Z","tipoEvento":"HEARTBEAT","bufferSize":0}
2026-08-16 10:28:00,543 INFO  [it.uni.reti2.HeartbeatGenerator] (executor-thread-1) 💓 [HEARTBEAT] Invio heartbeat: {"stazioneId":"TO","stato":"ONLINE","timestamp":"2026-08-16T08:28:00.542858001Z","tipoEvento":"HEARTBEAT","bufferSize":0}
2026-08-16 10:28:10,542 INFO  [it.uni.reti2.HeartbeatGenerator] (executor-thread-1) 💓 [HEARTBEAT] Invio heartbeat: {"stazioneId":"TO","stato":"ONLINE","timestamp":"2026-08-16T08:28:10.542852440Z","tipoEvento":"HEARTBEAT","bufferSize":0}
2026-08-16 10:28:20,543 INFO  [it.uni.reti2.HeartbeatGenerator] (executor-thread-1) 💓 [HEARTBEAT] Invio heartbeat: {"stazioneId":"TO","stato":"ONLINE","timestamp":"2026-08-16T08:28:20.542923807Z","tipoEvento":"HEARTBEAT","bufferSize":0}
2026-08-16 10:28:30,542 INFO  [it.uni.reti2.HeartbeatGenerator] (executor-thread-1) 💓 [HEARTBEAT] Invio heartbeat: {"stazioneId":"TO","stato":"ONLINE","timestamp":"2026-08-16T08:28:30.542905217Z","tipoEvento":"HEARTBEAT","bufferSize":0}
2026-08-16 10:28:40,543 INFO  [it.uni.reti2.HeartbeatGenerator] (executor-thread-1) 💓 [HEARTBEAT] Invio heartbeat: {"stazioneId":"TO","stato":"ONLINE","timestamp":"2026-08-16T08:28:40.542963828Z","tipoEvento":"HEARTBEAT","bufferSize":0}
2026-08-16 10:28:50,542 INFO  [it.uni.reti2.HeartbeatGenerator] (executor-thread-1) 💓 [HEARTBEAT] Invio heartbeat: {"stazioneId":"TO","stato":"ONLINE","timestamp":"2026-08-16T08:28:50.542813754Z","tipoEvento":"HEARTBEAT","bufferSize":0}
2026-08-16 10:29:00,542 INFO  [it.uni.reti2.HeartbeatGenerator] (executor-thread-1) 💓 [HEARTBEAT] Invio heartbeat: {"stazioneId":"TO","stato":"ONLINE","timestamp":"2026-08-16T08:29:00.542827098Z","tipoEvento":"HEARTBEAT","bufferSize":0}
2026-08-16 10:29:10,543 INFO  [it.uni.reti2.HeartbeatGenerator] (executor-thread-1) 💓 [HEARTBEAT] Invio heartbeat: {"stazioneId":"TO","stato":"ONLINE","timestamp":"2026-08-16T08:29:10.543221070Z","tipoEvento":"HEARTBEAT","bufferSize":0}
2026-08-16 10:29:20,543 INFO  [it.uni.reti2.HeartbeatGenerator] (executor-thread-1) 💓 [HEARTBEAT] Invio heartbeat: {"stazioneId":"TO","stato":"ONLINE","timestamp":"2026-08-16T08:29:20.542949388Z","tipoEvento":"HEARTBEAT","bufferSize":0}
2026-08-16 10:29:30,543 INFO  [it.uni.reti2.HeartbeatGenerator] (executor-thread-1) 💓 [HEARTBEAT] Invio heartbeat: {"stazioneId":"TO","stato":"ONLINE","timestamp":"2026-08-16T08:29:30.543323935Z","tipoEvento":"HEARTBEAT","bufferSize":0}
2026-08-16 10:29:40,543 INFO  [it.uni.reti2.HeartbeatGenerator] (executor-thread-1) 💓 [HEARTBEAT] Invio heartbeat: {"stazioneId":"TO","stato":"ONLINE","timestamp":"2026-08-16T08:29:40.543074379Z","tipoEvento":"HEARTBEAT","bufferSize":0}
2026-08-16 10:29:50,543 INFO  [it.uni.reti2.HeartbeatGenerator] (executor-thread-1) 💓 [HEARTBEAT] Invio heartbeat: {"stazioneId":"TO","stato":"ONLINE","timestamp":"2026-08-16T08:29:50.542828724Z","tipoEvento":"HEARTBEAT","bufferSize":0}
2026-08-16 10:30:00,543 INFO  [it.uni.reti2.HeartbeatGenerator] (executor-thread-1) 💓 [HEARTBEAT] Invio heartbeat: {"stazioneId":"TO","stato":"ONLINE","timestamp":"2026-08-16T08:30:00.543105013Z","tipoEvento":"HEARTBEAT","bufferSize":0}
2026-08-16 10:30:10,543 INFO  [it.uni.reti2.HeartbeatGenerator] (executor-thread-1) 💓 [HEARTBEAT] Invio heartbeat: {"stazioneId":"TO","stato":"ONLINE","timestamp":"2026-08-16T08:30:10.543118017Z","tipoEvento":"HEARTBEAT","bufferSize":0}
2026-08-16 10:30:20,543 INFO  [it.uni.reti2.HeartbeatGenerator] (executor-thread-1) 💓 [HEARTBEAT] Invio heartbeat: {"stazioneId":"TO","stato":"ONLINE","timestamp":"2026-08-16T08:30:20.542960440Z","tipoEvento":"HEARTBEAT","bufferSize":0}
2026-08-16 10:30:30,543 INFO  [it.uni.reti2.HeartbeatGenerator] (executor-thread-1) 💓 [HEARTBEAT] Invio heartbeat: {"stazioneId":"TO","stato":"ONLINE","timestamp":"2026-08-16T08:30:30.543276221Z","tipoEvento":"HEARTBEAT","bufferSize":0}
2026-08-16 10:30:40,543 INFO  [it.uni.reti2.HeartbeatGenerator] (executor-thread-1) 💓 [HEARTBEAT] Invio heartbeat: {"stazioneId":"TO","stato":"ONLINE","timestamp":"2026-08-16T08:30:40.542968062Z","tipoEvento":"HEARTBEAT","bufferSize":0}
2026-08-16 10:30:50,543 INFO  [it.uni.reti2.HeartbeatGenerator] (executor-thread-1) 💓 [HEARTBEAT] Invio heartbeat: {"stazioneId":"TO","stato":"ONLINE","timestamp":"2026-08-16T08:30:50.543254176Z","tipoEvento":"HEARTBEAT","bufferSize":0}
2026-08-16 10:31:00,543 INFO  [it.uni.reti2.HeartbeatGenerator] (executor-thread-1) 💓 [HEARTBEAT] Invio heartbeat: {"stazioneId":"TO","stato":"ONLINE","timestamp":"2026-08-16T08:31:00.543247583Z","tipoEvento":"HEARTBEAT","bufferSize":0}
2026-08-16 10:31:10,543 INFO  [it.uni.reti2.HeartbeatGenerator] (executor-thread-1) 💓 [HEARTBEAT] Invio heartbeat: {"stazioneId":"TO","stato":"ONLINE","timestamp":"2026-08-16T08:31:10.543318098Z","tipoEvento":"HEARTBEAT","bufferSize":0}
2026-08-16 10:31:20,543 INFO  [it.uni.reti2.HeartbeatGenerator] (executor-thread-1) 💓 [HEARTBEAT] Invio heartbeat: {"stazioneId":"TO","stato":"ONLINE","timestamp":"2026-08-16T08:31:20.543308627Z","tipoEvento":"HEARTBEAT","bufferSize":0}
2026-08-16 10:31:30,543 INFO  [it.uni.reti2.HeartbeatGenerator] (executor-thread-1) 💓 [HEARTBEAT] Invio heartbeat: {"stazioneId":"TO","stato":"ONLINE","timestamp":"2026-08-16T08:31:30.543264259Z","tipoEvento":"HEARTBEAT","bufferSize":0}
2026-08-16 10:31:40,543 INFO  [it.uni.reti2.HeartbeatGenerator] (executor-thread-1) 💓 [HEARTBEAT] Invio heartbeat: {"stazioneId":"TO","stato":"ONLINE","timestamp":"2026-08-16T08:31:40.543218243Z","tipoEvento":"HEARTBEAT","bufferSize":0}
2026-08-16 10:31:50,543 INFO  [it.uni.reti2.HeartbeatGenerator] (executor-thread-1) 💓 [HEARTBEAT] Invio heartbeat: {"stazioneId":"TO","stato":"ONLINE","timestamp":"2026-08-16T08:31:50.543248951Z","tipoEvento":"HEARTBEAT","bufferSize":0}
2026-08-16 10:32:00,543 INFO  [it.uni.reti2.HeartbeatGenerator] (executor-thread-1) 💓 [HEARTBEAT] Invio heartbeat: {"stazioneId":"TO","stato":"ONLINE","timestamp":"2026-08-16T08:32:00.543277473Z","tipoEvento":"HEARTBEAT","bufferSize":0}
2026-08-16 10:32:10,542 INFO  [it.uni.reti2.HeartbeatGenerator] (executor-thread-1) 💓 [HEARTBEAT] Invio heartbeat: {"stazioneId":"TO","stato":"ONLINE","timestamp":"2026-08-16T08:32:10.542861933Z","tipoEvento":"HEARTBEAT","bufferSize":0}
2026-08-16 10:32:20,542 INFO  [it.uni.reti2.HeartbeatGenerator] (executor-thread-1) 💓 [HEARTBEAT] Invio heartbeat: {"stazioneId":"TO","stato":"ONLINE","timestamp":"2026-08-16T08:32:20.542887945Z","tipoEvento":"HEARTBEAT","bufferSize":0}
2026-08-16 10:32:30,542 INFO  [it.uni.reti2.HeartbeatGenerator] (executor-thread-1) 💓 [HEARTBEAT] Invio heartbeat: {"stazioneId":"TO","stato":"ONLINE","timestamp":"2026-08-16T08:32:30.542773505Z","tipoEvento":"HEARTBEAT","bufferSize":0}
2026-08-16 10:32:40,543 INFO  [it.uni.reti2.HeartbeatGenerator] (executor-thread-1) 💓 [HEARTBEAT] Invio heartbeat: {"stazioneId":"TO","stato":"ONLINE","timestamp":"2026-08-16T08:32:40.543278468Z","tipoEvento":"HEARTBEAT","bufferSize":0}
2026-08-16 10:32:50,543 INFO  [it.uni.reti2.HeartbeatGenerator] (executor-thread-1) 💓 [HEARTBEAT] Invio heartbeat: {"stazioneId":"TO","stato":"ONLINE","timestamp":"2026-08-16T08:32:50.543258823Z","tipoEvento":"HEARTBEAT","bufferSize":0}
2026-08-16 10:33:00,542 INFO  [it.uni.reti2.HeartbeatGenerator] (executor-thread-1) 💓 [HEARTBEAT] Invio heartbeat: {"stazioneId":"TO","stato":"ONLINE","timestamp":"2026-08-16T08:33:00.542806686Z","tipoEvento":"HEARTBEAT","bufferSize":0}
2026-08-16 10:33:10,543 INFO  [it.uni.reti2.HeartbeatGenerator] (executor-thread-1) 💓 [HEARTBEAT] Invio heartbeat: {"stazioneId":"TO","stato":"ONLINE","timestamp":"2026-08-16T08:33:10.542959793Z","tipoEvento":"HEARTBEAT","bufferSize":0}
2026-08-16 10:33:20,543 INFO  [it.uni.reti2.HeartbeatGenerator] (executor-thread-1) 💓 [HEARTBEAT] Invio heartbeat: {"stazioneId":"TO","stato":"ONLINE","timestamp":"2026-08-16T08:33:20.543272807Z","tipoEvento":"HEARTBEAT","bufferSize":0}
2026-08-16 10:33:30,542 INFO  [it.uni.reti2.HeartbeatGenerator] (executor-thread-1) 💓 [HEARTBEAT] Invio heartbeat: {"stazioneId":"TO","stato":"ONLINE","timestamp":"2026-08-16T08:33:30.542793837Z","tipoEvento":"HEARTBEAT","bufferSize":0}
2026-08-16 10:33:40,543 INFO  [it.uni.reti2.HeartbeatGenerator] (executor-thread-1) 💓 [HEARTBEAT] Invio heartbeat: {"stazioneId":"TO","stato":"ONLINE","timestamp":"2026-08-16T08:33:40.542879614Z","tipoEvento":"HEARTBEAT","bufferSize":0}
2026-08-16 10:33:50,542 INFO  [it.uni.reti2.HeartbeatGenerator] (executor-thread-1) 💓 [HEARTBEAT] Invio heartbeat: {"stazioneId":"TO","stato":"ONLINE","timestamp":"2026-08-16T08:33:50.542802554Z","tipoEvento":"HEARTBEAT","bufferSize":0}
2026-08-16 10:34:00,542 INFO  [it.uni.reti2.HeartbeatGenerator] (executor-thread-1) 💓 [HEARTBEAT] Invio heartbeat: {"stazioneId":"TO","stato":"ONLINE","timestamp":"2026-08-16T08:34:00.542760286Z","tipoEvento":"HEARTBEAT","bufferSize":0}
2026-08-16 10:34:10,542 INFO  [it.uni.reti2.HeartbeatGenerator] (executor-thread-1) 💓 [HEARTBEAT] Invio heartbeat: {"stazioneId":"TO","stato":"ONLINE","timestamp":"2026-08-16T08:34:10.542810061Z","tipoEvento":"HEARTBEAT","bufferSize":0}
2026-08-16 10:34:20,543 INFO  [it.uni.reti2.HeartbeatGenerator] (executor-thread-1) 💓 [HEARTBEAT] Invio heartbeat: {"stazioneId":"TO","stato":"ONLINE","timestamp":"2026-08-16T08:34:20.542931644Z","tipoEvento":"HEARTBEAT","bufferSize":0}
2026-08-16 10:34:30,543 INFO  [it.uni.reti2.HeartbeatGenerator] (executor-thread-1) 💓 [HEARTBEAT] Invio heartbeat: {"stazioneId":"TO","stato":"ONLINE","timestamp":"2026-08-16T08:34:30.543161325Z","tipoEvento":"HEARTBEAT","bufferSize":0}
2026-08-16 10:34:40,542 INFO  [it.uni.reti2.HeartbeatGenerator] (executor-thread-1) 💓 [HEARTBEAT] Invio heartbeat: {"stazioneId":"TO","stato":"ONLINE","timestamp":"2026-08-16T08:34:40.542849154Z","tipoEvento":"HEARTBEAT","bufferSize":0}
2026-08-16 10:34:50,542 INFO  [it.uni.reti2.HeartbeatGenerator] (executor-thread-1) 💓 [HEARTBEAT] Invio heartbeat: {"stazioneId":"TO","stato":"ONLINE","timestamp":"2026-08-16T08:34:50.542846272Z","tipoEvento":"HEARTBEAT","bufferSize":0}
2026-08-16 10:35:00,543 INFO  [it.uni.reti2.HeartbeatGenerator] (executor-thread-1) 💓 [HEARTBEAT] Invio heartbeat: {"stazioneId":"TO","stato":"ONLINE","timestamp":"2026-08-16T08:35:00.543245324Z","tipoEvento":"HEARTBEAT","bufferSize":0}
2026-08-16 10:35:10,542 INFO  [it.uni.reti2.HeartbeatGenerator] (executor-thread-1) 💓 [HEARTBEAT] Invio heartbeat: {"stazioneId":"TO","stato":"ONLINE","timestamp":"2026-08-16T08:35:10.542804685Z","tipoEvento":"HEARTBEAT","bufferSize":0}
2026-08-16 10:35:20,542 INFO  [it.uni.reti2.HeartbeatGenerator] (executor-thread-1) 💓 [HEARTBEAT] Invio heartbeat: {"stazioneId":"TO","stato":"ONLINE","timestamp":"2026-08-16T08:35:20.542798253Z","tipoEvento":"HEARTBEAT","bufferSize":0}
2026-08-16 10:35:30,542 INFO  [it.uni.reti2.HeartbeatGenerator] (executor-thread-1) 💓 [HEARTBEAT] Invio heartbeat: {"stazioneId":"TO","stato":"ONLINE","timestamp":"2026-08-16T08:35:30.542843217Z","tipoEvento":"HEARTBEAT","bufferSize":0}
2026-08-16 10:35:40,542 INFO  [it.uni.reti2.HeartbeatGenerator] (executor-thread-1) 💓 [HEARTBEAT] Invio heartbeat: {"stazioneId":"TO","stato":"ONLINE","timestamp":"2026-08-16T08:35:40.542822398Z","tipoEvento":"HEARTBEAT","bufferSize":0}
2026-08-16 10:35:50,543 INFO  [it.uni.reti2.HeartbeatGenerator] (executor-thread-1) 💓 [HEARTBEAT] Invio heartbeat: {"stazioneId":"TO","stato":"ONLINE","timestamp":"2026-08-16T08:35:50.543231801Z","tipoEvento":"HEARTBEAT","bufferSize":0}
2026-08-16 10:36:00,543 INFO  [it.uni.reti2.HeartbeatGenerator] (executor-thread-1) 💓 [HEARTBEAT] Invio heartbeat: {"stazioneId":"TO","stato":"ONLINE","timestamp":"2026-08-16T08:36:00.543193951Z","tipoEvento":"HEARTBEAT","bufferSize":0}
2026-08-16 10:36:10,542 INFO  [it.uni.reti2.HeartbeatGenerator] (executor-thread-1) 💓 [HEARTBEAT] Invio heartbeat: {"stazioneId":"TO","stato":"ONLINE","timestamp":"2026-08-16T08:36:10.542845786Z","tipoEvento":"HEARTBEAT","bufferSize":0}
2026-08-16 10:36:20,543 INFO  [it.uni.reti2.HeartbeatGenerator] (executor-thread-1) 💓 [HEARTBEAT] Invio heartbeat: {"stazioneId":"TO","stato":"ONLINE","timestamp":"2026-08-16T08:36:20.542909283Z","tipoEvento":"HEARTBEAT","bufferSize":0}
2026-08-16 10:36:30,543 INFO  [it.uni.reti2.HeartbeatGenerator] (executor-thread-1) 💓 [HEARTBEAT] Invio heartbeat: {"stazioneId":"TO","stato":"ONLINE","timestamp":"2026-08-16T08:36:30.543264812Z","tipoEvento":"HEARTBEAT","bufferSize":0}
2026-08-16 10:36:40,543 INFO  [it.uni.reti2.HeartbeatGenerator] (executor-thread-1) 💓 [HEARTBEAT] Invio heartbeat: {"stazioneId":"TO","stato":"ONLINE","timestamp":"2026-08-16T08:36:40.542891964Z","tipoEvento":"HEARTBEAT","bufferSize":0}
2026-08-16 10:36:50,543 INFO  [it.uni.reti2.HeartbeatGenerator] (executor-thread-1) 💓 [HEARTBEAT] Invio heartbeat: {"stazioneId":"TO","stato":"ONLINE","timestamp":"2026-08-16T08:36:50.543250026Z","tipoEvento":"HEARTBEAT","bufferSize":0}
2026-08-16 10:37:00,542 INFO  [it.uni.reti2.HeartbeatGenerator] (executor-thread-1) 💓 [HEARTBEAT] Invio heartbeat: {"stazioneId":"TO","stato":"ONLINE","timestamp":"2026-08-16T08:37:00.542871860Z","tipoEvento":"HEARTBEAT","bufferSize":0}
2026-08-16 10:37:10,543 INFO  [it.uni.reti2.HeartbeatGenerator] (executor-thread-1) 💓 [HEARTBEAT] Invio heartbeat: {"stazioneId":"TO","stato":"ONLINE","timestamp":"2026-08-16T08:37:10.543283626Z","tipoEvento":"HEARTBEAT","bufferSize":0}
2026-08-16 10:37:20,542 INFO  [it.uni.reti2.HeartbeatGenerator] (executor-thread-1) 💓 [HEARTBEAT] Invio heartbeat: {"stazioneId":"TO","stato":"ONLINE","timestamp":"2026-08-16T08:37:20.542847139Z","tipoEvento":"HEARTBEAT","bufferSize":0}
2026-08-16 10:37:30,543 INFO  [it.uni.reti2.HeartbeatGenerator] (executor-thread-1) 💓 [HEARTBEAT] Invio heartbeat: {"stazioneId":"TO","stato":"ONLINE","timestamp":"2026-08-16T08:37:30.542955699Z","tipoEvento":"HEARTBEAT","bufferSize":0}
2026-08-16 10:37:40,542 INFO  [it.uni.reti2.HeartbeatGenerator] (executor-thread-1) 💓 [HEARTBEAT] Invio heartbeat: {"stazioneId":"TO","stato":"ONLINE","timestamp":"2026-08-16T08:37:40.542813596Z","tipoEvento":"HEARTBEAT","bufferSize":0}
2026-08-16 10:37:50,542 INFO  [it.uni.reti2.HeartbeatGenerator] (executor-thread-1) 💓 [HEARTBEAT] Invio heartbeat: {"stazioneId":"TO","stato":"ONLINE","timestamp":"2026-08-16T08:37:50.542843008Z","tipoEvento":"HEARTBEAT","bufferSize":0}
2026-08-16 10:38:00,543 INFO  [it.uni.reti2.HeartbeatGenerator] (executor-thread-1) 💓 [HEARTBEAT] Invio heartbeat: {"stazioneId":"TO","stato":"ONLINE","timestamp":"2026-08-16T08:38:00.543292563Z","tipoEvento":"HEARTBEAT","bufferSize":0}
2026-08-16 10:38:10,543 INFO  [it.uni.reti2.HeartbeatGenerator] (executor-thread-1) 💓 [HEARTBEAT] Invio heartbeat: {"stazioneId":"TO","stato":"ONLINE","timestamp":"2026-08-16T08:38:10.543133060Z","tipoEvento":"HEARTBEAT","bufferSize":0}
2026-08-16 10:38:20,542 INFO  [it.uni.reti2.HeartbeatGenerator] (executor-thread-1) 💓 [HEARTBEAT] Invio heartbeat: {"stazioneId":"TO","stato":"ONLINE","timestamp":"2026-08-16T08:38:20.542833343Z","tipoEvento":"HEARTBEAT","bufferSize":0}
2026-08-16 10:38:30,543 INFO  [it.uni.reti2.HeartbeatGenerator] (executor-thread-1) 💓 [HEARTBEAT] Invio heartbeat: {"stazioneId":"TO","stato":"ONLINE","timestamp":"2026-08-16T08:38:30.542910961Z","tipoEvento":"HEARTBEAT","bufferSize":0}
2026-08-16 10:38:40,543 INFO  [it.uni.reti2.HeartbeatGenerator] (executor-thread-1) 💓 [HEARTBEAT] Invio heartbeat: {"stazioneId":"TO","stato":"ONLINE","timestamp":"2026-08-16T08:38:40.543221765Z","tipoEvento":"HEARTBEAT","bufferSize":0}
2026-08-16 10:38:50,543 INFO  [it.uni.reti2.HeartbeatGenerator] (executor-thread-1) 💓 [HEARTBEAT] Invio heartbeat: {"stazioneId":"TO","stato":"ONLINE","timestamp":"2026-08-16T08:38:50.543374304Z","tipoEvento":"HEARTBEAT","bufferSize":0}
2026-08-16 10:39:00,543 INFO  [it.uni.reti2.HeartbeatGenerator] (executor-thread-1) 💓 [HEARTBEAT] Invio heartbeat: {"stazioneId":"TO","stato":"ONLINE","timestamp":"2026-08-16T08:39:00.543326324Z","tipoEvento":"HEARTBEAT","bufferSize":0}
2026-08-16 10:39:10,543 INFO  [it.uni.reti2.HeartbeatGenerator] (executor-thread-1) 💓 [HEARTBEAT] Invio heartbeat: {"stazioneId":"TO","stato":"ONLINE","timestamp":"2026-08-16T08:39:10.543141522Z","tipoEvento":"HEARTBEAT","bufferSize":0}
2026-08-16 10:39:20,543 INFO  [it.uni.reti2.HeartbeatGenerator] (executor-thread-1) 💓 [HEARTBEAT] Invio heartbeat: {"stazioneId":"TO","stato":"ONLINE","timestamp":"2026-08-16T08:39:20.543221771Z","tipoEvento":"HEARTBEAT","bufferSize":0}
2026-08-16 10:39:30,543 INFO  [it.uni.reti2.HeartbeatGenerator] (executor-thread-1) 💓 [HEARTBEAT] Invio heartbeat: {"stazioneId":"TO","stato":"ONLINE","timestamp":"2026-08-16T08:39:30.543272403Z","tipoEvento":"HEARTBEAT","bufferSize":0}
2026-08-16 10:39:40,543 INFO  [it.uni.reti2.HeartbeatGenerator] (executor-thread-1) 💓 [HEARTBEAT] Invio heartbeat: {"stazioneId":"TO","stato":"ONLINE","timestamp":"2026-08-16T08:39:40.543289402Z","tipoEvento":"HEARTBEAT","bufferSize":0}
2026-08-16 10:39:50,542 INFO  [it.uni.reti2.HeartbeatGenerator] (executor-thread-1) 💓 [HEARTBEAT] Invio heartbeat: {"stazioneId":"TO","stato":"ONLINE","timestamp":"2026-08-16T08:39:50.542743343Z","tipoEvento":"HEARTBEAT","bufferSize":0}
2026-08-16 10:40:00,543 INFO  [it.uni.reti2.HeartbeatGenerator] (executor-thread-1) 💓 [HEARTBEAT] Invio heartbeat: {"stazioneId":"TO","stato":"ONLINE","timestamp":"2026-08-16T08:40:00.542892386Z","tipoEvento":"HEARTBEAT","bufferSize":0}
2026-08-16 10:40:10,543 INFO  [it.uni.reti2.HeartbeatGenerator] (executor-thread-1) 💓 [HEARTBEAT] Invio heartbeat: {"stazioneId":"TO","stato":"ONLINE","timestamp":"2026-08-16T08:40:10.543309307Z","tipoEvento":"HEARTBEAT","bufferSize":0}
2026-08-16 10:40:20,543 INFO  [it.uni.reti2.HeartbeatGenerator] (executor-thread-1) 💓 [HEARTBEAT] Invio heartbeat: {"stazioneId":"TO","stato":"ONLINE","timestamp":"2026-08-16T08:40:20.543659751Z","tipoEvento":"HEARTBEAT","bufferSize":0}
2026-08-16 10:40:30,543 INFO  [it.uni.reti2.HeartbeatGenerator] (executor-thread-1) 💓 [HEARTBEAT] Invio heartbeat: {"stazioneId":"TO","stato":"ONLINE","timestamp":"2026-08-16T08:40:30.543279573Z","tipoEvento":"HEARTBEAT","bufferSize":0}
2026-08-16 10:40:40,542 INFO  [it.uni.reti2.HeartbeatGenerator] (executor-thread-1) 💓 [HEARTBEAT] Invio heartbeat: {"stazioneId":"TO","stato":"ONLINE","timestamp":"2026-08-16T08:40:40.542840876Z","tipoEvento":"HEARTBEAT","bufferSize":0}
2026-08-16 10:40:50,543 INFO  [it.uni.reti2.HeartbeatGenerator] (executor-thread-1) 💓 [HEARTBEAT] Invio heartbeat: {"stazioneId":"TO","stato":"ONLINE","timestamp":"2026-08-16T08:40:50.542867203Z","tipoEvento":"HEARTBEAT","bufferSize":0}
2026-08-16 10:41:00,542 INFO  [it.uni.reti2.HeartbeatGenerator] (executor-thread-1) 💓 [HEARTBEAT] Invio heartbeat: {"stazioneId":"TO","stato":"ONLINE","timestamp":"2026-08-16T08:41:00.542808489Z","tipoEvento":"HEARTBEAT","bufferSize":0}
2026-08-16 10:41:10,542 INFO  [it.uni.reti2.HeartbeatGenerator] (executor-thread-1) 💓 [HEARTBEAT] Invio heartbeat: {"stazioneId":"TO","stato":"ONLINE","timestamp":"2026-08-16T08:41:10.542741050Z","tipoEvento":"HEARTBEAT","bufferSize":0}
2026-08-16 10:41:20,542 INFO  [it.uni.reti2.HeartbeatGenerator] (executor-thread-1) 💓 [HEARTBEAT] Invio heartbeat: {"stazioneId":"TO","stato":"ONLINE","timestamp":"2026-08-16T08:41:20.542832169Z","tipoEvento":"HEARTBEAT","bufferSize":0}
2026-08-16 10:41:30,543 INFO  [it.uni.reti2.HeartbeatGenerator] (executor-thread-1) 💓 [HEARTBEAT] Invio heartbeat: {"stazioneId":"TO","stato":"ONLINE","timestamp":"2026-08-16T08:41:30.542881720Z","tipoEvento":"HEARTBEAT","bufferSize":0}
2026-08-16 10:41:40,543 INFO  [it.uni.reti2.HeartbeatGenerator] (executor-thread-1) 💓 [HEARTBEAT] Invio heartbeat: {"stazioneId":"TO","stato":"ONLINE","timestamp":"2026-08-16T08:41:40.543255448Z","tipoEvento":"HEARTBEAT","bufferSize":0}
2026-08-16 10:41:50,543 INFO  [it.uni.reti2.HeartbeatGenerator] (executor-thread-1) 💓 [HEARTBEAT] Invio heartbeat: {"stazioneId":"TO","stato":"ONLINE","timestamp":"2026-08-16T08:41:50.543284517Z","tipoEvento":"HEARTBEAT","bufferSize":0}
2026-08-16 10:42:00,543 INFO  [it.uni.reti2.HeartbeatGenerator] (executor-thread-1) 💓 [HEARTBEAT] Invio heartbeat: {"stazioneId":"TO","stato":"ONLINE","timestamp":"2026-08-16T08:42:00.543232529Z","tipoEvento":"HEARTBEAT","bufferSize":0}
2026-08-16 10:42:10,542 INFO  [it.uni.reti2.HeartbeatGenerator] (executor-thread-1) 💓 [HEARTBEAT] Invio heartbeat: {"stazioneId":"TO","stato":"ONLINE","timestamp":"2026-08-16T08:42:10.542828447Z","tipoEvento":"HEARTBEAT","bufferSize":0}
2026-08-16 10:42:20,543 INFO  [it.uni.reti2.HeartbeatGenerator] (executor-thread-1) 💓 [HEARTBEAT] Invio heartbeat: {"stazioneId":"TO","stato":"ONLINE","timestamp":"2026-08-16T08:42:20.543311351Z","tipoEvento":"HEARTBEAT","bufferSize":0}
2026-08-16 10:42:30,543 INFO  [it.uni.reti2.HeartbeatGenerator] (executor-thread-1) 💓 [HEARTBEAT] Invio heartbeat: {"stazioneId":"TO","stato":"ONLINE","timestamp":"2026-08-16T08:42:30.543285300Z","tipoEvento":"HEARTBEAT","bufferSize":0}
2026-08-16 10:42:40,542 INFO  [it.uni.reti2.HeartbeatGenerator] (executor-thread-1) 💓 [HEARTBEAT] Invio heartbeat: {"stazioneId":"TO","stato":"ONLINE","timestamp":"2026-08-16T08:42:40.542854309Z","tipoEvento":"HEARTBEAT","bufferSize":0}
2026-08-16 10:42:50,542 INFO  [it.uni.reti2.HeartbeatGenerator] (executor-thread-1) 💓 [HEARTBEAT] Invio heartbeat: {"stazioneId":"TO","stato":"ONLINE","timestamp":"2026-08-16T08:42:50.542828391Z","tipoEvento":"HEARTBEAT","bufferSize":0}
2026-08-16 10:43:00,543 INFO  [it.uni.reti2.HeartbeatGenerator] (executor-thread-1) 💓 [HEARTBEAT] Invio heartbeat: {"stazioneId":"TO","stato":"ONLINE","timestamp":"2026-08-16T08:43:00.542964020Z","tipoEvento":"HEARTBEAT","bufferSize":0}
2026-08-16 10:43:10,543 INFO  [it.uni.reti2.HeartbeatGenerator] (executor-thread-1) 💓 [HEARTBEAT] Invio heartbeat: {"stazioneId":"TO","stato":"ONLINE","timestamp":"2026-08-16T08:43:10.543124025Z","tipoEvento":"HEARTBEAT","bufferSize":0}
2026-08-16 10:43:20,543 INFO  [it.uni.reti2.HeartbeatGenerator] (executor-thread-1) 💓 [HEARTBEAT] Invio heartbeat: {"stazioneId":"TO","stato":"ONLINE","timestamp":"2026-08-16T08:43:20.542958839Z","tipoEvento":"HEARTBEAT","bufferSize":0}
2026-08-16 10:43:30,542 INFO  [it.uni.reti2.HeartbeatGenerator] (executor-thread-1) 💓 [HEARTBEAT] Invio heartbeat: {"stazioneId":"TO","stato":"ONLINE","timestamp":"2026-08-16T08:43:30.542841158Z","tipoEvento":"HEARTBEAT","bufferSize":0}
2026-08-16 10:43:40,543 INFO  [it.uni.reti2.HeartbeatGenerator] (executor-thread-1) 💓 [HEARTBEAT] Invio heartbeat: {"stazioneId":"TO","stato":"ONLINE","timestamp":"2026-08-16T08:43:40.543108763Z","tipoEvento":"HEARTBEAT","bufferSize":0}
2026-08-16 10:43:50,543 INFO  [it.uni.reti2.HeartbeatGenerator] (executor-thread-1) 💓 [HEARTBEAT] Invio heartbeat: {"stazioneId":"TO","stato":"ONLINE","timestamp":"2026-08-16T08:43:50.543182008Z","tipoEvento":"HEARTBEAT","bufferSize":0}
2026-08-16 10:44:00,543 INFO  [it.uni.reti2.HeartbeatGenerator] (executor-thread-1) 💓 [HEARTBEAT] Invio heartbeat: {"stazioneId":"TO","stato":"ONLINE","timestamp":"2026-08-16T08:44:00.543336116Z","tipoEvento":"HEARTBEAT","bufferSize":0}
2026-08-16 10:44:10,543 INFO  [it.uni.reti2.HeartbeatGenerator] (executor-thread-1) 💓 [HEARTBEAT] Invio heartbeat: {"stazioneId":"TO","stato":"ONLINE","timestamp":"2026-08-16T08:44:10.543054916Z","tipoEvento":"HEARTBEAT","bufferSize":0}
2026-08-16 10:44:20,542 INFO  [it.uni.reti2.HeartbeatGenerator] (executor-thread-1) 💓 [HEARTBEAT] Invio heartbeat: {"stazioneId":"TO","stato":"ONLINE","timestamp":"2026-08-16T08:44:20.542806930Z","tipoEvento":"HEARTBEAT","bufferSize":0}
2026-08-16 10:44:30,543 INFO  [it.uni.reti2.HeartbeatGenerator] (executor-thread-1) 💓 [HEARTBEAT] Invio heartbeat: {"stazioneId":"TO","stato":"ONLINE","timestamp":"2026-08-16T08:44:30.543277909Z","tipoEvento":"HEARTBEAT","bufferSize":0}
2026-08-16 10:44:40,543 INFO  [it.uni.reti2.HeartbeatGenerator] (executor-thread-1) 💓 [HEARTBEAT] Invio heartbeat: {"stazioneId":"TO","stato":"ONLINE","timestamp":"2026-08-16T08:44:40.543273612Z","tipoEvento":"HEARTBEAT","bufferSize":0}
2026-08-16 10:44:50,543 INFO  [it.uni.reti2.HeartbeatGenerator] (executor-thread-1) 💓 [HEARTBEAT] Invio heartbeat: {"stazioneId":"TO","stato":"ONLINE","timestamp":"2026-08-16T08:44:50.543250130Z","tipoEvento":"HEARTBEAT","bufferSize":0}
2026-08-16 10:45:00,542 INFO  [it.uni.reti2.HeartbeatGenerator] (executor-thread-1) 💓 [HEARTBEAT] Invio heartbeat: {"stazioneId":"TO","stato":"ONLINE","timestamp":"2026-08-16T08:45:00.542830703Z","tipoEvento":"HEARTBEAT","bufferSize":0}
2026-08-16 10:45:10,543 INFO  [it.uni.reti2.HeartbeatGenerator] (executor-thread-1) 💓 [HEARTBEAT] Invio heartbeat: {"stazioneId":"TO","stato":"ONLINE","timestamp":"2026-08-16T08:45:10.543210841Z","tipoEvento":"HEARTBEAT","bufferSize":0}
2026-08-16 10:45:20,543 INFO  [it.uni.reti2.HeartbeatGenerator] (executor-thread-1) 💓 [HEARTBEAT] Invio heartbeat: {"stazioneId":"TO","stato":"ONLINE","timestamp":"2026-08-16T08:45:20.543297382Z","tipoEvento":"HEARTBEAT","bufferSize":0}
2026-08-16 10:45:30,543 INFO  [it.uni.reti2.HeartbeatGenerator] (executor-thread-1) 💓 [HEARTBEAT] Invio heartbeat: {"stazioneId":"TO","stato":"ONLINE","timestamp":"2026-08-16T08:45:30.543292482Z","tipoEvento":"HEARTBEAT","bufferSize":0}
2026-08-16 10:45:40,543 INFO  [it.uni.reti2.HeartbeatGenerator] (executor-thread-1) 💓 [HEARTBEAT] Invio heartbeat: {"stazioneId":"TO","stato":"ONLINE","timestamp":"2026-08-16T08:45:40.543255018Z","tipoEvento":"HEARTBEAT","bufferSize":0}
2026-08-16 10:45:50,543 INFO  [it.uni.reti2.HeartbeatGenerator] (executor-thread-1) 💓 [HEARTBEAT] Invio heartbeat: {"stazioneId":"TO","stato":"ONLINE","timestamp":"2026-08-16T08:45:50.543111833Z","tipoEvento":"HEARTBEAT","bufferSize":0}
2026-08-16 10:46:00,543 INFO  [it.uni.reti2.HeartbeatGenerator] (executor-thread-1) 💓 [HEARTBEAT] Invio heartbeat: {"stazioneId":"TO","stato":"ONLINE","timestamp":"2026-08-16T08:46:00.543142670Z","tipoEvento":"HEARTBEAT","bufferSize":0}
2026-08-16 10:46:10,543 INFO  [it.uni.reti2.HeartbeatGenerator] (executor-thread-1) 💓 [HEARTBEAT] Invio heartbeat: {"stazioneId":"TO","stato":"ONLINE","timestamp":"2026-08-16T08:46:10.542918060Z","tipoEvento":"HEARTBEAT","bufferSize":0}
2026-08-16 10:46:20,543 INFO  [it.uni.reti2.HeartbeatGenerator] (executor-thread-1) 💓 [HEARTBEAT] Invio heartbeat: {"stazioneId":"TO","stato":"ONLINE","timestamp":"2026-08-16T08:46:20.543237019Z","tipoEvento":"HEARTBEAT","bufferSize":0}
2026-08-16 10:46:30,543 INFO  [it.uni.reti2.HeartbeatGenerator] (executor-thread-1) 💓 [HEARTBEAT] Invio heartbeat: {"stazioneId":"TO","stato":"ONLINE","timestamp":"2026-08-16T08:46:30.542961331Z","tipoEvento":"HEARTBEAT","bufferSize":0}
2026-08-16 10:46:40,543 INFO  [it.uni.reti2.HeartbeatGenerator] (executor-thread-1) 💓 [HEARTBEAT] Invio heartbeat: {"stazioneId":"TO","stato":"ONLINE","timestamp":"2026-08-16T08:46:40.543297921Z","tipoEvento":"HEARTBEAT","bufferSize":0}
2026-08-16 10:46:50,542 INFO  [it.uni.reti2.HeartbeatGenerator] (executor-thread-1) 💓 [HEARTBEAT] Invio heartbeat: {"stazioneId":"TO","stato":"ONLINE","timestamp":"2026-08-16T08:46:50.542837520Z","tipoEvento":"HEARTBEAT","bufferSize":0}
2026-08-16 10:47:00,542 INFO  [it.uni.reti2.HeartbeatGenerator] (executor-thread-1) 💓 [HEARTBEAT] Invio heartbeat: {"stazioneId":"TO","stato":"ONLINE","timestamp":"2026-08-16T08:47:00.542808461Z","tipoEvento":"HEARTBEAT","bufferSize":0}
2026-08-16 10:47:10,543 INFO  [it.uni.reti2.HeartbeatGenerator] (executor-thread-1) 💓 [HEARTBEAT] Invio heartbeat: {"stazioneId":"TO","stato":"ONLINE","timestamp":"2026-08-16T08:47:10.543432939Z","tipoEvento":"HEARTBEAT","bufferSize":0}
2026-08-16 10:47:20,542 INFO  [it.uni.reti2.HeartbeatGenerator] (executor-thread-1) 💓 [HEARTBEAT] Invio heartbeat: {"stazioneId":"TO","stato":"ONLINE","timestamp":"2026-08-16T08:47:20.542810777Z","tipoEvento":"HEARTBEAT","bufferSize":0}
2026-08-16 10:47:30,542 INFO  [it.uni.reti2.HeartbeatGenerator] (executor-thread-1) 💓 [HEARTBEAT] Invio heartbeat: {"stazioneId":"TO","stato":"ONLINE","timestamp":"2026-08-16T08:47:30.542827884Z","tipoEvento":"HEARTBEAT","bufferSize":0}
2026-08-16 10:47:40,543 INFO  [it.uni.reti2.HeartbeatGenerator] (executor-thread-1) 💓 [HEARTBEAT] Invio heartbeat: {"stazioneId":"TO","stato":"ONLINE","timestamp":"2026-08-16T08:47:40.543283073Z","tipoEvento":"HEARTBEAT","bufferSize":0}
2026-08-16 10:47:50,543 INFO  [it.uni.reti2.HeartbeatGenerator] (executor-thread-1) 💓 [HEARTBEAT] Invio heartbeat: {"stazioneId":"TO","stato":"ONLINE","timestamp":"2026-08-16T08:47:50.543005618Z","tipoEvento":"HEARTBEAT","bufferSize":0}
2026-08-16 10:48:00,542 INFO  [it.uni.reti2.HeartbeatGenerator] (executor-thread-1) 💓 [HEARTBEAT] Invio heartbeat: {"stazioneId":"TO","stato":"ONLINE","timestamp":"2026-08-16T08:48:00.542780131Z","tipoEvento":"HEARTBEAT","bufferSize":0}
2026-08-16 10:48:10,543 INFO  [it.uni.reti2.HeartbeatGenerator] (executor-thread-1) 💓 [HEARTBEAT] Invio heartbeat: {"stazioneId":"TO","stato":"ONLINE","timestamp":"2026-08-16T08:48:10.543254107Z","tipoEvento":"HEARTBEAT","bufferSize":0}
2026-08-16 10:48:20,542 INFO  [it.uni.reti2.HeartbeatGenerator] (executor-thread-1) 💓 [HEARTBEAT] Invio heartbeat: {"stazioneId":"TO","stato":"ONLINE","timestamp":"2026-08-16T08:48:20.542796972Z","tipoEvento":"HEARTBEAT","bufferSize":0}
2026-08-16 10:48:30,543 INFO  [it.uni.reti2.HeartbeatGenerator] (executor-thread-1) 💓 [HEARTBEAT] Invio heartbeat: {"stazioneId":"TO","stato":"ONLINE","timestamp":"2026-08-16T08:48:30.543246245Z","tipoEvento":"HEARTBEAT","bufferSize":0}
2026-08-16 10:48:40,543 INFO  [it.uni.reti2.HeartbeatGenerator] (executor-thread-1) 💓 [HEARTBEAT] Invio heartbeat: {"stazioneId":"TO","stato":"ONLINE","timestamp":"2026-08-16T08:48:40.543264798Z","tipoEvento":"HEARTBEAT","bufferSize":0}
2026-08-16 10:48:50,543 INFO  [it.uni.reti2.HeartbeatGenerator] (executor-thread-1) 💓 [HEARTBEAT] Invio heartbeat: {"stazioneId":"TO","stato":"ONLINE","timestamp":"2026-08-16T08:48:50.543333461Z","tipoEvento":"HEARTBEAT","bufferSize":0}
2026-08-16 10:49:00,543 INFO  [it.uni.reti2.HeartbeatGenerator] (executor-thread-1) 💓 [HEARTBEAT] Invio heartbeat: {"stazioneId":"TO","stato":"ONLINE","timestamp":"2026-08-16T08:49:00.543237895Z","tipoEvento":"HEARTBEAT","bufferSize":0}
2026-08-16 10:49:10,543 INFO  [it.uni.reti2.HeartbeatGenerator] (executor-thread-1) 💓 [HEARTBEAT] Invio heartbeat: {"stazioneId":"TO","stato":"ONLINE","timestamp":"2026-08-16T08:49:10.543111795Z","tipoEvento":"HEARTBEAT","bufferSize":0}
2026-08-16 10:49:20,542 INFO  [it.uni.reti2.HeartbeatGenerator] (executor-thread-1) 💓 [HEARTBEAT] Invio heartbeat: {"stazioneId":"TO","stato":"ONLINE","timestamp":"2026-08-16T08:49:20.542822886Z","tipoEvento":"HEARTBEAT","bufferSize":0}
2026-08-16 10:49:30,543 INFO  [it.uni.reti2.HeartbeatGenerator] (executor-thread-1) 💓 [HEARTBEAT] Invio heartbeat: {"stazioneId":"TO","stato":"ONLINE","timestamp":"2026-08-16T08:49:30.543262435Z","tipoEvento":"HEARTBEAT","bufferSize":0}
2026-08-16 10:49:40,543 INFO  [it.uni.reti2.HeartbeatGenerator] (executor-thread-1) 💓 [HEARTBEAT] Invio heartbeat: {"stazioneId":"TO","stato":"ONLINE","timestamp":"2026-08-16T08:49:40.542836445Z","tipoEvento":"HEARTBEAT","bufferSize":0}
2026-08-16 10:49:50,543 INFO  [it.uni.reti2.HeartbeatGenerator] (executor-thread-1) 💓 [HEARTBEAT] Invio heartbeat: {"stazioneId":"TO","stato":"ONLINE","timestamp":"2026-08-16T08:49:50.543477020Z","tipoEvento":"HEARTBEAT","bufferSize":0}
2026-08-16 10:50:00,543 INFO  [it.uni.reti2.HeartbeatGenerator] (executor-thread-1) 💓 [HEARTBEAT] Invio heartbeat: {"stazioneId":"TO","stato":"ONLINE","timestamp":"2026-08-16T08:50:00.543361750Z","tipoEvento":"HEARTBEAT","bufferSize":0}
2026-08-16 10:50:10,542 INFO  [it.uni.reti2.HeartbeatGenerator] (executor-thread-1) 💓 [HEARTBEAT] Invio heartbeat: {"stazioneId":"TO","stato":"ONLINE","timestamp":"2026-08-16T08:50:10.542763907Z","tipoEvento":"HEARTBEAT","bufferSize":0}
2026-08-16 10:50:20,542 INFO  [it.uni.reti2.HeartbeatGenerator] (executor-thread-1) 💓 [HEARTBEAT] Invio heartbeat: {"stazioneId":"TO","stato":"ONLINE","timestamp":"2026-08-16T08:50:20.542842300Z","tipoEvento":"HEARTBEAT","bufferSize":0}
2026-08-16 10:50:30,543 INFO  [it.uni.reti2.HeartbeatGenerator] (executor-thread-1) 💓 [HEARTBEAT] Invio heartbeat: {"stazioneId":"TO","stato":"ONLINE","timestamp":"2026-08-16T08:50:30.543056231Z","tipoEvento":"HEARTBEAT","bufferSize":0}
2026-08-16 10:50:40,543 INFO  [it.uni.reti2.HeartbeatGenerator] (executor-thread-1) 💓 [HEARTBEAT] Invio heartbeat: {"stazioneId":"TO","stato":"ONLINE","timestamp":"2026-08-16T08:50:40.543133699Z","tipoEvento":"HEARTBEAT","bufferSize":0}
2026-08-16 10:50:50,543 INFO  [it.uni.reti2.HeartbeatGenerator] (executor-thread-1) 💓 [HEARTBEAT] Invio heartbeat: {"stazioneId":"TO","stato":"ONLINE","timestamp":"2026-08-16T08:50:50.543198943Z","tipoEvento":"HEARTBEAT","bufferSize":0}
2026-08-16 10:50:57,846 WARN  [it.uni.reti2.StationGateway] (vert.x-eventloop-thread-1) 🚨 [ALERT RICEVUTO] La Centrale dice: {"tipoEvento":"RESOLVED","sorgenteTipo":"TRENO","sorgenteId":"Mario","guastoId":"alert-1786867854871-11aeae1c","timestamp":"2026-08-16T08:50:57.843422673Z"}
2026-08-16 10:50:58,501 WARN  [it.uni.reti2.StationGateway] (vert.x-eventloop-thread-1) 🚨 [ALERT RICEVUTO] La Centrale dice: {"tipoEvento":"RESOLVED","sorgenteTipo":"STAZIONE","sorgenteId":"MI","guastoId":"alert-1786867576009-88f39098","timestamp":"2026-08-16T08:50:58.498975385Z"}
2026-08-16 10:50:59,685 WARN  [it.uni.reti2.StationGateway] (vert.x-eventloop-thread-1) 🚨 [ALERT RICEVUTO] La Centrale dice: {"tipoEvento":"MAINTENANCE_DISPATCHED","sorgenteId":"PA","timestamp":"2026-08-16T08:50:59.682975933Z"}
2026-08-16 10:50:59,688 WARN  [it.uni.reti2.StationGateway] (vert.x-eventloop-thread-1) 🚨 [ALERT RICEVUTO] La Centrale dice: {"tipoEvento":"RESOLVED","sorgenteTipo":"STAZIONE","sorgenteId":"PA","guastoId":"alert-1786867576000-1588f38e","timestamp":"2026-08-16T08:50:59.686646253Z"}
2026-08-16 10:50:59,689 WARN  [it.uni.reti2.StationGateway] (vert.x-eventloop-thread-1) 🚨 [ALERT RICEVUTO] La Centrale dice: {"tipoEvento":"RESOLVED","sorgenteTipo":"STAZIONE","sorgenteId":"PA","guastoId":"alert-1786867576000-1588f38e","timestamp":"2026-08-16T08:50:59.686785100Z"}
2026-08-16 10:51:00,542 INFO  [it.uni.reti2.HeartbeatGenerator] (executor-thread-1) 💓 [HEARTBEAT] Invio heartbeat: {"stazioneId":"TO","stato":"ONLINE","timestamp":"2026-08-16T08:51:00.542811922Z","tipoEvento":"HEARTBEAT","bufferSize":0}
2026-08-16 10:51:10,542 INFO  [it.uni.reti2.HeartbeatGenerator] (executor-thread-1) 💓 [HEARTBEAT] Invio heartbeat: {"stazioneId":"TO","stato":"ONLINE","timestamp":"2026-08-16T08:51:10.542798352Z","tipoEvento":"HEARTBEAT","bufferSize":0}
2026-08-16 10:51:20,542 INFO  [it.uni.reti2.HeartbeatGenerator] (executor-thread-1) 💓 [HEARTBEAT] Invio heartbeat: {"stazioneId":"TO","stato":"ONLINE","timestamp":"2026-08-16T08:51:20.542799970Z","tipoEvento":"HEARTBEAT","bufferSize":0}
2026-08-16 10:51:30,543 INFO  [it.uni.reti2.HeartbeatGenerator] (executor-thread-1) 💓 [HEARTBEAT] Invio heartbeat: {"stazioneId":"TO","stato":"ONLINE","timestamp":"2026-08-16T08:51:30.543120379Z","tipoEvento":"HEARTBEAT","bufferSize":0}
2026-08-16 10:51:34,655 WARN  [it.uni.reti2.StationGateway] (vert.x-eventloop-thread-1) 🚨 [ALERT RICEVUTO] La Centrale dice: {"tipoEvento":"GUASTO","origine":"CENTRALE","sorgenteTipo":"STAZIONE","sorgenteId":"PA","severita":"CRITICAL","messaggio":"Heartbeat assente: la stazione PA non invia heartbeat da oltre 30 secondi","guastoId":"alert-1786870294642-fae82e0e","timestamp":"2026-08-16T08:51:34.642669697Z"}
2026-08-16 10:51:34,663 WARN  [it.uni.reti2.StationGateway] (vert.x-eventloop-thread-1) 🚨 [ALERT RICEVUTO] La Centrale dice: {"tipoEvento":"GUASTO","origine":"CENTRALE","sorgenteTipo":"STAZIONE","sorgenteId":"MI","severita":"CRITICAL","messaggio":"Heartbeat assente: la stazione MI non invia heartbeat da oltre 30 secondi","guastoId":"alert-1786870294653-d8ec0b27","timestamp":"2026-08-16T08:51:34.654035646Z"}
2026-08-16 10:51:40,542 INFO  [it.uni.reti2.HeartbeatGenerator] (executor-thread-1) 💓 [HEARTBEAT] Invio heartbeat: {"stazioneId":"TO","stato":"ONLINE","timestamp":"2026-08-16T08:51:40.542834005Z","tipoEvento":"HEARTBEAT","bufferSize":0}
2026-08-16 10:51:50,543 INFO  [it.uni.reti2.HeartbeatGenerator] (executor-thread-1) 💓 [HEARTBEAT] Invio heartbeat: {"stazioneId":"TO","stato":"ONLINE","timestamp":"2026-08-16T08:51:50.543205658Z","tipoEvento":"HEARTBEAT","bufferSize":0}
2026-08-16 10:52:00,542 INFO  [it.uni.reti2.HeartbeatGenerator] (executor-thread-1) 💓 [HEARTBEAT] Invio heartbeat: {"stazioneId":"TO","stato":"ONLINE","timestamp":"2026-08-16T08:52:00.542799297Z","tipoEvento":"HEARTBEAT","bufferSize":0}
2026-08-16 10:52:02,883 INFO  [io.smallrye.reactive.messaging.mqtt.session.impl.MqttClientSessionImpl] (vert.x-eventloop-thread-0) Connection closed: <unknown>
2026-08-16 10:52:02,883 INFO  [io.smallrye.reactive.messaging.mqtt.session.impl.MqttClientSessionImpl] (vert.x-eventloop-thread-0) Connection closed: <unknown>
2026-08-16 10:52:02,883 INFO  [io.smallrye.reactive.messaging.mqtt.session.impl.MqttClientSessionImpl] (vert.x-eventloop-thread-0) Connection closed: <unknown>
2026-08-16 10:52:02,889 INFO  [io.quarkus] (Shutdown thread) stazione stopped in 0.036s
