__  ____  __  _____   ___  __ ____  ______ 
 --/ __ \/ / / / _ | / _ \/ //_/ / / / __/ 
 -/ /_/ / /_/ / __ |/ , _/ ,< / /_/ /\ \   
--\___\_\____/_/ |_/_/|_/_/|_|\____/___/   
2026-08-16 10:03:05,440 INFO  [it.uni.reti2.main] (main) 🚉 Avvio processo Stazione con ID: Padova
2026-08-16 10:03:06,504 INFO  [io.smallrye.reactive.messaging.mqtt] (main) Create MQTT Client for null@localhost:1883<>-[]
2026-08-16 10:03:06,550 INFO  [io.smallrye.reactive.messaging.mqtt] (main) Create MQTT Client for null@localhost:1883<>-[stazione-Padova-alerts-in]
2026-08-16 10:03:06,677 INFO  [io.vertx.mqtt.impl.MqttClientImpl] (vert.x-eventloop-thread-0) Connection with localhost:1883 established successfully
2026-08-16 10:03:06,824 INFO  [io.vertx.mqtt.impl.MqttClientImpl] (vert.x-eventloop-thread-0) Connection with localhost:1883 established successfully
2026-08-16 10:03:06,848 INFO  [io.smallrye.reactive.messaging.mqtt] (vert.x-eventloop-thread-0) Subscription success on topic railway/alerts, Max QoS 1.
2026-08-16 10:03:06,851 INFO  [io.smallrye.reactive.messaging.mqtt] (vert.x-eventloop-thread-0) Subscription success on topic railway/station/+/validation-response, Max QoS 0.
2026-08-16 10:03:06,852 INFO  [io.smallrye.reactive.messaging.mqtt] (vert.x-eventloop-thread-0) Subscription success on topic railway/train/+/passaggio, Max QoS 0.
2026-08-16 10:03:06,909 INFO  [io.smallrye.reactive.messaging.mqtt] (main) Create MQTT Client for null@localhost:1883<>-[stazione-Padova-alerts-out]
2026-08-16 10:03:06,912 INFO  [io.vertx.mqtt.impl.MqttClientImpl] (vert.x-eventloop-thread-0) Connection with localhost:1883 established successfully
2026-08-16 10:03:06,938 WARN  [it.uni.reti2.HeartbeatGenerator] (executor-thread-1) ⏳ Stazione non ancora validata dalla Centrale: heartbeat sospeso.
2026-08-16 10:03:07,038 INFO  [io.quarkus] (main) stazione 1.0.0-SNAPSHOT on JVM (powered by Quarkus 3.37.3) started in 1.749s. Listening on: http://0.0.0.0:8080
2026-08-16 10:03:07,039 INFO  [io.quarkus] (main) Profile prod activated. 
2026-08-16 10:03:07,039 INFO  [io.quarkus] (main) Installed features: [cdi, messaging, messaging-mqtt, rest, rest-jackson, scheduler, smallrye-context-propagation, vertx]
2026-08-16 10:03:07,047 INFO  [it.uni.reti2.main] (main) 🔎 Verifica ID stazione 'Padova' nel database centrale...
2026-08-16 10:03:07,161 INFO  [it.uni.reti2.StationDatabaseValidator] (main) 📩 Richiesta di validazione inviata per la stazione: Padova
2026-08-16 10:03:07,162 WARN  [it.uni.reti2.main] (main) ID stazione non ancora valido o il database centrale non è raggiungibile; riprovo tra 5 secondi...
2026-08-16 10:03:07,177 INFO  [it.uni.reti2.StationDatabaseValidator] (vert.x-eventloop-thread-2) 🚉 Processo associato con successo alla chiave primaria del database: Padova
2026-08-16 10:03:12,162 INFO  [it.uni.reti2.main] (main) ✅ Processo Stazione AVVIATO CORRETTAMENTE
2026-08-16 10:03:12,163 INFO  [it.uni.reti2.main] (main) 🔄 Ingresso nel ciclo infinito di mantenimento del nodo Stazione...
2026-08-16 10:03:12,163 INFO  [it.uni.reti2.main] (main) 🌐 Server REST disponibile su http://localhost:8081/stazione/info
2026-08-16 10:03:16,938 INFO  [it.uni.reti2.HeartbeatGenerator] (executor-thread-1) 💓 [HEARTBEAT] Invio heartbeat: {"stazioneId":"Padova","stato":"ONLINE","timestamp":"2026-08-16T08:03:16.938320228Z","tipoEvento":"HEARTBEAT","bufferSize":0}
2026-08-16 10:03:26,938 INFO  [it.uni.reti2.HeartbeatGenerator] (executor-thread-1) 💓 [HEARTBEAT] Invio heartbeat: {"stazioneId":"Padova","stato":"ONLINE","timestamp":"2026-08-16T08:03:26.938337233Z","tipoEvento":"HEARTBEAT","bufferSize":0}
2026-08-16 10:03:32,071 WARN  [it.uni.reti2.StationGateway] (vert.x-eventloop-thread-1) 🚨 [ALERT RICEVUTO] La Centrale dice: {"tipoEvento":"GUASTO","origine":"CENTRALE","sorgenteTipo":"STAZIONE","sorgenteId":"PA","severita":"CRITICAL","messaggio":"Heartbeat assente: la stazione PA non invia heartbeat da oltre 30 secondi","guastoId":"alert-1786867412002-35e27015","timestamp":"2026-08-16T08:03:32.002682973Z"}
2026-08-16 10:03:32,079 WARN  [it.uni.reti2.StationGateway] (vert.x-eventloop-thread-1) 🚨 [ALERT RICEVUTO] La Centrale dice: {"tipoEvento":"GUASTO","origine":"CENTRALE","sorgenteTipo":"STAZIONE","sorgenteId":"MI","severita":"CRITICAL","messaggio":"Heartbeat assente: la stazione MI non invia heartbeat da oltre 30 secondi","guastoId":"alert-1786867412068-73822816","timestamp":"2026-08-16T08:03:32.068262564Z"}
2026-08-16 10:03:36,937 INFO  [it.uni.reti2.HeartbeatGenerator] (executor-thread-1) 💓 [HEARTBEAT] Invio heartbeat: {"stazioneId":"Padova","stato":"ONLINE","timestamp":"2026-08-16T08:03:36.937737970Z","tipoEvento":"HEARTBEAT","bufferSize":0}
2026-08-16 10:03:46,937 INFO  [it.uni.reti2.HeartbeatGenerator] (executor-thread-1) 💓 [HEARTBEAT] Invio heartbeat: {"stazioneId":"Padova","stato":"ONLINE","timestamp":"2026-08-16T08:03:46.937670464Z","tipoEvento":"HEARTBEAT","bufferSize":0}
2026-08-16 10:03:56,938 INFO  [it.uni.reti2.HeartbeatGenerator] (executor-thread-1) 💓 [HEARTBEAT] Invio heartbeat: {"stazioneId":"Padova","stato":"ONLINE","timestamp":"2026-08-16T08:03:56.937802954Z","tipoEvento":"HEARTBEAT","bufferSize":0}
2026-08-16 10:04:02,136 WARN  [it.uni.reti2.StationGateway] (vert.x-eventloop-thread-1) 🚨 [ALERT RICEVUTO] La Centrale dice: {"tipoEvento":"MAINTENANCE_DISPATCHED","sorgenteId":"MI","timestamp":"2026-08-16T08:04:02.133878497Z"}
2026-08-16 10:04:02,144 WARN  [it.uni.reti2.StationGateway] (vert.x-eventloop-thread-1) 🚨 [ALERT RICEVUTO] La Centrale dice: {"tipoEvento":"RESOLVED","sorgenteTipo":"STAZIONE","sorgenteId":"MI","guastoId":"alert-1786867412068-73822816","timestamp":"2026-08-16T08:04:02.138418130Z"}
2026-08-16 10:04:02,146 WARN  [it.uni.reti2.StationGateway] (vert.x-eventloop-thread-1) 🚨 [ALERT RICEVUTO] La Centrale dice: {"tipoEvento":"RESOLVED","sorgenteTipo":"STAZIONE","sorgenteId":"MI","guastoId":"alert-1786867412068-73822816","timestamp":"2026-08-16T08:04:02.138512525Z"}
2026-08-16 10:04:03,778 WARN  [it.uni.reti2.StationGateway] (vert.x-eventloop-thread-1) 🚨 [ALERT RICEVUTO] La Centrale dice: {"tipoEvento":"MAINTENANCE_DISPATCHED","sorgenteId":"PA","timestamp":"2026-08-16T08:04:03.775933101Z"}
2026-08-16 10:04:03,782 WARN  [it.uni.reti2.StationGateway] (vert.x-eventloop-thread-1) 🚨 [ALERT RICEVUTO] La Centrale dice: {"tipoEvento":"RESOLVED","sorgenteTipo":"STAZIONE","sorgenteId":"PA","guastoId":"alert-1786867412002-35e27015","timestamp":"2026-08-16T08:04:03.779877480Z"}
2026-08-16 10:04:03,784 WARN  [it.uni.reti2.StationGateway] (vert.x-eventloop-thread-1) 🚨 [ALERT RICEVUTO] La Centrale dice: {"tipoEvento":"RESOLVED","sorgenteTipo":"STAZIONE","sorgenteId":"PA","guastoId":"alert-1786867412002-35e27015","timestamp":"2026-08-16T08:04:03.780076657Z"}
2026-08-16 10:04:06,938 INFO  [it.uni.reti2.HeartbeatGenerator] (executor-thread-1) 💓 [HEARTBEAT] Invio heartbeat: {"stazioneId":"Padova","stato":"ONLINE","timestamp":"2026-08-16T08:04:06.938415104Z","tipoEvento":"HEARTBEAT","bufferSize":0}
2026-08-16 10:04:16,938 INFO  [it.uni.reti2.HeartbeatGenerator] (executor-thread-1) 💓 [HEARTBEAT] Invio heartbeat: {"stazioneId":"Padova","stato":"ONLINE","timestamp":"2026-08-16T08:04:16.937960406Z","tipoEvento":"HEARTBEAT","bufferSize":0}
2026-08-16 10:04:26,938 INFO  [it.uni.reti2.HeartbeatGenerator] (executor-thread-1) 💓 [HEARTBEAT] Invio heartbeat: {"stazioneId":"Padova","stato":"ONLINE","timestamp":"2026-08-16T08:04:26.938243951Z","tipoEvento":"HEARTBEAT","bufferSize":0}
2026-08-16 10:04:36,938 INFO  [it.uni.reti2.HeartbeatGenerator] (executor-thread-1) 💓 [HEARTBEAT] Invio heartbeat: {"stazioneId":"Padova","stato":"ONLINE","timestamp":"2026-08-16T08:04:36.938318044Z","tipoEvento":"HEARTBEAT","bufferSize":0}
2026-08-16 10:04:42,018 WARN  [it.uni.reti2.StationGateway] (vert.x-eventloop-thread-1) 🚨 [ALERT RICEVUTO] La Centrale dice: {"tipoEvento":"GUASTO","origine":"CENTRALE","sorgenteTipo":"STAZIONE","sorgenteId":"PA","severita":"CRITICAL","messaggio":"Heartbeat assente: la stazione PA non invia heartbeat da oltre 30 secondi","guastoId":"alert-1786867482001-0276a52f","timestamp":"2026-08-16T08:04:42.001406679Z"}
2026-08-16 10:04:42,069 WARN  [it.uni.reti2.StationGateway] (vert.x-eventloop-thread-1) 🚨 [ALERT RICEVUTO] La Centrale dice: {"tipoEvento":"GUASTO","origine":"CENTRALE","sorgenteTipo":"STAZIONE","sorgenteId":"MI","severita":"CRITICAL","messaggio":"Heartbeat assente: la stazione MI non invia heartbeat da oltre 30 secondi","guastoId":"alert-1786867482013-ae0f8aca","timestamp":"2026-08-16T08:04:42.014118489Z"}
2026-08-16 10:04:46,937 INFO  [it.uni.reti2.HeartbeatGenerator] (executor-thread-1) 💓 [HEARTBEAT] Invio heartbeat: {"stazioneId":"Padova","stato":"ONLINE","timestamp":"2026-08-16T08:04:46.937713132Z","tipoEvento":"HEARTBEAT","bufferSize":0}
2026-08-16 10:04:56,937 INFO  [it.uni.reti2.HeartbeatGenerator] (executor-thread-1) 💓 [HEARTBEAT] Invio heartbeat: {"stazioneId":"Padova","stato":"ONLINE","timestamp":"2026-08-16T08:04:56.937657293Z","tipoEvento":"HEARTBEAT","bufferSize":0}
2026-08-16 10:05:06,937 INFO  [it.uni.reti2.HeartbeatGenerator] (executor-thread-1) 💓 [HEARTBEAT] Invio heartbeat: {"stazioneId":"Padova","stato":"ONLINE","timestamp":"2026-08-16T08:05:06.937608341Z","tipoEvento":"HEARTBEAT","bufferSize":0}
2026-08-16 10:05:16,937 INFO  [it.uni.reti2.HeartbeatGenerator] (executor-thread-1) 💓 [HEARTBEAT] Invio heartbeat: {"stazioneId":"Padova","stato":"ONLINE","timestamp":"2026-08-16T08:05:16.937636912Z","tipoEvento":"HEARTBEAT","bufferSize":0}
2026-08-16 10:05:26,937 INFO  [it.uni.reti2.HeartbeatGenerator] (executor-thread-1) 💓 [HEARTBEAT] Invio heartbeat: {"stazioneId":"Padova","stato":"ONLINE","timestamp":"2026-08-16T08:05:26.937774409Z","tipoEvento":"HEARTBEAT","bufferSize":0}
2026-08-16 10:05:36,696 WARN  [it.uni.reti2.StationGateway] (vert.x-eventloop-thread-1) 🚨 [ALERT RICEVUTO] La Centrale dice: {"tipoEvento":"MAINTENANCE_DISPATCHED","sorgenteId":"MI","timestamp":"2026-08-16T08:05:36.693744869Z"}
2026-08-16 10:05:36,700 WARN  [it.uni.reti2.StationGateway] (vert.x-eventloop-thread-1) 🚨 [ALERT RICEVUTO] La Centrale dice: {"tipoEvento":"RESOLVED","sorgenteTipo":"STAZIONE","sorgenteId":"MI","guastoId":"alert-1786867482013-ae0f8aca","timestamp":"2026-08-16T08:05:36.697515470Z"}
2026-08-16 10:05:36,701 WARN  [it.uni.reti2.StationGateway] (vert.x-eventloop-thread-1) 🚨 [ALERT RICEVUTO] La Centrale dice: {"tipoEvento":"RESOLVED","sorgenteTipo":"STAZIONE","sorgenteId":"MI","guastoId":"alert-1786867482013-ae0f8aca","timestamp":"2026-08-16T08:05:36.698005381Z"}
2026-08-16 10:05:36,937 INFO  [it.uni.reti2.HeartbeatGenerator] (executor-thread-1) 💓 [HEARTBEAT] Invio heartbeat: {"stazioneId":"Padova","stato":"ONLINE","timestamp":"2026-08-16T08:05:36.937697853Z","tipoEvento":"HEARTBEAT","bufferSize":0}
2026-08-16 10:05:38,181 WARN  [it.uni.reti2.StationGateway] (vert.x-eventloop-thread-1) 🚨 [ALERT RICEVUTO] La Centrale dice: {"tipoEvento":"MAINTENANCE_DISPATCHED","sorgenteId":"PA","timestamp":"2026-08-16T08:05:38.178896649Z"}
2026-08-16 10:05:38,185 WARN  [it.uni.reti2.StationGateway] (vert.x-eventloop-thread-1) 🚨 [ALERT RICEVUTO] La Centrale dice: {"tipoEvento":"RESOLVED","sorgenteTipo":"STAZIONE","sorgenteId":"PA","guastoId":"alert-1786867482001-0276a52f","timestamp":"2026-08-16T08:05:38.182901657Z"}
2026-08-16 10:05:38,187 WARN  [it.uni.reti2.StationGateway] (vert.x-eventloop-thread-1) 🚨 [ALERT RICEVUTO] La Centrale dice: {"tipoEvento":"RESOLVED","sorgenteTipo":"STAZIONE","sorgenteId":"PA","guastoId":"alert-1786867482001-0276a52f","timestamp":"2026-08-16T08:05:38.183024294Z"}
2026-08-16 10:05:46,938 INFO  [it.uni.reti2.HeartbeatGenerator] (executor-thread-1) 💓 [HEARTBEAT] Invio heartbeat: {"stazioneId":"Padova","stato":"ONLINE","timestamp":"2026-08-16T08:05:46.938248010Z","tipoEvento":"HEARTBEAT","bufferSize":0}
2026-08-16 10:05:56,938 INFO  [it.uni.reti2.HeartbeatGenerator] (executor-thread-1) 💓 [HEARTBEAT] Invio heartbeat: {"stazioneId":"Padova","stato":"ONLINE","timestamp":"2026-08-16T08:05:56.938250528Z","tipoEvento":"HEARTBEAT","bufferSize":0}
2026-08-16 10:06:06,937 INFO  [it.uni.reti2.HeartbeatGenerator] (executor-thread-1) 💓 [HEARTBEAT] Invio heartbeat: {"stazioneId":"Padova","stato":"ONLINE","timestamp":"2026-08-16T08:06:06.937777874Z","tipoEvento":"HEARTBEAT","bufferSize":0}
2026-08-16 10:06:16,010 WARN  [it.uni.reti2.StationGateway] (vert.x-eventloop-thread-1) 🚨 [ALERT RICEVUTO] La Centrale dice: {"tipoEvento":"GUASTO","origine":"CENTRALE","sorgenteTipo":"STAZIONE","sorgenteId":"PA","severita":"CRITICAL","messaggio":"Heartbeat assente: la stazione PA non invia heartbeat da oltre 30 secondi","guastoId":"alert-1786867576000-1588f38e","timestamp":"2026-08-16T08:06:16.000820085Z"}
2026-08-16 10:06:16,016 WARN  [it.uni.reti2.StationGateway] (vert.x-eventloop-thread-1) 🚨 [ALERT RICEVUTO] La Centrale dice: {"tipoEvento":"GUASTO","origine":"CENTRALE","sorgenteTipo":"STAZIONE","sorgenteId":"MI","severita":"CRITICAL","messaggio":"Heartbeat assente: la stazione MI non invia heartbeat da oltre 30 secondi","guastoId":"alert-1786867576009-88f39098","timestamp":"2026-08-16T08:06:16.009558168Z"}
2026-08-16 10:06:16,937 INFO  [it.uni.reti2.HeartbeatGenerator] (executor-thread-1) 💓 [HEARTBEAT] Invio heartbeat: {"stazioneId":"Padova","stato":"ONLINE","timestamp":"2026-08-16T08:06:16.937673288Z","tipoEvento":"HEARTBEAT","bufferSize":0}
2026-08-16 10:06:26,937 INFO  [it.uni.reti2.HeartbeatGenerator] (executor-thread-1) 💓 [HEARTBEAT] Invio heartbeat: {"stazioneId":"Padova","stato":"ONLINE","timestamp":"2026-08-16T08:06:26.937735283Z","tipoEvento":"HEARTBEAT","bufferSize":0}
2026-08-16 10:06:36,937 INFO  [it.uni.reti2.HeartbeatGenerator] (executor-thread-1) 💓 [HEARTBEAT] Invio heartbeat: {"stazioneId":"Padova","stato":"ONLINE","timestamp":"2026-08-16T08:06:36.937702200Z","tipoEvento":"HEARTBEAT","bufferSize":0}
2026-08-16 10:06:46,937 INFO  [it.uni.reti2.HeartbeatGenerator] (executor-thread-1) 💓 [HEARTBEAT] Invio heartbeat: {"stazioneId":"Padova","stato":"ONLINE","timestamp":"2026-08-16T08:06:46.937704929Z","tipoEvento":"HEARTBEAT","bufferSize":0}
2026-08-16 10:10:54,875 INFO  [io.smallrye.reactive.messaging.mqtt.session.impl.MqttClientSessionImpl] (vert.x-eventloop-thread-0) Connection closed: Connection closed
2026-08-16 10:10:54,885 INFO  [io.smallrye.reactive.messaging.mqtt.session.impl.MqttClientSessionImpl] (vert.x-eventloop-thread-0) Connection closed: Connection closed
2026-08-16 10:10:54,885 INFO  [io.smallrye.reactive.messaging.mqtt.session.impl.MqttClientSessionImpl] (vert.x-eventloop-thread-0) Connection closed: Connection closed
2026-08-16 10:10:55,879 INFO  [io.vertx.mqtt.impl.MqttClientImpl] (vert.x-eventloop-thread-0) Connection with localhost:1883 established successfully
2026-08-16 10:10:55,887 INFO  [io.vertx.mqtt.impl.MqttClientImpl] (vert.x-eventloop-thread-0) Connection with localhost:1883 established successfully
2026-08-16 10:10:55,890 INFO  [io.vertx.mqtt.impl.MqttClientImpl] (vert.x-eventloop-thread-0) Connection with localhost:1883 established successfully
2026-08-16 10:10:59,312 WARN  [it.uni.reti2.StationGateway] (vert.x-eventloop-thread-1) 🚨 [ALERT RICEVUTO] La Centrale dice: {"tipoEvento":"RESOLVED","origine":"CENTRALE","sorgenteTipo":"STAZIONE","sorgenteId":"TO","guastoId":"alert-1786867854965-6e1f7c04","timestamp":"2026-08-16T08:10:59.309581434Z"}
2026-08-16 10:10:59,327 INFO  [it.uni.reti2.HeartbeatGenerator] (executor-thread-1) 💓 [HEARTBEAT] Invio heartbeat: {"stazioneId":"Padova","stato":"ONLINE","timestamp":"2026-08-16T08:10:59.327515440Z","tipoEvento":"HEARTBEAT","bufferSize":0}
2026-08-16 10:10:59,363 WARN  [it.uni.reti2.StationGateway] (vert.x-eventloop-thread-1) 🚨 [ALERT RICEVUTO] La Centrale dice: {"tipoEvento":"RESOLVED","origine":"CENTRALE","sorgenteTipo":"STAZIONE","sorgenteId":"Padova","guastoId":"alert-1786867854973-ef011a1e","timestamp":"2026-08-16T08:10:59.360642967Z"}
2026-08-16 10:10:59,364 INFO  [it.uni.reti2.StationGateway] (vert.x-eventloop-thread-1) 🔧 Stazione ripristinata dalla Centrale! Stato di nuovo ONLINE.
2026-08-16 10:10:59,373 WARN  [it.uni.reti2.StationGateway] (vert.x-eventloop-thread-1) 🚨 [ALERT RICEVUTO] La Centrale dice: {"tipoEvento":"RESOLVED","origine":"CENTRALE","sorgenteTipo":"STAZIONE","sorgenteId":"stazzaDellaMadonnaTroia","guastoId":"alert-1786867854870-55c922af","timestamp":"2026-08-16T08:10:59.370519943Z"}
2026-08-16 10:11:09,327 INFO  [it.uni.reti2.HeartbeatGenerator] (executor-thread-1) 💓 [HEARTBEAT] Invio heartbeat: {"stazioneId":"Padova","stato":"ONLINE","timestamp":"2026-08-16T08:11:09.327471454Z","tipoEvento":"HEARTBEAT","bufferSize":0}
2026-08-16 10:11:15,564 INFO  [it.uni.reti2.StationGateway] (vert.x-eventloop-thread-3) 🚂 [PASSAGGIO] Treno tenoAmmazzaRicchi in USCITA dalla stazione Padova
2026-08-16 10:11:19,327 INFO  [it.uni.reti2.HeartbeatGenerator] (executor-thread-1) 💓 [HEARTBEAT] Invio heartbeat: {"stazioneId":"Padova","stato":"ONLINE","timestamp":"2026-08-16T08:11:19.327458326Z","tipoEvento":"HEARTBEAT","bufferSize":0}
2026-08-16 10:11:29,327 INFO  [it.uni.reti2.HeartbeatGenerator] (executor-thread-1) 💓 [HEARTBEAT] Invio heartbeat: {"stazioneId":"Padova","stato":"ONLINE","timestamp":"2026-08-16T08:11:29.327460690Z","tipoEvento":"HEARTBEAT","bufferSize":0}
2026-08-16 10:11:39,327 INFO  [it.uni.reti2.HeartbeatGenerator] (executor-thread-1) 💓 [HEARTBEAT] Invio heartbeat: {"stazioneId":"Padova","stato":"ONLINE","timestamp":"2026-08-16T08:11:39.327322542Z","tipoEvento":"HEARTBEAT","bufferSize":0}
2026-08-16 10:11:49,327 INFO  [it.uni.reti2.HeartbeatGenerator] (executor-thread-1) 💓 [HEARTBEAT] Invio heartbeat: {"stazioneId":"Padova","stato":"ONLINE","timestamp":"2026-08-16T08:11:49.327415438Z","tipoEvento":"HEARTBEAT","bufferSize":0}
2026-08-16 10:11:59,328 INFO  [it.uni.reti2.HeartbeatGenerator] (executor-thread-1) 💓 [HEARTBEAT] Invio heartbeat: {"stazioneId":"Padova","stato":"ONLINE","timestamp":"2026-08-16T08:11:59.327766302Z","tipoEvento":"HEARTBEAT","bufferSize":0}
2026-08-16 10:12:09,327 INFO  [it.uni.reti2.HeartbeatGenerator] (executor-thread-1) 💓 [HEARTBEAT] Invio heartbeat: {"stazioneId":"Padova","stato":"ONLINE","timestamp":"2026-08-16T08:12:09.327499178Z","tipoEvento":"HEARTBEAT","bufferSize":0}
2026-08-16 10:12:19,327 INFO  [it.uni.reti2.HeartbeatGenerator] (executor-thread-1) 💓 [HEARTBEAT] Invio heartbeat: {"stazioneId":"Padova","stato":"ONLINE","timestamp":"2026-08-16T08:12:19.327503811Z","tipoEvento":"HEARTBEAT","bufferSize":0}
2026-08-16 10:12:29,327 INFO  [it.uni.reti2.HeartbeatGenerator] (executor-thread-1) 💓 [HEARTBEAT] Invio heartbeat: {"stazioneId":"Padova","stato":"ONLINE","timestamp":"2026-08-16T08:12:29.327396738Z","tipoEvento":"HEARTBEAT","bufferSize":0}
2026-08-16 10:12:39,328 INFO  [it.uni.reti2.HeartbeatGenerator] (executor-thread-1) 💓 [HEARTBEAT] Invio heartbeat: {"stazioneId":"Padova","stato":"ONLINE","timestamp":"2026-08-16T08:12:39.328015518Z","tipoEvento":"HEARTBEAT","bufferSize":0}
2026-08-16 10:12:49,327 INFO  [it.uni.reti2.HeartbeatGenerator] (executor-thread-1) 💓 [HEARTBEAT] Invio heartbeat: {"stazioneId":"Padova","stato":"ONLINE","timestamp":"2026-08-16T08:12:49.327513084Z","tipoEvento":"HEARTBEAT","bufferSize":0}
2026-08-16 10:12:59,327 INFO  [it.uni.reti2.HeartbeatGenerator] (executor-thread-1) 💓 [HEARTBEAT] Invio heartbeat: {"stazioneId":"Padova","stato":"ONLINE","timestamp":"2026-08-16T08:12:59.327586872Z","tipoEvento":"HEARTBEAT","bufferSize":0}
2026-08-16 10:13:09,328 INFO  [it.uni.reti2.HeartbeatGenerator] (executor-thread-1) 💓 [HEARTBEAT] Invio heartbeat: {"stazioneId":"Padova","stato":"ONLINE","timestamp":"2026-08-16T08:13:09.327946423Z","tipoEvento":"HEARTBEAT","bufferSize":0}
2026-08-16 10:13:19,327 INFO  [it.uni.reti2.HeartbeatGenerator] (executor-thread-1) 💓 [HEARTBEAT] Invio heartbeat: {"stazioneId":"Padova","stato":"ONLINE","timestamp":"2026-08-16T08:13:19.327640290Z","tipoEvento":"HEARTBEAT","bufferSize":0}
2026-08-16 10:13:29,327 INFO  [it.uni.reti2.HeartbeatGenerator] (executor-thread-1) 💓 [HEARTBEAT] Invio heartbeat: {"stazioneId":"Padova","stato":"ONLINE","timestamp":"2026-08-16T08:13:29.327528991Z","tipoEvento":"HEARTBEAT","bufferSize":0}
2026-08-16 10:13:39,327 INFO  [it.uni.reti2.HeartbeatGenerator] (executor-thread-1) 💓 [HEARTBEAT] Invio heartbeat: {"stazioneId":"Padova","stato":"ONLINE","timestamp":"2026-08-16T08:13:39.327539906Z","tipoEvento":"HEARTBEAT","bufferSize":0}
2026-08-16 10:13:49,327 INFO  [it.uni.reti2.HeartbeatGenerator] (executor-thread-1) 💓 [HEARTBEAT] Invio heartbeat: {"stazioneId":"Padova","stato":"ONLINE","timestamp":"2026-08-16T08:13:49.327396937Z","tipoEvento":"HEARTBEAT","bufferSize":0}
2026-08-16 10:13:59,327 INFO  [it.uni.reti2.HeartbeatGenerator] (executor-thread-1) 💓 [HEARTBEAT] Invio heartbeat: {"stazioneId":"Padova","stato":"ONLINE","timestamp":"2026-08-16T08:13:59.327433941Z","tipoEvento":"HEARTBEAT","bufferSize":0}
2026-08-16 10:14:09,328 INFO  [it.uni.reti2.HeartbeatGenerator] (executor-thread-1) 💓 [HEARTBEAT] Invio heartbeat: {"stazioneId":"Padova","stato":"ONLINE","timestamp":"2026-08-16T08:14:09.328010533Z","tipoEvento":"HEARTBEAT","bufferSize":0}
2026-08-16 10:14:19,327 INFO  [it.uni.reti2.HeartbeatGenerator] (executor-thread-1) 💓 [HEARTBEAT] Invio heartbeat: {"stazioneId":"Padova","stato":"ONLINE","timestamp":"2026-08-16T08:14:19.327468863Z","tipoEvento":"HEARTBEAT","bufferSize":0}
2026-08-16 10:14:29,327 INFO  [it.uni.reti2.HeartbeatGenerator] (executor-thread-1) 💓 [HEARTBEAT] Invio heartbeat: {"stazioneId":"Padova","stato":"ONLINE","timestamp":"2026-08-16T08:14:29.327590716Z","tipoEvento":"HEARTBEAT","bufferSize":0}
2026-08-16 10:14:39,328 INFO  [it.uni.reti2.HeartbeatGenerator] (executor-thread-1) 💓 [HEARTBEAT] Invio heartbeat: {"stazioneId":"Padova","stato":"ONLINE","timestamp":"2026-08-16T08:14:39.328002491Z","tipoEvento":"HEARTBEAT","bufferSize":0}
2026-08-16 10:14:49,327 INFO  [it.uni.reti2.HeartbeatGenerator] (executor-thread-1) 💓 [HEARTBEAT] Invio heartbeat: {"stazioneId":"Padova","stato":"ONLINE","timestamp":"2026-08-16T08:14:49.327488249Z","tipoEvento":"HEARTBEAT","bufferSize":0}
2026-08-16 10:14:59,327 INFO  [it.uni.reti2.HeartbeatGenerator] (executor-thread-1) 💓 [HEARTBEAT] Invio heartbeat: {"stazioneId":"Padova","stato":"ONLINE","timestamp":"2026-08-16T08:14:59.327624499Z","tipoEvento":"HEARTBEAT","bufferSize":0}
2026-08-16 10:15:09,327 INFO  [it.uni.reti2.HeartbeatGenerator] (executor-thread-1) 💓 [HEARTBEAT] Invio heartbeat: {"stazioneId":"Padova","stato":"ONLINE","timestamp":"2026-08-16T08:15:09.327496310Z","tipoEvento":"HEARTBEAT","bufferSize":0}
2026-08-16 10:15:19,327 INFO  [it.uni.reti2.HeartbeatGenerator] (executor-thread-1) 💓 [HEARTBEAT] Invio heartbeat: {"stazioneId":"Padova","stato":"ONLINE","timestamp":"2026-08-16T08:15:19.327362706Z","tipoEvento":"HEARTBEAT","bufferSize":0}
2026-08-16 10:15:30,576 INFO  [it.uni.reti2.HeartbeatGenerator] (executor-thread-1) 💓 [HEARTBEAT] Invio heartbeat: {"stazioneId":"Padova","stato":"ONLINE","timestamp":"2026-08-16T08:15:30.576154979Z","tipoEvento":"HEARTBEAT","bufferSize":0}
2026-08-16 10:15:40,576 INFO  [it.uni.reti2.HeartbeatGenerator] (executor-thread-1) 💓 [HEARTBEAT] Invio heartbeat: {"stazioneId":"Padova","stato":"ONLINE","timestamp":"2026-08-16T08:15:40.576044602Z","tipoEvento":"HEARTBEAT","bufferSize":0}
2026-08-16 10:15:50,576 INFO  [it.uni.reti2.HeartbeatGenerator] (executor-thread-1) 💓 [HEARTBEAT] Invio heartbeat: {"stazioneId":"Padova","stato":"ONLINE","timestamp":"2026-08-16T08:15:50.576500584Z","tipoEvento":"HEARTBEAT","bufferSize":0}
2026-08-16 10:16:00,576 INFO  [it.uni.reti2.HeartbeatGenerator] (executor-thread-1) 💓 [HEARTBEAT] Invio heartbeat: {"stazioneId":"Padova","stato":"ONLINE","timestamp":"2026-08-16T08:16:00.576504709Z","tipoEvento":"HEARTBEAT","bufferSize":0}
2026-08-16 10:16:10,576 INFO  [it.uni.reti2.HeartbeatGenerator] (executor-thread-1) 💓 [HEARTBEAT] Invio heartbeat: {"stazioneId":"Padova","stato":"ONLINE","timestamp":"2026-08-16T08:16:10.576075448Z","tipoEvento":"HEARTBEAT","bufferSize":0}
2026-08-16 10:16:20,576 INFO  [it.uni.reti2.HeartbeatGenerator] (executor-thread-1) 💓 [HEARTBEAT] Invio heartbeat: {"stazioneId":"Padova","stato":"ONLINE","timestamp":"2026-08-16T08:16:20.575977531Z","tipoEvento":"HEARTBEAT","bufferSize":0}
2026-08-16 10:16:30,576 INFO  [it.uni.reti2.HeartbeatGenerator] (executor-thread-1) 💓 [HEARTBEAT] Invio heartbeat: {"stazioneId":"Padova","stato":"ONLINE","timestamp":"2026-08-16T08:16:30.575966650Z","tipoEvento":"HEARTBEAT","bufferSize":0}
2026-08-16 10:16:40,576 INFO  [it.uni.reti2.HeartbeatGenerator] (executor-thread-1) 💓 [HEARTBEAT] Invio heartbeat: {"stazioneId":"Padova","stato":"ONLINE","timestamp":"2026-08-16T08:16:40.576037630Z","tipoEvento":"HEARTBEAT","bufferSize":0}
2026-08-16 10:16:50,576 INFO  [it.uni.reti2.HeartbeatGenerator] (executor-thread-1) 💓 [HEARTBEAT] Invio heartbeat: {"stazioneId":"Padova","stato":"ONLINE","timestamp":"2026-08-16T08:16:50.576138318Z","tipoEvento":"HEARTBEAT","bufferSize":0}
2026-08-16 10:17:00,576 INFO  [it.uni.reti2.HeartbeatGenerator] (executor-thread-1) 💓 [HEARTBEAT] Invio heartbeat: {"stazioneId":"Padova","stato":"ONLINE","timestamp":"2026-08-16T08:17:00.576080974Z","tipoEvento":"HEARTBEAT","bufferSize":0}
2026-08-16 10:17:10,576 INFO  [it.uni.reti2.HeartbeatGenerator] (executor-thread-1) 💓 [HEARTBEAT] Invio heartbeat: {"stazioneId":"Padova","stato":"ONLINE","timestamp":"2026-08-16T08:17:10.576066263Z","tipoEvento":"HEARTBEAT","bufferSize":0}
2026-08-16 10:17:20,576 INFO  [it.uni.reti2.HeartbeatGenerator] (executor-thread-1) 💓 [HEARTBEAT] Invio heartbeat: {"stazioneId":"Padova","stato":"ONLINE","timestamp":"2026-08-16T08:17:20.576048255Z","tipoEvento":"HEARTBEAT","bufferSize":0}
2026-08-16 10:17:30,576 INFO  [it.uni.reti2.HeartbeatGenerator] (executor-thread-1) 💓 [HEARTBEAT] Invio heartbeat: {"stazioneId":"Padova","stato":"ONLINE","timestamp":"2026-08-16T08:17:30.576103100Z","tipoEvento":"HEARTBEAT","bufferSize":0}
2026-08-16 10:17:40,576 INFO  [it.uni.reti2.HeartbeatGenerator] (executor-thread-1) 💓 [HEARTBEAT] Invio heartbeat: {"stazioneId":"Padova","stato":"ONLINE","timestamp":"2026-08-16T08:17:40.575994931Z","tipoEvento":"HEARTBEAT","bufferSize":0}
2026-08-16 10:17:50,576 INFO  [it.uni.reti2.HeartbeatGenerator] (executor-thread-1) 💓 [HEARTBEAT] Invio heartbeat: {"stazioneId":"Padova","stato":"ONLINE","timestamp":"2026-08-16T08:17:50.575963506Z","tipoEvento":"HEARTBEAT","bufferSize":0}
2026-08-16 10:18:00,575 INFO  [it.uni.reti2.HeartbeatGenerator] (executor-thread-1) 💓 [HEARTBEAT] Invio heartbeat: {"stazioneId":"Padova","stato":"ONLINE","timestamp":"2026-08-16T08:18:00.575884478Z","tipoEvento":"HEARTBEAT","bufferSize":0}
2026-08-16 10:18:10,576 INFO  [it.uni.reti2.HeartbeatGenerator] (executor-thread-1) 💓 [HEARTBEAT] Invio heartbeat: {"stazioneId":"Padova","stato":"ONLINE","timestamp":"2026-08-16T08:18:10.575951394Z","tipoEvento":"HEARTBEAT","bufferSize":0}
2026-08-16 10:18:20,576 INFO  [it.uni.reti2.HeartbeatGenerator] (executor-thread-1) 💓 [HEARTBEAT] Invio heartbeat: {"stazioneId":"Padova","stato":"ONLINE","timestamp":"2026-08-16T08:18:20.576042578Z","tipoEvento":"HEARTBEAT","bufferSize":0}
2026-08-16 10:18:30,576 INFO  [it.uni.reti2.HeartbeatGenerator] (executor-thread-1) 💓 [HEARTBEAT] Invio heartbeat: {"stazioneId":"Padova","stato":"ONLINE","timestamp":"2026-08-16T08:18:30.576253620Z","tipoEvento":"HEARTBEAT","bufferSize":0}
2026-08-16 10:18:40,576 INFO  [it.uni.reti2.HeartbeatGenerator] (executor-thread-1) 💓 [HEARTBEAT] Invio heartbeat: {"stazioneId":"Padova","stato":"ONLINE","timestamp":"2026-08-16T08:18:40.576340669Z","tipoEvento":"HEARTBEAT","bufferSize":0}
2026-08-16 10:18:50,576 INFO  [it.uni.reti2.HeartbeatGenerator] (executor-thread-1) 💓 [HEARTBEAT] Invio heartbeat: {"stazioneId":"Padova","stato":"ONLINE","timestamp":"2026-08-16T08:18:50.576152031Z","tipoEvento":"HEARTBEAT","bufferSize":0}
2026-08-16 10:19:00,576 INFO  [it.uni.reti2.HeartbeatGenerator] (executor-thread-1) 💓 [HEARTBEAT] Invio heartbeat: {"stazioneId":"Padova","stato":"ONLINE","timestamp":"2026-08-16T08:19:00.576065727Z","tipoEvento":"HEARTBEAT","bufferSize":0}
2026-08-16 10:19:10,576 INFO  [it.uni.reti2.HeartbeatGenerator] (executor-thread-1) 💓 [HEARTBEAT] Invio heartbeat: {"stazioneId":"Padova","stato":"ONLINE","timestamp":"2026-08-16T08:19:10.576429424Z","tipoEvento":"HEARTBEAT","bufferSize":0}
2026-08-16 10:19:20,576 INFO  [it.uni.reti2.HeartbeatGenerator] (executor-thread-1) 💓 [HEARTBEAT] Invio heartbeat: {"stazioneId":"Padova","stato":"ONLINE","timestamp":"2026-08-16T08:19:20.576126577Z","tipoEvento":"HEARTBEAT","bufferSize":0}
2026-08-16 10:19:30,576 INFO  [it.uni.reti2.HeartbeatGenerator] (executor-thread-1) 💓 [HEARTBEAT] Invio heartbeat: {"stazioneId":"Padova","stato":"ONLINE","timestamp":"2026-08-16T08:19:30.576028249Z","tipoEvento":"HEARTBEAT","bufferSize":0}
2026-08-16 10:19:40,576 INFO  [it.uni.reti2.HeartbeatGenerator] (executor-thread-1) 💓 [HEARTBEAT] Invio heartbeat: {"stazioneId":"Padova","stato":"ONLINE","timestamp":"2026-08-16T08:19:40.576053005Z","tipoEvento":"HEARTBEAT","bufferSize":0}
2026-08-16 10:19:50,576 INFO  [it.uni.reti2.HeartbeatGenerator] (executor-thread-1) 💓 [HEARTBEAT] Invio heartbeat: {"stazioneId":"Padova","stato":"ONLINE","timestamp":"2026-08-16T08:19:50.576040647Z","tipoEvento":"HEARTBEAT","bufferSize":0}
2026-08-16 10:20:00,576 INFO  [it.uni.reti2.HeartbeatGenerator] (executor-thread-1) 💓 [HEARTBEAT] Invio heartbeat: {"stazioneId":"Padova","stato":"ONLINE","timestamp":"2026-08-16T08:20:00.576094203Z","tipoEvento":"HEARTBEAT","bufferSize":0}
2026-08-16 10:20:10,576 INFO  [it.uni.reti2.HeartbeatGenerator] (executor-thread-1) 💓 [HEARTBEAT] Invio heartbeat: {"stazioneId":"Padova","stato":"ONLINE","timestamp":"2026-08-16T08:20:10.576013792Z","tipoEvento":"HEARTBEAT","bufferSize":0}
2026-08-16 10:20:20,576 INFO  [it.uni.reti2.HeartbeatGenerator] (executor-thread-1) 💓 [HEARTBEAT] Invio heartbeat: {"stazioneId":"Padova","stato":"ONLINE","timestamp":"2026-08-16T08:20:20.576456231Z","tipoEvento":"HEARTBEAT","bufferSize":0}
2026-08-16 10:20:30,576 INFO  [it.uni.reti2.HeartbeatGenerator] (executor-thread-1) 💓 [HEARTBEAT] Invio heartbeat: {"stazioneId":"Padova","stato":"ONLINE","timestamp":"2026-08-16T08:20:30.576097330Z","tipoEvento":"HEARTBEAT","bufferSize":0}
2026-08-16 10:20:40,576 INFO  [it.uni.reti2.HeartbeatGenerator] (executor-thread-1) 💓 [HEARTBEAT] Invio heartbeat: {"stazioneId":"Padova","stato":"ONLINE","timestamp":"2026-08-16T08:20:40.576584553Z","tipoEvento":"HEARTBEAT","bufferSize":0}
2026-08-16 10:20:50,576 INFO  [it.uni.reti2.HeartbeatGenerator] (executor-thread-1) 💓 [HEARTBEAT] Invio heartbeat: {"stazioneId":"Padova","stato":"ONLINE","timestamp":"2026-08-16T08:20:50.576473769Z","tipoEvento":"HEARTBEAT","bufferSize":0}
2026-08-16 10:21:00,576 INFO  [it.uni.reti2.HeartbeatGenerator] (executor-thread-1) 💓 [HEARTBEAT] Invio heartbeat: {"stazioneId":"Padova","stato":"ONLINE","timestamp":"2026-08-16T08:21:00.576137785Z","tipoEvento":"HEARTBEAT","bufferSize":0}
2026-08-16 10:21:10,576 INFO  [it.uni.reti2.HeartbeatGenerator] (executor-thread-1) 💓 [HEARTBEAT] Invio heartbeat: {"stazioneId":"Padova","stato":"ONLINE","timestamp":"2026-08-16T08:21:10.576631058Z","tipoEvento":"HEARTBEAT","bufferSize":0}
2026-08-16 10:21:20,576 INFO  [it.uni.reti2.HeartbeatGenerator] (executor-thread-1) 💓 [HEARTBEAT] Invio heartbeat: {"stazioneId":"Padova","stato":"ONLINE","timestamp":"2026-08-16T08:21:20.576134686Z","tipoEvento":"HEARTBEAT","bufferSize":0}
2026-08-16 10:21:30,576 INFO  [it.uni.reti2.HeartbeatGenerator] (executor-thread-1) 💓 [HEARTBEAT] Invio heartbeat: {"stazioneId":"Padova","stato":"ONLINE","timestamp":"2026-08-16T08:21:30.576644288Z","tipoEvento":"HEARTBEAT","bufferSize":0}
2026-08-16 10:21:40,576 INFO  [it.uni.reti2.HeartbeatGenerator] (executor-thread-1) 💓 [HEARTBEAT] Invio heartbeat: {"stazioneId":"Padova","stato":"ONLINE","timestamp":"2026-08-16T08:21:40.576109563Z","tipoEvento":"HEARTBEAT","bufferSize":0}
2026-08-16 10:21:50,576 INFO  [it.uni.reti2.HeartbeatGenerator] (executor-thread-1) 💓 [HEARTBEAT] Invio heartbeat: {"stazioneId":"Padova","stato":"ONLINE","timestamp":"2026-08-16T08:21:50.576119271Z","tipoEvento":"HEARTBEAT","bufferSize":0}
2026-08-16 10:22:00,576 INFO  [it.uni.reti2.HeartbeatGenerator] (executor-thread-1) 💓 [HEARTBEAT] Invio heartbeat: {"stazioneId":"Padova","stato":"ONLINE","timestamp":"2026-08-16T08:22:00.575993524Z","tipoEvento":"HEARTBEAT","bufferSize":0}
2026-08-16 10:22:10,576 INFO  [it.uni.reti2.HeartbeatGenerator] (executor-thread-1) 💓 [HEARTBEAT] Invio heartbeat: {"stazioneId":"Padova","stato":"ONLINE","timestamp":"2026-08-16T08:22:10.576211073Z","tipoEvento":"HEARTBEAT","bufferSize":0}
2026-08-16 10:22:20,576 INFO  [it.uni.reti2.HeartbeatGenerator] (executor-thread-1) 💓 [HEARTBEAT] Invio heartbeat: {"stazioneId":"Padova","stato":"ONLINE","timestamp":"2026-08-16T08:22:20.576034940Z","tipoEvento":"HEARTBEAT","bufferSize":0}
2026-08-16 10:22:30,576 INFO  [it.uni.reti2.HeartbeatGenerator] (executor-thread-1) 💓 [HEARTBEAT] Invio heartbeat: {"stazioneId":"Padova","stato":"ONLINE","timestamp":"2026-08-16T08:22:30.576037971Z","tipoEvento":"HEARTBEAT","bufferSize":0}
2026-08-16 10:22:40,576 INFO  [it.uni.reti2.HeartbeatGenerator] (executor-thread-1) 💓 [HEARTBEAT] Invio heartbeat: {"stazioneId":"Padova","stato":"ONLINE","timestamp":"2026-08-16T08:22:40.576048942Z","tipoEvento":"HEARTBEAT","bufferSize":0}
2026-08-16 10:22:50,576 INFO  [it.uni.reti2.HeartbeatGenerator] (executor-thread-1) 💓 [HEARTBEAT] Invio heartbeat: {"stazioneId":"Padova","stato":"ONLINE","timestamp":"2026-08-16T08:22:50.575987260Z","tipoEvento":"HEARTBEAT","bufferSize":0}
2026-08-16 10:23:00,576 INFO  [it.uni.reti2.HeartbeatGenerator] (executor-thread-1) 💓 [HEARTBEAT] Invio heartbeat: {"stazioneId":"Padova","stato":"ONLINE","timestamp":"2026-08-16T08:23:00.576070273Z","tipoEvento":"HEARTBEAT","bufferSize":0}
2026-08-16 10:23:10,576 INFO  [it.uni.reti2.HeartbeatGenerator] (executor-thread-1) 💓 [HEARTBEAT] Invio heartbeat: {"stazioneId":"Padova","stato":"ONLINE","timestamp":"2026-08-16T08:23:10.576304412Z","tipoEvento":"HEARTBEAT","bufferSize":0}
2026-08-16 10:23:20,576 INFO  [it.uni.reti2.HeartbeatGenerator] (executor-thread-1) 💓 [HEARTBEAT] Invio heartbeat: {"stazioneId":"Padova","stato":"ONLINE","timestamp":"2026-08-16T08:23:20.576591818Z","tipoEvento":"HEARTBEAT","bufferSize":0}
2026-08-16 10:23:30,576 INFO  [it.uni.reti2.HeartbeatGenerator] (executor-thread-1) 💓 [HEARTBEAT] Invio heartbeat: {"stazioneId":"Padova","stato":"ONLINE","timestamp":"2026-08-16T08:23:30.576325311Z","tipoEvento":"HEARTBEAT","bufferSize":0}
2026-08-16 10:23:40,576 INFO  [it.uni.reti2.HeartbeatGenerator] (executor-thread-1) 💓 [HEARTBEAT] Invio heartbeat: {"stazioneId":"Padova","stato":"ONLINE","timestamp":"2026-08-16T08:23:40.576185489Z","tipoEvento":"HEARTBEAT","bufferSize":0}
2026-08-16 10:23:50,576 INFO  [it.uni.reti2.HeartbeatGenerator] (executor-thread-1) 💓 [HEARTBEAT] Invio heartbeat: {"stazioneId":"Padova","stato":"ONLINE","timestamp":"2026-08-16T08:23:50.575992079Z","tipoEvento":"HEARTBEAT","bufferSize":0}
2026-08-16 10:24:00,576 INFO  [it.uni.reti2.HeartbeatGenerator] (executor-thread-1) 💓 [HEARTBEAT] Invio heartbeat: {"stazioneId":"Padova","stato":"ONLINE","timestamp":"2026-08-16T08:24:00.576068764Z","tipoEvento":"HEARTBEAT","bufferSize":0}
2026-08-16 10:24:10,576 INFO  [it.uni.reti2.HeartbeatGenerator] (executor-thread-1) 💓 [HEARTBEAT] Invio heartbeat: {"stazioneId":"Padova","stato":"ONLINE","timestamp":"2026-08-16T08:24:10.576006240Z","tipoEvento":"HEARTBEAT","bufferSize":0}
2026-08-16 10:24:20,576 INFO  [it.uni.reti2.HeartbeatGenerator] (executor-thread-1) 💓 [HEARTBEAT] Invio heartbeat: {"stazioneId":"Padova","stato":"ONLINE","timestamp":"2026-08-16T08:24:20.576091635Z","tipoEvento":"HEARTBEAT","bufferSize":0}
2026-08-16 10:24:30,576 INFO  [it.uni.reti2.HeartbeatGenerator] (executor-thread-1) 💓 [HEARTBEAT] Invio heartbeat: {"stazioneId":"Padova","stato":"ONLINE","timestamp":"2026-08-16T08:24:30.576211797Z","tipoEvento":"HEARTBEAT","bufferSize":0}
2026-08-16 10:24:40,576 INFO  [it.uni.reti2.HeartbeatGenerator] (executor-thread-1) 💓 [HEARTBEAT] Invio heartbeat: {"stazioneId":"Padova","stato":"ONLINE","timestamp":"2026-08-16T08:24:40.576543185Z","tipoEvento":"HEARTBEAT","bufferSize":0}
2026-08-16 10:24:50,576 INFO  [it.uni.reti2.HeartbeatGenerator] (executor-thread-1) 💓 [HEARTBEAT] Invio heartbeat: {"stazioneId":"Padova","stato":"ONLINE","timestamp":"2026-08-16T08:24:50.576044262Z","tipoEvento":"HEARTBEAT","bufferSize":0}
2026-08-16 10:25:00,576 INFO  [it.uni.reti2.HeartbeatGenerator] (executor-thread-1) 💓 [HEARTBEAT] Invio heartbeat: {"stazioneId":"Padova","stato":"ONLINE","timestamp":"2026-08-16T08:25:00.576030192Z","tipoEvento":"HEARTBEAT","bufferSize":0}
2026-08-16 10:25:10,576 INFO  [it.uni.reti2.HeartbeatGenerator] (executor-thread-1) 💓 [HEARTBEAT] Invio heartbeat: {"stazioneId":"Padova","stato":"ONLINE","timestamp":"2026-08-16T08:25:10.576041484Z","tipoEvento":"HEARTBEAT","bufferSize":0}
2026-08-16 10:25:20,576 INFO  [it.uni.reti2.HeartbeatGenerator] (executor-thread-1) 💓 [HEARTBEAT] Invio heartbeat: {"stazioneId":"Padova","stato":"ONLINE","timestamp":"2026-08-16T08:25:20.576159873Z","tipoEvento":"HEARTBEAT","bufferSize":0}
2026-08-16 10:25:30,576 INFO  [it.uni.reti2.HeartbeatGenerator] (executor-thread-1) 💓 [HEARTBEAT] Invio heartbeat: {"stazioneId":"Padova","stato":"ONLINE","timestamp":"2026-08-16T08:25:30.575981812Z","tipoEvento":"HEARTBEAT","bufferSize":0}
2026-08-16 10:25:40,576 INFO  [it.uni.reti2.HeartbeatGenerator] (executor-thread-1) 💓 [HEARTBEAT] Invio heartbeat: {"stazioneId":"Padova","stato":"ONLINE","timestamp":"2026-08-16T08:25:40.575944872Z","tipoEvento":"HEARTBEAT","bufferSize":0}
2026-08-16 10:25:50,576 INFO  [it.uni.reti2.HeartbeatGenerator] (executor-thread-1) 💓 [HEARTBEAT] Invio heartbeat: {"stazioneId":"Padova","stato":"ONLINE","timestamp":"2026-08-16T08:25:50.575994319Z","tipoEvento":"HEARTBEAT","bufferSize":0}
2026-08-16 10:26:00,576 INFO  [it.uni.reti2.HeartbeatGenerator] (executor-thread-1) 💓 [HEARTBEAT] Invio heartbeat: {"stazioneId":"Padova","stato":"ONLINE","timestamp":"2026-08-16T08:26:00.576126764Z","tipoEvento":"HEARTBEAT","bufferSize":0}
2026-08-16 10:26:10,576 INFO  [it.uni.reti2.HeartbeatGenerator] (executor-thread-1) 💓 [HEARTBEAT] Invio heartbeat: {"stazioneId":"Padova","stato":"ONLINE","timestamp":"2026-08-16T08:26:10.576036786Z","tipoEvento":"HEARTBEAT","bufferSize":0}
2026-08-16 10:26:20,576 INFO  [it.uni.reti2.HeartbeatGenerator] (executor-thread-1) 💓 [HEARTBEAT] Invio heartbeat: {"stazioneId":"Padova","stato":"ONLINE","timestamp":"2026-08-16T08:26:20.576006850Z","tipoEvento":"HEARTBEAT","bufferSize":0}
2026-08-16 10:26:30,576 INFO  [it.uni.reti2.HeartbeatGenerator] (executor-thread-1) 💓 [HEARTBEAT] Invio heartbeat: {"stazioneId":"Padova","stato":"ONLINE","timestamp":"2026-08-16T08:26:30.576104838Z","tipoEvento":"HEARTBEAT","bufferSize":0}
2026-08-16 10:26:40,576 INFO  [it.uni.reti2.HeartbeatGenerator] (executor-thread-1) 💓 [HEARTBEAT] Invio heartbeat: {"stazioneId":"Padova","stato":"ONLINE","timestamp":"2026-08-16T08:26:40.576104788Z","tipoEvento":"HEARTBEAT","bufferSize":0}
2026-08-16 10:26:50,576 INFO  [it.uni.reti2.HeartbeatGenerator] (executor-thread-1) 💓 [HEARTBEAT] Invio heartbeat: {"stazioneId":"Padova","stato":"ONLINE","timestamp":"2026-08-16T08:26:50.575922324Z","tipoEvento":"HEARTBEAT","bufferSize":0}
2026-08-16 10:27:00,576 INFO  [it.uni.reti2.HeartbeatGenerator] (executor-thread-1) 💓 [HEARTBEAT] Invio heartbeat: {"stazioneId":"Padova","stato":"ONLINE","timestamp":"2026-08-16T08:27:00.575975398Z","tipoEvento":"HEARTBEAT","bufferSize":0}
2026-08-16 10:27:10,576 INFO  [it.uni.reti2.HeartbeatGenerator] (executor-thread-1) 💓 [HEARTBEAT] Invio heartbeat: {"stazioneId":"Padova","stato":"ONLINE","timestamp":"2026-08-16T08:27:10.576033831Z","tipoEvento":"HEARTBEAT","bufferSize":0}
2026-08-16 10:27:20,576 INFO  [it.uni.reti2.HeartbeatGenerator] (executor-thread-1) 💓 [HEARTBEAT] Invio heartbeat: {"stazioneId":"Padova","stato":"ONLINE","timestamp":"2026-08-16T08:27:20.576119196Z","tipoEvento":"HEARTBEAT","bufferSize":0}
2026-08-16 10:27:30,576 INFO  [it.uni.reti2.HeartbeatGenerator] (executor-thread-1) 💓 [HEARTBEAT] Invio heartbeat: {"stazioneId":"Padova","stato":"ONLINE","timestamp":"2026-08-16T08:27:30.575996999Z","tipoEvento":"HEARTBEAT","bufferSize":0}
2026-08-16 10:27:40,576 INFO  [it.uni.reti2.HeartbeatGenerator] (executor-thread-1) 💓 [HEARTBEAT] Invio heartbeat: {"stazioneId":"Padova","stato":"ONLINE","timestamp":"2026-08-16T08:27:40.576170628Z","tipoEvento":"HEARTBEAT","bufferSize":0}
2026-08-16 10:27:50,576 INFO  [it.uni.reti2.HeartbeatGenerator] (executor-thread-1) 💓 [HEARTBEAT] Invio heartbeat: {"stazioneId":"Padova","stato":"ONLINE","timestamp":"2026-08-16T08:27:50.575980940Z","tipoEvento":"HEARTBEAT","bufferSize":0}
2026-08-16 10:28:00,576 INFO  [it.uni.reti2.HeartbeatGenerator] (executor-thread-1) 💓 [HEARTBEAT] Invio heartbeat: {"stazioneId":"Padova","stato":"ONLINE","timestamp":"2026-08-16T08:28:00.576008638Z","tipoEvento":"HEARTBEAT","bufferSize":0}
2026-08-16 10:28:10,576 INFO  [it.uni.reti2.HeartbeatGenerator] (executor-thread-1) 💓 [HEARTBEAT] Invio heartbeat: {"stazioneId":"Padova","stato":"ONLINE","timestamp":"2026-08-16T08:28:10.575938038Z","tipoEvento":"HEARTBEAT","bufferSize":0}
2026-08-16 10:28:20,576 INFO  [it.uni.reti2.HeartbeatGenerator] (executor-thread-1) 💓 [HEARTBEAT] Invio heartbeat: {"stazioneId":"Padova","stato":"ONLINE","timestamp":"2026-08-16T08:28:20.576730720Z","tipoEvento":"HEARTBEAT","bufferSize":0}
2026-08-16 10:28:30,576 INFO  [it.uni.reti2.HeartbeatGenerator] (executor-thread-1) 💓 [HEARTBEAT] Invio heartbeat: {"stazioneId":"Padova","stato":"ONLINE","timestamp":"2026-08-16T08:28:30.575967428Z","tipoEvento":"HEARTBEAT","bufferSize":0}
2026-08-16 10:28:40,576 INFO  [it.uni.reti2.HeartbeatGenerator] (executor-thread-1) 💓 [HEARTBEAT] Invio heartbeat: {"stazioneId":"Padova","stato":"ONLINE","timestamp":"2026-08-16T08:28:40.576199405Z","tipoEvento":"HEARTBEAT","bufferSize":0}
2026-08-16 10:28:50,576 INFO  [it.uni.reti2.HeartbeatGenerator] (executor-thread-1) 💓 [HEARTBEAT] Invio heartbeat: {"stazioneId":"Padova","stato":"ONLINE","timestamp":"2026-08-16T08:28:50.576426503Z","tipoEvento":"HEARTBEAT","bufferSize":0}
2026-08-16 10:29:00,576 INFO  [it.uni.reti2.HeartbeatGenerator] (executor-thread-1) 💓 [HEARTBEAT] Invio heartbeat: {"stazioneId":"Padova","stato":"ONLINE","timestamp":"2026-08-16T08:29:00.576004886Z","tipoEvento":"HEARTBEAT","bufferSize":0}
2026-08-16 10:29:10,576 INFO  [it.uni.reti2.HeartbeatGenerator] (executor-thread-1) 💓 [HEARTBEAT] Invio heartbeat: {"stazioneId":"Padova","stato":"ONLINE","timestamp":"2026-08-16T08:29:10.576052981Z","tipoEvento":"HEARTBEAT","bufferSize":0}
2026-08-16 10:29:20,576 INFO  [it.uni.reti2.HeartbeatGenerator] (executor-thread-1) 💓 [HEARTBEAT] Invio heartbeat: {"stazioneId":"Padova","stato":"ONLINE","timestamp":"2026-08-16T08:29:20.575971862Z","tipoEvento":"HEARTBEAT","bufferSize":0}
2026-08-16 10:29:30,576 INFO  [it.uni.reti2.HeartbeatGenerator] (executor-thread-1) 💓 [HEARTBEAT] Invio heartbeat: {"stazioneId":"Padova","stato":"ONLINE","timestamp":"2026-08-16T08:29:30.576567521Z","tipoEvento":"HEARTBEAT","bufferSize":0}
2026-08-16 10:29:40,576 INFO  [it.uni.reti2.HeartbeatGenerator] (executor-thread-1) 💓 [HEARTBEAT] Invio heartbeat: {"stazioneId":"Padova","stato":"ONLINE","timestamp":"2026-08-16T08:29:40.576106730Z","tipoEvento":"HEARTBEAT","bufferSize":0}
2026-08-16 10:29:50,576 INFO  [it.uni.reti2.HeartbeatGenerator] (executor-thread-1) 💓 [HEARTBEAT] Invio heartbeat: {"stazioneId":"Padova","stato":"ONLINE","timestamp":"2026-08-16T08:29:50.575993622Z","tipoEvento":"HEARTBEAT","bufferSize":0}
2026-08-16 10:30:00,576 INFO  [it.uni.reti2.HeartbeatGenerator] (executor-thread-1) 💓 [HEARTBEAT] Invio heartbeat: {"stazioneId":"Padova","stato":"ONLINE","timestamp":"2026-08-16T08:30:00.576062904Z","tipoEvento":"HEARTBEAT","bufferSize":0}
2026-08-16 10:30:10,576 INFO  [it.uni.reti2.HeartbeatGenerator] (executor-thread-1) 💓 [HEARTBEAT] Invio heartbeat: {"stazioneId":"Padova","stato":"ONLINE","timestamp":"2026-08-16T08:30:10.576052968Z","tipoEvento":"HEARTBEAT","bufferSize":0}
2026-08-16 10:30:20,576 INFO  [it.uni.reti2.HeartbeatGenerator] (executor-thread-1) 💓 [HEARTBEAT] Invio heartbeat: {"stazioneId":"Padova","stato":"ONLINE","timestamp":"2026-08-16T08:30:20.576181150Z","tipoEvento":"HEARTBEAT","bufferSize":0}
2026-08-16 10:30:30,576 INFO  [it.uni.reti2.HeartbeatGenerator] (executor-thread-1) 💓 [HEARTBEAT] Invio heartbeat: {"stazioneId":"Padova","stato":"ONLINE","timestamp":"2026-08-16T08:30:30.576037071Z","tipoEvento":"HEARTBEAT","bufferSize":0}
2026-08-16 10:30:40,576 INFO  [it.uni.reti2.HeartbeatGenerator] (executor-thread-1) 💓 [HEARTBEAT] Invio heartbeat: {"stazioneId":"Padova","stato":"ONLINE","timestamp":"2026-08-16T08:30:40.576573502Z","tipoEvento":"HEARTBEAT","bufferSize":0}
2026-08-16 10:30:50,576 INFO  [it.uni.reti2.HeartbeatGenerator] (executor-thread-1) 💓 [HEARTBEAT] Invio heartbeat: {"stazioneId":"Padova","stato":"ONLINE","timestamp":"2026-08-16T08:30:50.576105919Z","tipoEvento":"HEARTBEAT","bufferSize":0}
2026-08-16 10:31:00,576 INFO  [it.uni.reti2.HeartbeatGenerator] (executor-thread-1) 💓 [HEARTBEAT] Invio heartbeat: {"stazioneId":"Padova","stato":"ONLINE","timestamp":"2026-08-16T08:31:00.575982739Z","tipoEvento":"HEARTBEAT","bufferSize":0}
2026-08-16 10:31:10,576 INFO  [it.uni.reti2.HeartbeatGenerator] (executor-thread-1) 💓 [HEARTBEAT] Invio heartbeat: {"stazioneId":"Padova","stato":"ONLINE","timestamp":"2026-08-16T08:31:10.576028201Z","tipoEvento":"HEARTBEAT","bufferSize":0}
2026-08-16 10:31:20,576 INFO  [it.uni.reti2.HeartbeatGenerator] (executor-thread-1) 💓 [HEARTBEAT] Invio heartbeat: {"stazioneId":"Padova","stato":"ONLINE","timestamp":"2026-08-16T08:31:20.576496380Z","tipoEvento":"HEARTBEAT","bufferSize":0}
2026-08-16 10:31:30,576 INFO  [it.uni.reti2.HeartbeatGenerator] (executor-thread-1) 💓 [HEARTBEAT] Invio heartbeat: {"stazioneId":"Padova","stato":"ONLINE","timestamp":"2026-08-16T08:31:30.576465588Z","tipoEvento":"HEARTBEAT","bufferSize":0}
2026-08-16 10:31:40,576 INFO  [it.uni.reti2.HeartbeatGenerator] (executor-thread-1) 💓 [HEARTBEAT] Invio heartbeat: {"stazioneId":"Padova","stato":"ONLINE","timestamp":"2026-08-16T08:31:40.576074122Z","tipoEvento":"HEARTBEAT","bufferSize":0}
2026-08-16 10:31:50,576 INFO  [it.uni.reti2.HeartbeatGenerator] (executor-thread-1) 💓 [HEARTBEAT] Invio heartbeat: {"stazioneId":"Padova","stato":"ONLINE","timestamp":"2026-08-16T08:31:50.576125175Z","tipoEvento":"HEARTBEAT","bufferSize":0}
2026-08-16 10:32:00,576 INFO  [it.uni.reti2.HeartbeatGenerator] (executor-thread-1) 💓 [HEARTBEAT] Invio heartbeat: {"stazioneId":"Padova","stato":"ONLINE","timestamp":"2026-08-16T08:32:00.576453243Z","tipoEvento":"HEARTBEAT","bufferSize":0}
2026-08-16 10:32:10,576 INFO  [it.uni.reti2.HeartbeatGenerator] (executor-thread-1) 💓 [HEARTBEAT] Invio heartbeat: {"stazioneId":"Padova","stato":"ONLINE","timestamp":"2026-08-16T08:32:10.576044705Z","tipoEvento":"HEARTBEAT","bufferSize":0}
2026-08-16 10:32:20,576 INFO  [it.uni.reti2.HeartbeatGenerator] (executor-thread-1) 💓 [HEARTBEAT] Invio heartbeat: {"stazioneId":"Padova","stato":"ONLINE","timestamp":"2026-08-16T08:32:20.575950415Z","tipoEvento":"HEARTBEAT","bufferSize":0}
2026-08-16 10:32:30,576 INFO  [it.uni.reti2.HeartbeatGenerator] (executor-thread-1) 💓 [HEARTBEAT] Invio heartbeat: {"stazioneId":"Padova","stato":"ONLINE","timestamp":"2026-08-16T08:32:30.575986067Z","tipoEvento":"HEARTBEAT","bufferSize":0}
2026-08-16 10:32:40,576 INFO  [it.uni.reti2.HeartbeatGenerator] (executor-thread-1) 💓 [HEARTBEAT] Invio heartbeat: {"stazioneId":"Padova","stato":"ONLINE","timestamp":"2026-08-16T08:32:40.576496303Z","tipoEvento":"HEARTBEAT","bufferSize":0}
2026-08-16 10:32:50,576 INFO  [it.uni.reti2.HeartbeatGenerator] (executor-thread-1) 💓 [HEARTBEAT] Invio heartbeat: {"stazioneId":"Padova","stato":"ONLINE","timestamp":"2026-08-16T08:32:50.576048625Z","tipoEvento":"HEARTBEAT","bufferSize":0}
2026-08-16 10:33:00,576 INFO  [it.uni.reti2.HeartbeatGenerator] (executor-thread-1) 💓 [HEARTBEAT] Invio heartbeat: {"stazioneId":"Padova","stato":"ONLINE","timestamp":"2026-08-16T08:33:00.576070237Z","tipoEvento":"HEARTBEAT","bufferSize":0}
2026-08-16 10:33:10,576 INFO  [it.uni.reti2.HeartbeatGenerator] (executor-thread-1) 💓 [HEARTBEAT] Invio heartbeat: {"stazioneId":"Padova","stato":"ONLINE","timestamp":"2026-08-16T08:33:10.576054501Z","tipoEvento":"HEARTBEAT","bufferSize":0}
2026-08-16 10:33:20,576 INFO  [it.uni.reti2.HeartbeatGenerator] (executor-thread-1) 💓 [HEARTBEAT] Invio heartbeat: {"stazioneId":"Padova","stato":"ONLINE","timestamp":"2026-08-16T08:33:20.576463232Z","tipoEvento":"HEARTBEAT","bufferSize":0}
2026-08-16 10:33:30,576 INFO  [it.uni.reti2.HeartbeatGenerator] (executor-thread-1) 💓 [HEARTBEAT] Invio heartbeat: {"stazioneId":"Padova","stato":"ONLINE","timestamp":"2026-08-16T08:33:30.576125141Z","tipoEvento":"HEARTBEAT","bufferSize":0}
2026-08-16 10:33:40,576 INFO  [it.uni.reti2.HeartbeatGenerator] (executor-thread-1) 💓 [HEARTBEAT] Invio heartbeat: {"stazioneId":"Padova","stato":"ONLINE","timestamp":"2026-08-16T08:33:40.576117803Z","tipoEvento":"HEARTBEAT","bufferSize":0}
2026-08-16 10:33:50,576 INFO  [it.uni.reti2.HeartbeatGenerator] (executor-thread-1) 💓 [HEARTBEAT] Invio heartbeat: {"stazioneId":"Padova","stato":"ONLINE","timestamp":"2026-08-16T08:33:50.576136983Z","tipoEvento":"HEARTBEAT","bufferSize":0}
2026-08-16 10:34:00,576 INFO  [it.uni.reti2.HeartbeatGenerator] (executor-thread-1) 💓 [HEARTBEAT] Invio heartbeat: {"stazioneId":"Padova","stato":"ONLINE","timestamp":"2026-08-16T08:34:00.575978394Z","tipoEvento":"HEARTBEAT","bufferSize":0}
2026-08-16 10:34:10,576 INFO  [it.uni.reti2.HeartbeatGenerator] (executor-thread-1) 💓 [HEARTBEAT] Invio heartbeat: {"stazioneId":"Padova","stato":"ONLINE","timestamp":"2026-08-16T08:34:10.576059046Z","tipoEvento":"HEARTBEAT","bufferSize":0}
2026-08-16 10:34:20,576 INFO  [it.uni.reti2.HeartbeatGenerator] (executor-thread-1) 💓 [HEARTBEAT] Invio heartbeat: {"stazioneId":"Padova","stato":"ONLINE","timestamp":"2026-08-16T08:34:20.576250815Z","tipoEvento":"HEARTBEAT","bufferSize":0}
2026-08-16 10:34:30,576 INFO  [it.uni.reti2.HeartbeatGenerator] (executor-thread-1) 💓 [HEARTBEAT] Invio heartbeat: {"stazioneId":"Padova","stato":"ONLINE","timestamp":"2026-08-16T08:34:30.576044946Z","tipoEvento":"HEARTBEAT","bufferSize":0}
2026-08-16 10:34:40,576 INFO  [it.uni.reti2.HeartbeatGenerator] (executor-thread-1) 💓 [HEARTBEAT] Invio heartbeat: {"stazioneId":"Padova","stato":"ONLINE","timestamp":"2026-08-16T08:34:40.575971447Z","tipoEvento":"HEARTBEAT","bufferSize":0}
2026-08-16 10:34:50,576 INFO  [it.uni.reti2.HeartbeatGenerator] (executor-thread-1) 💓 [HEARTBEAT] Invio heartbeat: {"stazioneId":"Padova","stato":"ONLINE","timestamp":"2026-08-16T08:34:50.576012930Z","tipoEvento":"HEARTBEAT","bufferSize":0}
2026-08-16 10:35:00,576 INFO  [it.uni.reti2.HeartbeatGenerator] (executor-thread-1) 💓 [HEARTBEAT] Invio heartbeat: {"stazioneId":"Padova","stato":"ONLINE","timestamp":"2026-08-16T08:35:00.576098763Z","tipoEvento":"HEARTBEAT","bufferSize":0}
2026-08-16 10:35:10,576 INFO  [it.uni.reti2.HeartbeatGenerator] (executor-thread-1) 💓 [HEARTBEAT] Invio heartbeat: {"stazioneId":"Padova","stato":"ONLINE","timestamp":"2026-08-16T08:35:10.576497892Z","tipoEvento":"HEARTBEAT","bufferSize":0}
2026-08-16 10:35:20,576 INFO  [it.uni.reti2.HeartbeatGenerator] (executor-thread-1) 💓 [HEARTBEAT] Invio heartbeat: {"stazioneId":"Padova","stato":"ONLINE","timestamp":"2026-08-16T08:35:20.576036609Z","tipoEvento":"HEARTBEAT","bufferSize":0}
2026-08-16 10:35:30,576 INFO  [it.uni.reti2.HeartbeatGenerator] (executor-thread-1) 💓 [HEARTBEAT] Invio heartbeat: {"stazioneId":"Padova","stato":"ONLINE","timestamp":"2026-08-16T08:35:30.576087280Z","tipoEvento":"HEARTBEAT","bufferSize":0}
2026-08-16 10:35:40,576 INFO  [it.uni.reti2.HeartbeatGenerator] (executor-thread-1) 💓 [HEARTBEAT] Invio heartbeat: {"stazioneId":"Padova","stato":"ONLINE","timestamp":"2026-08-16T08:35:40.576100399Z","tipoEvento":"HEARTBEAT","bufferSize":0}
2026-08-16 10:35:50,576 INFO  [it.uni.reti2.HeartbeatGenerator] (executor-thread-1) 💓 [HEARTBEAT] Invio heartbeat: {"stazioneId":"Padova","stato":"ONLINE","timestamp":"2026-08-16T08:35:50.576069223Z","tipoEvento":"HEARTBEAT","bufferSize":0}
2026-08-16 10:36:00,576 INFO  [it.uni.reti2.HeartbeatGenerator] (executor-thread-1) 💓 [HEARTBEAT] Invio heartbeat: {"stazioneId":"Padova","stato":"ONLINE","timestamp":"2026-08-16T08:36:00.576574762Z","tipoEvento":"HEARTBEAT","bufferSize":0}
2026-08-16 10:36:10,576 INFO  [it.uni.reti2.HeartbeatGenerator] (executor-thread-1) 💓 [HEARTBEAT] Invio heartbeat: {"stazioneId":"Padova","stato":"ONLINE","timestamp":"2026-08-16T08:36:10.576012055Z","tipoEvento":"HEARTBEAT","bufferSize":0}
2026-08-16 10:36:20,576 INFO  [it.uni.reti2.HeartbeatGenerator] (executor-thread-1) 💓 [HEARTBEAT] Invio heartbeat: {"stazioneId":"Padova","stato":"ONLINE","timestamp":"2026-08-16T08:36:20.576097215Z","tipoEvento":"HEARTBEAT","bufferSize":0}
2026-08-16 10:36:30,576 INFO  [it.uni.reti2.HeartbeatGenerator] (executor-thread-1) 💓 [HEARTBEAT] Invio heartbeat: {"stazioneId":"Padova","stato":"ONLINE","timestamp":"2026-08-16T08:36:30.575960463Z","tipoEvento":"HEARTBEAT","bufferSize":0}
2026-08-16 10:36:40,576 INFO  [it.uni.reti2.HeartbeatGenerator] (executor-thread-1) 💓 [HEARTBEAT] Invio heartbeat: {"stazioneId":"Padova","stato":"ONLINE","timestamp":"2026-08-16T08:36:40.576250718Z","tipoEvento":"HEARTBEAT","bufferSize":0}
2026-08-16 10:36:50,576 INFO  [it.uni.reti2.HeartbeatGenerator] (executor-thread-1) 💓 [HEARTBEAT] Invio heartbeat: {"stazioneId":"Padova","stato":"ONLINE","timestamp":"2026-08-16T08:36:50.576491009Z","tipoEvento":"HEARTBEAT","bufferSize":0}
2026-08-16 10:37:00,576 INFO  [it.uni.reti2.HeartbeatGenerator] (executor-thread-1) 💓 [HEARTBEAT] Invio heartbeat: {"stazioneId":"Padova","stato":"ONLINE","timestamp":"2026-08-16T08:37:00.576447445Z","tipoEvento":"HEARTBEAT","bufferSize":0}
2026-08-16 10:37:10,576 INFO  [it.uni.reti2.HeartbeatGenerator] (executor-thread-1) 💓 [HEARTBEAT] Invio heartbeat: {"stazioneId":"Padova","stato":"ONLINE","timestamp":"2026-08-16T08:37:10.576533836Z","tipoEvento":"HEARTBEAT","bufferSize":0}
2026-08-16 10:37:20,576 INFO  [it.uni.reti2.HeartbeatGenerator] (executor-thread-1) 💓 [HEARTBEAT] Invio heartbeat: {"stazioneId":"Padova","stato":"ONLINE","timestamp":"2026-08-16T08:37:20.576008962Z","tipoEvento":"HEARTBEAT","bufferSize":0}
2026-08-16 10:37:30,576 INFO  [it.uni.reti2.HeartbeatGenerator] (executor-thread-1) 💓 [HEARTBEAT] Invio heartbeat: {"stazioneId":"Padova","stato":"ONLINE","timestamp":"2026-08-16T08:37:30.576137284Z","tipoEvento":"HEARTBEAT","bufferSize":0}
2026-08-16 10:37:40,576 INFO  [it.uni.reti2.HeartbeatGenerator] (executor-thread-1) 💓 [HEARTBEAT] Invio heartbeat: {"stazioneId":"Padova","stato":"ONLINE","timestamp":"2026-08-16T08:37:40.576022918Z","tipoEvento":"HEARTBEAT","bufferSize":0}
2026-08-16 10:37:50,576 INFO  [it.uni.reti2.HeartbeatGenerator] (executor-thread-1) 💓 [HEARTBEAT] Invio heartbeat: {"stazioneId":"Padova","stato":"ONLINE","timestamp":"2026-08-16T08:37:50.575946444Z","tipoEvento":"HEARTBEAT","bufferSize":0}
2026-08-16 10:38:00,576 INFO  [it.uni.reti2.HeartbeatGenerator] (executor-thread-1) 💓 [HEARTBEAT] Invio heartbeat: {"stazioneId":"Padova","stato":"ONLINE","timestamp":"2026-08-16T08:38:00.576063752Z","tipoEvento":"HEARTBEAT","bufferSize":0}
2026-08-16 10:38:10,576 INFO  [it.uni.reti2.HeartbeatGenerator] (executor-thread-1) 💓 [HEARTBEAT] Invio heartbeat: {"stazioneId":"Padova","stato":"ONLINE","timestamp":"2026-08-16T08:38:10.576451866Z","tipoEvento":"HEARTBEAT","bufferSize":0}
2026-08-16 10:38:20,576 INFO  [it.uni.reti2.HeartbeatGenerator] (executor-thread-1) 💓 [HEARTBEAT] Invio heartbeat: {"stazioneId":"Padova","stato":"ONLINE","timestamp":"2026-08-16T08:38:20.576020483Z","tipoEvento":"HEARTBEAT","bufferSize":0}
2026-08-16 10:38:30,576 INFO  [it.uni.reti2.HeartbeatGenerator] (executor-thread-1) 💓 [HEARTBEAT] Invio heartbeat: {"stazioneId":"Padova","stato":"ONLINE","timestamp":"2026-08-16T08:38:30.576465413Z","tipoEvento":"HEARTBEAT","bufferSize":0}
2026-08-16 10:38:40,576 INFO  [it.uni.reti2.HeartbeatGenerator] (executor-thread-1) 💓 [HEARTBEAT] Invio heartbeat: {"stazioneId":"Padova","stato":"ONLINE","timestamp":"2026-08-16T08:38:40.576073779Z","tipoEvento":"HEARTBEAT","bufferSize":0}
2026-08-16 10:38:50,576 INFO  [it.uni.reti2.HeartbeatGenerator] (executor-thread-1) 💓 [HEARTBEAT] Invio heartbeat: {"stazioneId":"Padova","stato":"ONLINE","timestamp":"2026-08-16T08:38:50.576019966Z","tipoEvento":"HEARTBEAT","bufferSize":0}
2026-08-16 10:39:00,576 INFO  [it.uni.reti2.HeartbeatGenerator] (executor-thread-1) 💓 [HEARTBEAT] Invio heartbeat: {"stazioneId":"Padova","stato":"ONLINE","timestamp":"2026-08-16T08:39:00.576140928Z","tipoEvento":"HEARTBEAT","bufferSize":0}
2026-08-16 10:39:10,576 INFO  [it.uni.reti2.HeartbeatGenerator] (executor-thread-1) 💓 [HEARTBEAT] Invio heartbeat: {"stazioneId":"Padova","stato":"ONLINE","timestamp":"2026-08-16T08:39:10.576074911Z","tipoEvento":"HEARTBEAT","bufferSize":0}
2026-08-16 10:39:20,576 INFO  [it.uni.reti2.HeartbeatGenerator] (executor-thread-1) 💓 [HEARTBEAT] Invio heartbeat: {"stazioneId":"Padova","stato":"ONLINE","timestamp":"2026-08-16T08:39:20.576275103Z","tipoEvento":"HEARTBEAT","bufferSize":0}
2026-08-16 10:39:30,576 INFO  [it.uni.reti2.HeartbeatGenerator] (executor-thread-1) 💓 [HEARTBEAT] Invio heartbeat: {"stazioneId":"Padova","stato":"ONLINE","timestamp":"2026-08-16T08:39:30.576116233Z","tipoEvento":"HEARTBEAT","bufferSize":0}
2026-08-16 10:39:40,576 INFO  [it.uni.reti2.HeartbeatGenerator] (executor-thread-1) 💓 [HEARTBEAT] Invio heartbeat: {"stazioneId":"Padova","stato":"ONLINE","timestamp":"2026-08-16T08:39:40.576184856Z","tipoEvento":"HEARTBEAT","bufferSize":0}
2026-08-16 10:39:50,576 INFO  [it.uni.reti2.HeartbeatGenerator] (executor-thread-1) 💓 [HEARTBEAT] Invio heartbeat: {"stazioneId":"Padova","stato":"ONLINE","timestamp":"2026-08-16T08:39:50.575945116Z","tipoEvento":"HEARTBEAT","bufferSize":0}
2026-08-16 10:40:00,576 INFO  [it.uni.reti2.HeartbeatGenerator] (executor-thread-1) 💓 [HEARTBEAT] Invio heartbeat: {"stazioneId":"Padova","stato":"ONLINE","timestamp":"2026-08-16T08:40:00.576097840Z","tipoEvento":"HEARTBEAT","bufferSize":0}
2026-08-16 10:40:10,576 INFO  [it.uni.reti2.HeartbeatGenerator] (executor-thread-1) 💓 [HEARTBEAT] Invio heartbeat: {"stazioneId":"Padova","stato":"ONLINE","timestamp":"2026-08-16T08:40:10.576152410Z","tipoEvento":"HEARTBEAT","bufferSize":0}
2026-08-16 10:40:20,576 INFO  [it.uni.reti2.HeartbeatGenerator] (executor-thread-1) 💓 [HEARTBEAT] Invio heartbeat: {"stazioneId":"Padova","stato":"ONLINE","timestamp":"2026-08-16T08:40:20.576007415Z","tipoEvento":"HEARTBEAT","bufferSize":0}
2026-08-16 10:40:30,576 INFO  [it.uni.reti2.HeartbeatGenerator] (executor-thread-1) 💓 [HEARTBEAT] Invio heartbeat: {"stazioneId":"Padova","stato":"ONLINE","timestamp":"2026-08-16T08:40:30.575970101Z","tipoEvento":"HEARTBEAT","bufferSize":0}
2026-08-16 10:40:40,576 INFO  [it.uni.reti2.HeartbeatGenerator] (executor-thread-1) 💓 [HEARTBEAT] Invio heartbeat: {"stazioneId":"Padova","stato":"ONLINE","timestamp":"2026-08-16T08:40:40.576049563Z","tipoEvento":"HEARTBEAT","bufferSize":0}
2026-08-16 10:40:50,576 INFO  [it.uni.reti2.HeartbeatGenerator] (executor-thread-1) 💓 [HEARTBEAT] Invio heartbeat: {"stazioneId":"Padova","stato":"ONLINE","timestamp":"2026-08-16T08:40:50.575999163Z","tipoEvento":"HEARTBEAT","bufferSize":0}
2026-08-16 10:41:00,576 INFO  [it.uni.reti2.HeartbeatGenerator] (executor-thread-1) 💓 [HEARTBEAT] Invio heartbeat: {"stazioneId":"Padova","stato":"ONLINE","timestamp":"2026-08-16T08:41:00.576003762Z","tipoEvento":"HEARTBEAT","bufferSize":0}
2026-08-16 10:41:10,575 INFO  [it.uni.reti2.HeartbeatGenerator] (executor-thread-1) 💓 [HEARTBEAT] Invio heartbeat: {"stazioneId":"Padova","stato":"ONLINE","timestamp":"2026-08-16T08:41:10.575884203Z","tipoEvento":"HEARTBEAT","bufferSize":0}
2026-08-16 10:41:20,576 INFO  [it.uni.reti2.HeartbeatGenerator] (executor-thread-1) 💓 [HEARTBEAT] Invio heartbeat: {"stazioneId":"Padova","stato":"ONLINE","timestamp":"2026-08-16T08:41:20.575997972Z","tipoEvento":"HEARTBEAT","bufferSize":0}
2026-08-16 10:41:30,576 INFO  [it.uni.reti2.HeartbeatGenerator] (executor-thread-1) 💓 [HEARTBEAT] Invio heartbeat: {"stazioneId":"Padova","stato":"ONLINE","timestamp":"2026-08-16T08:41:30.575990606Z","tipoEvento":"HEARTBEAT","bufferSize":0}
2026-08-16 10:41:40,576 INFO  [it.uni.reti2.HeartbeatGenerator] (executor-thread-1) 💓 [HEARTBEAT] Invio heartbeat: {"stazioneId":"Padova","stato":"ONLINE","timestamp":"2026-08-16T08:41:40.576521845Z","tipoEvento":"HEARTBEAT","bufferSize":0}
2026-08-16 10:41:50,576 INFO  [it.uni.reti2.HeartbeatGenerator] (executor-thread-1) 💓 [HEARTBEAT] Invio heartbeat: {"stazioneId":"Padova","stato":"ONLINE","timestamp":"2026-08-16T08:41:50.576486836Z","tipoEvento":"HEARTBEAT","bufferSize":0}
2026-08-16 10:42:00,576 INFO  [it.uni.reti2.HeartbeatGenerator] (executor-thread-1) 💓 [HEARTBEAT] Invio heartbeat: {"stazioneId":"Padova","stato":"ONLINE","timestamp":"2026-08-16T08:42:00.576447035Z","tipoEvento":"HEARTBEAT","bufferSize":0}
2026-08-16 10:42:10,576 INFO  [it.uni.reti2.HeartbeatGenerator] (executor-thread-1) 💓 [HEARTBEAT] Invio heartbeat: {"stazioneId":"Padova","stato":"ONLINE","timestamp":"2026-08-16T08:42:10.575993532Z","tipoEvento":"HEARTBEAT","bufferSize":0}
2026-08-16 10:42:20,576 INFO  [it.uni.reti2.HeartbeatGenerator] (executor-thread-1) 💓 [HEARTBEAT] Invio heartbeat: {"stazioneId":"Padova","stato":"ONLINE","timestamp":"2026-08-16T08:42:20.576074219Z","tipoEvento":"HEARTBEAT","bufferSize":0}
2026-08-16 10:42:30,576 INFO  [it.uni.reti2.HeartbeatGenerator] (executor-thread-1) 💓 [HEARTBEAT] Invio heartbeat: {"stazioneId":"Padova","stato":"ONLINE","timestamp":"2026-08-16T08:42:30.576061376Z","tipoEvento":"HEARTBEAT","bufferSize":0}
2026-08-16 10:42:40,576 INFO  [it.uni.reti2.HeartbeatGenerator] (executor-thread-1) 💓 [HEARTBEAT] Invio heartbeat: {"stazioneId":"Padova","stato":"ONLINE","timestamp":"2026-08-16T08:42:40.576010516Z","tipoEvento":"HEARTBEAT","bufferSize":0}
2026-08-16 10:42:50,576 INFO  [it.uni.reti2.HeartbeatGenerator] (executor-thread-1) 💓 [HEARTBEAT] Invio heartbeat: {"stazioneId":"Padova","stato":"ONLINE","timestamp":"2026-08-16T08:42:50.576460582Z","tipoEvento":"HEARTBEAT","bufferSize":0}
2026-08-16 10:43:00,576 INFO  [it.uni.reti2.HeartbeatGenerator] (executor-thread-1) 💓 [HEARTBEAT] Invio heartbeat: {"stazioneId":"Padova","stato":"ONLINE","timestamp":"2026-08-16T08:43:00.576544307Z","tipoEvento":"HEARTBEAT","bufferSize":0}
2026-08-16 10:43:10,576 INFO  [it.uni.reti2.HeartbeatGenerator] (executor-thread-1) 💓 [HEARTBEAT] Invio heartbeat: {"stazioneId":"Padova","stato":"ONLINE","timestamp":"2026-08-16T08:43:10.576085320Z","tipoEvento":"HEARTBEAT","bufferSize":0}
2026-08-16 10:43:20,576 INFO  [it.uni.reti2.HeartbeatGenerator] (executor-thread-1) 💓 [HEARTBEAT] Invio heartbeat: {"stazioneId":"Padova","stato":"ONLINE","timestamp":"2026-08-16T08:43:20.576239602Z","tipoEvento":"HEARTBEAT","bufferSize":0}
2026-08-16 10:43:30,576 INFO  [it.uni.reti2.HeartbeatGenerator] (executor-thread-1) 💓 [HEARTBEAT] Invio heartbeat: {"stazioneId":"Padova","stato":"ONLINE","timestamp":"2026-08-16T08:43:30.576057477Z","tipoEvento":"HEARTBEAT","bufferSize":0}
2026-08-16 10:43:40,576 INFO  [it.uni.reti2.HeartbeatGenerator] (executor-thread-1) 💓 [HEARTBEAT] Invio heartbeat: {"stazioneId":"Padova","stato":"ONLINE","timestamp":"2026-08-16T08:43:40.576225795Z","tipoEvento":"HEARTBEAT","bufferSize":0}
2026-08-16 10:43:50,576 INFO  [it.uni.reti2.HeartbeatGenerator] (executor-thread-1) 💓 [HEARTBEAT] Invio heartbeat: {"stazioneId":"Padova","stato":"ONLINE","timestamp":"2026-08-16T08:43:50.576052932Z","tipoEvento":"HEARTBEAT","bufferSize":0}
2026-08-16 10:44:00,576 INFO  [it.uni.reti2.HeartbeatGenerator] (executor-thread-1) 💓 [HEARTBEAT] Invio heartbeat: {"stazioneId":"Padova","stato":"ONLINE","timestamp":"2026-08-16T08:44:00.576637328Z","tipoEvento":"HEARTBEAT","bufferSize":0}
2026-08-16 10:44:10,576 INFO  [it.uni.reti2.HeartbeatGenerator] (executor-thread-1) 💓 [HEARTBEAT] Invio heartbeat: {"stazioneId":"Padova","stato":"ONLINE","timestamp":"2026-08-16T08:44:10.576118201Z","tipoEvento":"HEARTBEAT","bufferSize":0}
2026-08-16 10:44:20,576 INFO  [it.uni.reti2.HeartbeatGenerator] (executor-thread-1) 💓 [HEARTBEAT] Invio heartbeat: {"stazioneId":"Padova","stato":"ONLINE","timestamp":"2026-08-16T08:44:20.575996324Z","tipoEvento":"HEARTBEAT","bufferSize":0}
2026-08-16 10:44:30,576 INFO  [it.uni.reti2.HeartbeatGenerator] (executor-thread-1) 💓 [HEARTBEAT] Invio heartbeat: {"stazioneId":"Padova","stato":"ONLINE","timestamp":"2026-08-16T08:44:30.576590995Z","tipoEvento":"HEARTBEAT","bufferSize":0}
2026-08-16 10:44:40,576 INFO  [it.uni.reti2.HeartbeatGenerator] (executor-thread-1) 💓 [HEARTBEAT] Invio heartbeat: {"stazioneId":"Padova","stato":"ONLINE","timestamp":"2026-08-16T08:44:40.576575881Z","tipoEvento":"HEARTBEAT","bufferSize":0}
2026-08-16 10:44:50,576 INFO  [it.uni.reti2.HeartbeatGenerator] (executor-thread-1) 💓 [HEARTBEAT] Invio heartbeat: {"stazioneId":"Padova","stato":"ONLINE","timestamp":"2026-08-16T08:44:50.576458346Z","tipoEvento":"HEARTBEAT","bufferSize":0}
2026-08-16 10:45:00,576 INFO  [it.uni.reti2.HeartbeatGenerator] (executor-thread-1) 💓 [HEARTBEAT] Invio heartbeat: {"stazioneId":"Padova","stato":"ONLINE","timestamp":"2026-08-16T08:45:00.576009339Z","tipoEvento":"HEARTBEAT","bufferSize":0}
2026-08-16 10:45:10,576 INFO  [it.uni.reti2.HeartbeatGenerator] (executor-thread-1) 💓 [HEARTBEAT] Invio heartbeat: {"stazioneId":"Padova","stato":"ONLINE","timestamp":"2026-08-16T08:45:10.575993250Z","tipoEvento":"HEARTBEAT","bufferSize":0}
2026-08-16 10:45:20,576 INFO  [it.uni.reti2.HeartbeatGenerator] (executor-thread-1) 💓 [HEARTBEAT] Invio heartbeat: {"stazioneId":"Padova","stato":"ONLINE","timestamp":"2026-08-16T08:45:20.576111310Z","tipoEvento":"HEARTBEAT","bufferSize":0}
2026-08-16 10:45:30,576 INFO  [it.uni.reti2.HeartbeatGenerator] (executor-thread-1) 💓 [HEARTBEAT] Invio heartbeat: {"stazioneId":"Padova","stato":"ONLINE","timestamp":"2026-08-16T08:45:30.576486307Z","tipoEvento":"HEARTBEAT","bufferSize":0}
2026-08-16 10:45:40,576 INFO  [it.uni.reti2.HeartbeatGenerator] (executor-thread-1) 💓 [HEARTBEAT] Invio heartbeat: {"stazioneId":"Padova","stato":"ONLINE","timestamp":"2026-08-16T08:45:40.576008560Z","tipoEvento":"HEARTBEAT","bufferSize":0}
2026-08-16 10:45:50,576 INFO  [it.uni.reti2.HeartbeatGenerator] (executor-thread-1) 💓 [HEARTBEAT] Invio heartbeat: {"stazioneId":"Padova","stato":"ONLINE","timestamp":"2026-08-16T08:45:50.576551067Z","tipoEvento":"HEARTBEAT","bufferSize":0}
2026-08-16 10:46:00,576 INFO  [it.uni.reti2.HeartbeatGenerator] (executor-thread-1) 💓 [HEARTBEAT] Invio heartbeat: {"stazioneId":"Padova","stato":"ONLINE","timestamp":"2026-08-16T08:46:00.576165973Z","tipoEvento":"HEARTBEAT","bufferSize":0}
2026-08-16 10:46:10,576 INFO  [it.uni.reti2.HeartbeatGenerator] (executor-thread-1) 💓 [HEARTBEAT] Invio heartbeat: {"stazioneId":"Padova","stato":"ONLINE","timestamp":"2026-08-16T08:46:10.576299069Z","tipoEvento":"HEARTBEAT","bufferSize":0}
2026-08-16 10:46:20,576 INFO  [it.uni.reti2.HeartbeatGenerator] (executor-thread-1) 💓 [HEARTBEAT] Invio heartbeat: {"stazioneId":"Padova","stato":"ONLINE","timestamp":"2026-08-16T08:46:20.576092367Z","tipoEvento":"HEARTBEAT","bufferSize":0}
2026-08-16 10:46:30,576 INFO  [it.uni.reti2.HeartbeatGenerator] (executor-thread-1) 💓 [HEARTBEAT] Invio heartbeat: {"stazioneId":"Padova","stato":"ONLINE","timestamp":"2026-08-16T08:46:30.576254625Z","tipoEvento":"HEARTBEAT","bufferSize":0}
2026-08-16 10:46:40,576 INFO  [it.uni.reti2.HeartbeatGenerator] (executor-thread-1) 💓 [HEARTBEAT] Invio heartbeat: {"stazioneId":"Padova","stato":"ONLINE","timestamp":"2026-08-16T08:46:40.576481732Z","tipoEvento":"HEARTBEAT","bufferSize":0}
2026-08-16 10:46:50,576 INFO  [it.uni.reti2.HeartbeatGenerator] (executor-thread-1) 💓 [HEARTBEAT] Invio heartbeat: {"stazioneId":"Padova","stato":"ONLINE","timestamp":"2026-08-16T08:46:50.576459990Z","tipoEvento":"HEARTBEAT","bufferSize":0}
2026-08-16 10:47:00,576 INFO  [it.uni.reti2.HeartbeatGenerator] (executor-thread-1) 💓 [HEARTBEAT] Invio heartbeat: {"stazioneId":"Padova","stato":"ONLINE","timestamp":"2026-08-16T08:47:00.576647616Z","tipoEvento":"HEARTBEAT","bufferSize":0}
2026-08-16 10:47:10,576 INFO  [it.uni.reti2.HeartbeatGenerator] (executor-thread-1) 💓 [HEARTBEAT] Invio heartbeat: {"stazioneId":"Padova","stato":"ONLINE","timestamp":"2026-08-16T08:47:10.576506574Z","tipoEvento":"HEARTBEAT","bufferSize":0}
2026-08-16 10:47:20,576 INFO  [it.uni.reti2.HeartbeatGenerator] (executor-thread-1) 💓 [HEARTBEAT] Invio heartbeat: {"stazioneId":"Padova","stato":"ONLINE","timestamp":"2026-08-16T08:47:20.575978282Z","tipoEvento":"HEARTBEAT","bufferSize":0}
2026-08-16 10:47:30,576 INFO  [it.uni.reti2.HeartbeatGenerator] (executor-thread-1) 💓 [HEARTBEAT] Invio heartbeat: {"stazioneId":"Padova","stato":"ONLINE","timestamp":"2026-08-16T08:47:30.576002483Z","tipoEvento":"HEARTBEAT","bufferSize":0}
2026-08-16 10:47:40,576 INFO  [it.uni.reti2.HeartbeatGenerator] (executor-thread-1) 💓 [HEARTBEAT] Invio heartbeat: {"stazioneId":"Padova","stato":"ONLINE","timestamp":"2026-08-16T08:47:40.576094238Z","tipoEvento":"HEARTBEAT","bufferSize":0}
2026-08-16 10:47:50,576 INFO  [it.uni.reti2.HeartbeatGenerator] (executor-thread-1) 💓 [HEARTBEAT] Invio heartbeat: {"stazioneId":"Padova","stato":"ONLINE","timestamp":"2026-08-16T08:47:50.575987793Z","tipoEvento":"HEARTBEAT","bufferSize":0}
2026-08-16 10:48:00,576 INFO  [it.uni.reti2.HeartbeatGenerator] (executor-thread-1) 💓 [HEARTBEAT] Invio heartbeat: {"stazioneId":"Padova","stato":"ONLINE","timestamp":"2026-08-16T08:48:00.576029499Z","tipoEvento":"HEARTBEAT","bufferSize":0}
2026-08-16 10:48:10,576 INFO  [it.uni.reti2.HeartbeatGenerator] (executor-thread-1) 💓 [HEARTBEAT] Invio heartbeat: {"stazioneId":"Padova","stato":"ONLINE","timestamp":"2026-08-16T08:48:10.575983695Z","tipoEvento":"HEARTBEAT","bufferSize":0}
2026-08-16 10:48:20,576 INFO  [it.uni.reti2.HeartbeatGenerator] (executor-thread-1) 💓 [HEARTBEAT] Invio heartbeat: {"stazioneId":"Padova","stato":"ONLINE","timestamp":"2026-08-16T08:48:20.576030846Z","tipoEvento":"HEARTBEAT","bufferSize":0}
2026-08-16 10:48:30,576 INFO  [it.uni.reti2.HeartbeatGenerator] (executor-thread-1) 💓 [HEARTBEAT] Invio heartbeat: {"stazioneId":"Padova","stato":"ONLINE","timestamp":"2026-08-16T08:48:30.576015611Z","tipoEvento":"HEARTBEAT","bufferSize":0}
2026-08-16 10:48:40,576 INFO  [it.uni.reti2.HeartbeatGenerator] (executor-thread-1) 💓 [HEARTBEAT] Invio heartbeat: {"stazioneId":"Padova","stato":"ONLINE","timestamp":"2026-08-16T08:48:40.576062003Z","tipoEvento":"HEARTBEAT","bufferSize":0}
2026-08-16 10:48:50,576 INFO  [it.uni.reti2.HeartbeatGenerator] (executor-thread-1) 💓 [HEARTBEAT] Invio heartbeat: {"stazioneId":"Padova","stato":"ONLINE","timestamp":"2026-08-16T08:48:50.576041858Z","tipoEvento":"HEARTBEAT","bufferSize":0}
2026-08-16 10:49:00,576 INFO  [it.uni.reti2.HeartbeatGenerator] (executor-thread-1) 💓 [HEARTBEAT] Invio heartbeat: {"stazioneId":"Padova","stato":"ONLINE","timestamp":"2026-08-16T08:49:00.576064214Z","tipoEvento":"HEARTBEAT","bufferSize":0}
2026-08-16 10:49:10,576 INFO  [it.uni.reti2.HeartbeatGenerator] (executor-thread-1) 💓 [HEARTBEAT] Invio heartbeat: {"stazioneId":"Padova","stato":"ONLINE","timestamp":"2026-08-16T08:49:10.576476875Z","tipoEvento":"HEARTBEAT","bufferSize":0}
2026-08-16 10:49:20,576 INFO  [it.uni.reti2.HeartbeatGenerator] (executor-thread-1) 💓 [HEARTBEAT] Invio heartbeat: {"stazioneId":"Padova","stato":"ONLINE","timestamp":"2026-08-16T08:49:20.576075108Z","tipoEvento":"HEARTBEAT","bufferSize":0}
2026-08-16 10:49:30,576 INFO  [it.uni.reti2.HeartbeatGenerator] (executor-thread-1) 💓 [HEARTBEAT] Invio heartbeat: {"stazioneId":"Padova","stato":"ONLINE","timestamp":"2026-08-16T08:49:30.576467476Z","tipoEvento":"HEARTBEAT","bufferSize":0}
2026-08-16 10:49:40,576 INFO  [it.uni.reti2.HeartbeatGenerator] (executor-thread-1) 💓 [HEARTBEAT] Invio heartbeat: {"stazioneId":"Padova","stato":"ONLINE","timestamp":"2026-08-16T08:49:40.576688862Z","tipoEvento":"HEARTBEAT","bufferSize":0}
2026-08-16 10:49:50,576 INFO  [it.uni.reti2.HeartbeatGenerator] (executor-thread-1) 💓 [HEARTBEAT] Invio heartbeat: {"stazioneId":"Padova","stato":"ONLINE","timestamp":"2026-08-16T08:49:50.576275384Z","tipoEvento":"HEARTBEAT","bufferSize":0}
2026-08-16 10:50:00,576 INFO  [it.uni.reti2.HeartbeatGenerator] (executor-thread-1) 💓 [HEARTBEAT] Invio heartbeat: {"stazioneId":"Padova","stato":"ONLINE","timestamp":"2026-08-16T08:50:00.576161901Z","tipoEvento":"HEARTBEAT","bufferSize":0}
2026-08-16 10:50:10,576 INFO  [it.uni.reti2.HeartbeatGenerator] (executor-thread-1) 💓 [HEARTBEAT] Invio heartbeat: {"stazioneId":"Padova","stato":"ONLINE","timestamp":"2026-08-16T08:50:10.576155386Z","tipoEvento":"HEARTBEAT","bufferSize":0}
2026-08-16 10:50:20,576 INFO  [it.uni.reti2.HeartbeatGenerator] (executor-thread-1) 💓 [HEARTBEAT] Invio heartbeat: {"stazioneId":"Padova","stato":"ONLINE","timestamp":"2026-08-16T08:50:20.576021787Z","tipoEvento":"HEARTBEAT","bufferSize":0}
2026-08-16 10:50:30,576 INFO  [it.uni.reti2.HeartbeatGenerator] (executor-thread-1) 💓 [HEARTBEAT] Invio heartbeat: {"stazioneId":"Padova","stato":"ONLINE","timestamp":"2026-08-16T08:50:30.575957228Z","tipoEvento":"HEARTBEAT","bufferSize":0}
2026-08-16 10:50:40,576 INFO  [it.uni.reti2.HeartbeatGenerator] (executor-thread-1) 💓 [HEARTBEAT] Invio heartbeat: {"stazioneId":"Padova","stato":"ONLINE","timestamp":"2026-08-16T08:50:40.576469065Z","tipoEvento":"HEARTBEAT","bufferSize":0}
2026-08-16 10:50:50,576 INFO  [it.uni.reti2.HeartbeatGenerator] (executor-thread-1) 💓 [HEARTBEAT] Invio heartbeat: {"stazioneId":"Padova","stato":"ONLINE","timestamp":"2026-08-16T08:50:50.576052779Z","tipoEvento":"HEARTBEAT","bufferSize":0}
2026-08-16 10:50:57,846 WARN  [it.uni.reti2.StationGateway] (vert.x-eventloop-thread-1) 🚨 [ALERT RICEVUTO] La Centrale dice: {"tipoEvento":"RESOLVED","sorgenteTipo":"TRENO","sorgenteId":"Mario","guastoId":"alert-1786867854871-11aeae1c","timestamp":"2026-08-16T08:50:57.843422673Z"}
2026-08-16 10:50:58,501 WARN  [it.uni.reti2.StationGateway] (vert.x-eventloop-thread-1) 🚨 [ALERT RICEVUTO] La Centrale dice: {"tipoEvento":"RESOLVED","sorgenteTipo":"STAZIONE","sorgenteId":"MI","guastoId":"alert-1786867576009-88f39098","timestamp":"2026-08-16T08:50:58.498975385Z"}
2026-08-16 10:50:59,685 WARN  [it.uni.reti2.StationGateway] (vert.x-eventloop-thread-1) 🚨 [ALERT RICEVUTO] La Centrale dice: {"tipoEvento":"MAINTENANCE_DISPATCHED","sorgenteId":"PA","timestamp":"2026-08-16T08:50:59.682975933Z"}
2026-08-16 10:50:59,689 WARN  [it.uni.reti2.StationGateway] (vert.x-eventloop-thread-1) 🚨 [ALERT RICEVUTO] La Centrale dice: {"tipoEvento":"RESOLVED","sorgenteTipo":"STAZIONE","sorgenteId":"PA","guastoId":"alert-1786867576000-1588f38e","timestamp":"2026-08-16T08:50:59.686646253Z"}
2026-08-16 10:50:59,690 WARN  [it.uni.reti2.StationGateway] (vert.x-eventloop-thread-1) 🚨 [ALERT RICEVUTO] La Centrale dice: {"tipoEvento":"RESOLVED","sorgenteTipo":"STAZIONE","sorgenteId":"PA","guastoId":"alert-1786867576000-1588f38e","timestamp":"2026-08-16T08:50:59.686785100Z"}
2026-08-16 10:51:00,576 INFO  [it.uni.reti2.HeartbeatGenerator] (executor-thread-1) 💓 [HEARTBEAT] Invio heartbeat: {"stazioneId":"Padova","stato":"ONLINE","timestamp":"2026-08-16T08:51:00.575967822Z","tipoEvento":"HEARTBEAT","bufferSize":0}
2026-08-16 10:51:10,576 INFO  [it.uni.reti2.HeartbeatGenerator] (executor-thread-1) 💓 [HEARTBEAT] Invio heartbeat: {"stazioneId":"Padova","stato":"ONLINE","timestamp":"2026-08-16T08:51:10.575913737Z","tipoEvento":"HEARTBEAT","bufferSize":0}
2026-08-16 10:51:20,576 INFO  [it.uni.reti2.HeartbeatGenerator] (executor-thread-1) 💓 [HEARTBEAT] Invio heartbeat: {"stazioneId":"Padova","stato":"ONLINE","timestamp":"2026-08-16T08:51:20.575947990Z","tipoEvento":"HEARTBEAT","bufferSize":0}
2026-08-16 10:51:30,576 INFO  [it.uni.reti2.HeartbeatGenerator] (executor-thread-1) 💓 [HEARTBEAT] Invio heartbeat: {"stazioneId":"Padova","stato":"ONLINE","timestamp":"2026-08-16T08:51:30.575939582Z","tipoEvento":"HEARTBEAT","bufferSize":0}
2026-08-16 10:51:34,655 WARN  [it.uni.reti2.StationGateway] (vert.x-eventloop-thread-1) 🚨 [ALERT RICEVUTO] La Centrale dice: {"tipoEvento":"GUASTO","origine":"CENTRALE","sorgenteTipo":"STAZIONE","sorgenteId":"PA","severita":"CRITICAL","messaggio":"Heartbeat assente: la stazione PA non invia heartbeat da oltre 30 secondi","guastoId":"alert-1786870294642-fae82e0e","timestamp":"2026-08-16T08:51:34.642669697Z"}
2026-08-16 10:51:34,663 WARN  [it.uni.reti2.StationGateway] (vert.x-eventloop-thread-1) 🚨 [ALERT RICEVUTO] La Centrale dice: {"tipoEvento":"GUASTO","origine":"CENTRALE","sorgenteTipo":"STAZIONE","sorgenteId":"MI","severita":"CRITICAL","messaggio":"Heartbeat assente: la stazione MI non invia heartbeat da oltre 30 secondi","guastoId":"alert-1786870294653-d8ec0b27","timestamp":"2026-08-16T08:51:34.654035646Z"}
2026-08-16 10:51:40,575 INFO  [it.uni.reti2.HeartbeatGenerator] (executor-thread-1) 💓 [HEARTBEAT] Invio heartbeat: {"stazioneId":"Padova","stato":"ONLINE","timestamp":"2026-08-16T08:51:40.575883244Z","tipoEvento":"HEARTBEAT","bufferSize":0}
2026-08-16 10:51:50,576 INFO  [it.uni.reti2.HeartbeatGenerator] (executor-thread-1) 💓 [HEARTBEAT] Invio heartbeat: {"stazioneId":"Padova","stato":"ONLINE","timestamp":"2026-08-16T08:51:50.576046112Z","tipoEvento":"HEARTBEAT","bufferSize":0}
2026-08-16 10:52:00,576 INFO  [it.uni.reti2.HeartbeatGenerator] (executor-thread-1) 💓 [HEARTBEAT] Invio heartbeat: {"stazioneId":"Padova","stato":"ONLINE","timestamp":"2026-08-16T08:52:00.576066460Z","tipoEvento":"HEARTBEAT","bufferSize":0}
2026-08-16 10:52:02,881 INFO  [io.smallrye.reactive.messaging.mqtt.session.impl.MqttClientSessionImpl] (vert.x-eventloop-thread-0) Connection closed: <unknown>
2026-08-16 10:52:02,882 INFO  [io.smallrye.reactive.messaging.mqtt.session.impl.MqttClientSessionImpl] (vert.x-eventloop-thread-0) Connection closed: <unknown>
2026-08-16 10:52:02,882 INFO  [io.smallrye.reactive.messaging.mqtt.session.impl.MqttClientSessionImpl] (vert.x-eventloop-thread-0) Connection closed: <unknown>
2026-08-16 10:52:02,891 INFO  [io.quarkus] (Shutdown thread) stazione stopped in 0.044s
