__  ____  __  _____   ___  __ ____  ______ 
 --/ __ \/ / / / _ | / _ \/ //_/ / / / __/ 
 -/ /_/ / /_/ / __ |/ , _/ ,< / /_/ /\ \   
--\___\_\____/_/ |_/_/|_/_/|_|\____/___/   
2026-08-16 10:03:05,438 INFO  [it.uni.reti2.main] (main) 🚉 Avvio processo Stazione con ID: ocklam
2026-08-16 10:03:06,490 INFO  [io.smallrye.reactive.messaging.mqtt] (main) Create MQTT Client for null@localhost:1883<>-[]
2026-08-16 10:03:06,521 INFO  [io.smallrye.reactive.messaging.mqtt] (main) Create MQTT Client for null@localhost:1883<>-[stazione-ocklam-alerts-in]
2026-08-16 10:03:06,756 INFO  [io.vertx.mqtt.impl.MqttClientImpl] (vert.x-eventloop-thread-0) Connection with localhost:1883 established successfully
2026-08-16 10:03:06,825 INFO  [io.smallrye.reactive.messaging.mqtt] (main) Create MQTT Client for null@localhost:1883<>-[stazione-ocklam-alerts-out]
2026-08-16 10:03:06,857 INFO  [io.vertx.mqtt.impl.MqttClientImpl] (vert.x-eventloop-thread-0) Connection with localhost:1883 established successfully
2026-08-16 10:03:06,878 INFO  [io.smallrye.reactive.messaging.mqtt] (vert.x-eventloop-thread-0) Subscription success on topic railway/alerts, Max QoS 1.
2026-08-16 10:03:06,889 INFO  [io.vertx.mqtt.impl.MqttClientImpl] (vert.x-eventloop-thread-0) Connection with localhost:1883 established successfully
2026-08-16 10:03:06,906 WARN  [it.uni.reti2.HeartbeatGenerator] (vert.x-eventloop-thread-0) ⏳ Stazione non ancora validata dalla Centrale: heartbeat sospeso.
2026-08-16 10:03:06,908 INFO  [io.smallrye.reactive.messaging.mqtt] (vert.x-eventloop-thread-0) Subscription success on topic railway/station/+/validation-response, Max QoS 0.
2026-08-16 10:03:06,909 INFO  [io.smallrye.reactive.messaging.mqtt] (vert.x-eventloop-thread-0) Subscription success on topic railway/train/+/passaggio, Max QoS 0.
2026-08-16 10:03:06,919 INFO  [io.quarkus] (main) stazione 1.0.0-SNAPSHOT on JVM (powered by Quarkus 3.37.3) started in 1.632s. Listening on: http://0.0.0.0:8084
2026-08-16 10:03:06,920 INFO  [io.quarkus] (main) Profile prod activated. 
2026-08-16 10:03:06,920 INFO  [io.quarkus] (main) Installed features: [cdi, messaging, messaging-mqtt, rest, rest-jackson, scheduler, smallrye-context-propagation, vertx]
2026-08-16 10:03:06,923 WARN  [it.uni.reti2.StationGateway] (vert.x-eventloop-thread-1) 🚨 [ALERT RICEVUTO] La Centrale dice: {"tipoEvento":"RESOLVED","origine":"CENTRALE","sorgenteTipo":"STAZIONE","sorgenteId":"stazzaDellaMadonnaTroia","guastoId":"alert-1786792973002-a9acd55b","timestamp":"2026-08-16T07:51:17.711733320Z"}
2026-08-16 10:03:06,926 INFO  [it.uni.reti2.main] (main) 🔎 Verifica ID stazione 'ocklam' nel database centrale...
2026-08-16 10:03:06,952 WARN  [it.uni.reti2.StationGateway] (vert.x-eventloop-thread-1) 🚨 [ALERT RICEVUTO] La Centrale dice: {"tipoEvento":"RESOLVED","sorgenteTipo":"TRENO","sorgenteId":"Mario","guastoId":"alert-1786643697830-dfe2e7bf","timestamp":"2026-08-16T07:53:03.480079622Z"}
2026-08-16 10:03:06,953 WARN  [it.uni.reti2.StationGateway] (vert.x-eventloop-thread-1) 🚨 [ALERT RICEVUTO] La Centrale dice: {"tipoEvento":"RESOLVED","sorgenteTipo":"TRENO","sorgenteId":"tenoAmmazzaRicchi","guastoId":"alert-1786643697824-341564dd","timestamp":"2026-08-16T07:53:04.293314556Z"}
2026-08-16 10:03:06,954 WARN  [it.uni.reti2.StationGateway] (vert.x-eventloop-thread-1) 🚨 [ALERT RICEVUTO] La Centrale dice: {"tipoEvento":"RESOLVED","sorgenteTipo":"TRENO","sorgenteId":"Pietro","guastoId":"alert-1786634801004-44dabf56","timestamp":"2026-08-16T07:53:04.840229581Z"}
2026-08-16 10:03:06,955 WARN  [it.uni.reti2.StationGateway] (vert.x-eventloop-thread-1) 🚨 [ALERT RICEVUTO] La Centrale dice: {"tipoEvento":"RESOLVED","sorgenteTipo":"TRENO","sorgenteId":"Genoveffa","guastoId":"alert-1786634801002-e0d07230","timestamp":"2026-08-16T07:53:05.466413754Z"}
2026-08-16 10:03:06,956 WARN  [it.uni.reti2.StationGateway] (vert.x-eventloop-thread-1) 🚨 [ALERT RICEVUTO] La Centrale dice: {"tipoEvento":"RESOLVED","sorgenteTipo":"TRENO","sorgenteId":"Francesco","guastoId":"alert-1786634801000-8bdaee9f","timestamp":"2026-08-16T07:53:06.049643225Z"}
2026-08-16 10:03:07,004 INFO  [it.uni.reti2.StationDatabaseValidator] (main) 📩 Richiesta di validazione inviata per la stazione: ocklam
2026-08-16 10:03:07,004 WARN  [it.uni.reti2.main] (main) ID stazione non ancora valido o il database centrale non è raggiungibile; riprovo tra 5 secondi...
2026-08-16 10:03:07,052 ERROR [it.uni.reti2.StationDatabaseValidator] (vert.x-eventloop-thread-2) ❌ L'ID 'ocklam' non è presente nel database centrale: la stazione non è registrata.
2026-08-16 10:03:12,007 ERROR [it.uni.reti2.main] (main) ❌ ERRORE FATALE: ID della stazione non presente nel database centrale. Il processo verrà terminato.
2026-08-16 10:03:12,032 INFO  [io.smallrye.reactive.messaging.mqtt.session.impl.MqttClientSessionImpl] (vert.x-eventloop-thread-0) Connection closed: <unknown>
2026-08-16 10:03:12,033 INFO  [io.smallrye.reactive.messaging.mqtt.session.impl.MqttClientSessionImpl] (vert.x-eventloop-thread-0) Connection closed: <unknown>
2026-08-16 10:03:12,034 INFO  [io.smallrye.reactive.messaging.mqtt.session.impl.MqttClientSessionImpl] (vert.x-eventloop-thread-0) Connection closed: <unknown>
2026-08-16 10:03:12,038 INFO  [io.quarkus] (main) stazione stopped in 0.030s
