__  ____  __  _____   ___  __ ____  ______ 
 --/ __ \/ / / / _ | / _ \/ //_/ / / / __/ 
 -/ /_/ / /_/ / __ |/ , _/ ,< / /_/ /\ \   
--\___\_\____/_/ |_/_/|_/_/|_|\____/___/   
2026-08-16 10:52:03,700 INFO  [it.uni.reti2.main] (main) 🚉 Avvio processo Stazione con ID: ocklam
2026-08-16 10:52:05,344 INFO  [io.smallrye.reactive.messaging.mqtt] (main) Create MQTT Client for null@localhost:1883<>-[]
2026-08-16 10:52:05,404 INFO  [io.smallrye.reactive.messaging.mqtt] (main) Create MQTT Client for null@localhost:1883<>-[stazione-ocklam-alerts-in]
2026-08-16 10:52:05,662 INFO  [io.vertx.mqtt.impl.MqttClientImpl] (vert.x-eventloop-thread-0) Connection with localhost:1883 established successfully
2026-08-16 10:52:05,885 INFO  [io.smallrye.reactive.messaging.mqtt] (main) Create MQTT Client for null@localhost:1883<>-[stazione-ocklam-alerts-out]
2026-08-16 10:52:05,908 INFO  [io.vertx.mqtt.impl.MqttClientImpl] (vert.x-eventloop-thread-0) Connection with localhost:1883 established successfully
2026-08-16 10:52:05,933 INFO  [io.smallrye.reactive.messaging.mqtt] (vert.x-eventloop-thread-0) Subscription success on topic railway/alerts, Max QoS 1.
2026-08-16 10:52:05,968 INFO  [io.vertx.mqtt.impl.MqttClientImpl] (vert.x-eventloop-thread-0) Connection with localhost:1883 established successfully
2026-08-16 10:52:05,969 WARN  [it.uni.reti2.HeartbeatGenerator] (vert.x-eventloop-thread-0) ⏳ Stazione non ancora validata dalla Centrale: heartbeat sospeso.
2026-08-16 10:52:05,980 INFO  [io.smallrye.reactive.messaging.mqtt] (vert.x-eventloop-thread-0) Subscription success on topic railway/station/+/validation-response, Max QoS 0.
2026-08-16 10:52:05,980 INFO  [io.smallrye.reactive.messaging.mqtt] (vert.x-eventloop-thread-0) Subscription success on topic railway/train/+/passaggio, Max QoS 0.
2026-08-16 10:52:05,982 WARN  [it.uni.reti2.StationGateway] (vert.x-eventloop-thread-1) 🚨 [ALERT RICEVUTO] La Centrale dice: {"tipoEvento":"GUASTO","origine":"CENTRALE","sorgenteTipo":"STAZIONE","sorgenteId":"PA","severita":"CRITICAL","messaggio":"Heartbeat assente: la stazione PA non invia heartbeat da oltre 30 secondi","guastoId":"alert-1786867412002-35e27015","timestamp":"2026-08-16T08:03:32.002682973Z"}
2026-08-16 10:52:06,097 WARN  [it.uni.reti2.StationGateway] (vert.x-eventloop-thread-1) 🚨 [ALERT RICEVUTO] La Centrale dice: {"tipoEvento":"GUASTO","origine":"CENTRALE","sorgenteTipo":"STAZIONE","sorgenteId":"MI","severita":"CRITICAL","messaggio":"Heartbeat assente: la stazione MI non invia heartbeat da oltre 30 secondi","guastoId":"alert-1786867412068-73822816","timestamp":"2026-08-16T08:03:32.068262564Z"}
2026-08-16 10:52:06,100 WARN  [it.uni.reti2.StationGateway] (vert.x-eventloop-thread-1) 🚨 [ALERT RICEVUTO] La Centrale dice: {"tipoEvento":"MAINTENANCE_DISPATCHED","sorgenteId":"MI","timestamp":"2026-08-16T08:04:02.133878497Z"}
2026-08-16 10:52:06,101 ERROR [it.uni.reti2.StationGateway] (vert.x-eventloop-thread-1) Payload alert non interpretabile: {"tipoEvento":"MAINTENANCE_DISPATCHED","sorgenteId":"MI","timestamp":"2026-08-16T08:04:02.133878497Z"}
2026-08-16 10:52:06,102 WARN  [it.uni.reti2.StationGateway] (vert.x-eventloop-thread-1) 🚨 [ALERT RICEVUTO] La Centrale dice: {"tipoEvento":"RESOLVED","sorgenteTipo":"STAZIONE","sorgenteId":"MI","guastoId":"alert-1786867412068-73822816","timestamp":"2026-08-16T08:04:02.138418130Z"}
2026-08-16 10:52:06,103 ERROR [it.uni.reti2.StationGateway] (vert.x-eventloop-thread-1) Payload alert non interpretabile: {"tipoEvento":"RESOLVED","sorgenteTipo":"STAZIONE","sorgenteId":"MI","guastoId":"alert-1786867412068-73822816","timestamp":"2026-08-16T08:04:02.138418130Z"}
2026-08-16 10:52:06,104 WARN  [it.uni.reti2.StationGateway] (vert.x-eventloop-thread-1) 🚨 [ALERT RICEVUTO] La Centrale dice: {"tipoEvento":"RESOLVED","sorgenteTipo":"STAZIONE","sorgenteId":"MI","guastoId":"alert-1786867412068-73822816","timestamp":"2026-08-16T08:04:02.138512525Z"}
2026-08-16 10:52:06,104 ERROR [it.uni.reti2.StationGateway] (vert.x-eventloop-thread-1) Payload alert non interpretabile: {"tipoEvento":"RESOLVED","sorgenteTipo":"STAZIONE","sorgenteId":"MI","guastoId":"alert-1786867412068-73822816","timestamp":"2026-08-16T08:04:02.138512525Z"}
2026-08-16 10:52:06,105 WARN  [it.uni.reti2.StationGateway] (vert.x-eventloop-thread-1) 🚨 [ALERT RICEVUTO] La Centrale dice: {"tipoEvento":"MAINTENANCE_DISPATCHED","sorgenteId":"PA","timestamp":"2026-08-16T08:04:03.775933101Z"}
2026-08-16 10:52:06,106 ERROR [it.uni.reti2.StationGateway] (vert.x-eventloop-thread-1) Payload alert non interpretabile: {"tipoEvento":"MAINTENANCE_DISPATCHED","sorgenteId":"PA","timestamp":"2026-08-16T08:04:03.775933101Z"}
2026-08-16 10:52:06,106 WARN  [it.uni.reti2.StationGateway] (vert.x-eventloop-thread-1) 🚨 [ALERT RICEVUTO] La Centrale dice: {"tipoEvento":"RESOLVED","sorgenteTipo":"STAZIONE","sorgenteId":"PA","guastoId":"alert-1786867412002-35e27015","timestamp":"2026-08-16T08:04:03.779877480Z"}
2026-08-16 10:52:06,107 ERROR [it.uni.reti2.StationGateway] (vert.x-eventloop-thread-1) Payload alert non interpretabile: {"tipoEvento":"RESOLVED","sorgenteTipo":"STAZIONE","sorgenteId":"PA","guastoId":"alert-1786867412002-35e27015","timestamp":"2026-08-16T08:04:03.779877480Z"}
2026-08-16 10:52:06,111 WARN  [it.uni.reti2.StationGateway] (vert.x-eventloop-thread-1) 🚨 [ALERT RICEVUTO] La Centrale dice: {"tipoEvento":"RESOLVED","sorgenteTipo":"STAZIONE","sorgenteId":"PA","guastoId":"alert-1786867412002-35e27015","timestamp":"2026-08-16T08:04:03.780076657Z"}
2026-08-16 10:52:06,111 INFO  [io.quarkus] (main) stazione 1.0.0-SNAPSHOT on JVM (powered by Quarkus 3.37.3) started in 2.620s. Listening on: http://0.0.0.0:8086
2026-08-16 10:52:06,112 INFO  [io.quarkus] (main) Profile prod activated. 
2026-08-16 10:52:06,112 INFO  [io.quarkus] (main) Installed features: [cdi, messaging, messaging-mqtt, rest, rest-jackson, scheduler, smallrye-context-propagation, vertx]
2026-08-16 10:52:06,113 ERROR [it.uni.reti2.StationGateway] (vert.x-eventloop-thread-1) Payload alert non interpretabile: {"tipoEvento":"RESOLVED","sorgenteTipo":"STAZIONE","sorgenteId":"PA","guastoId":"alert-1786867412002-35e27015","timestamp":"2026-08-16T08:04:03.780076657Z"}
2026-08-16 10:52:06,115 WARN  [it.uni.reti2.StationGateway] (vert.x-eventloop-thread-1) 🚨 [ALERT RICEVUTO] La Centrale dice: {"tipoEvento":"GUASTO","origine":"CENTRALE","sorgenteTipo":"STAZIONE","sorgenteId":"PA","severita":"CRITICAL","messaggio":"Heartbeat assente: la stazione PA non invia heartbeat da oltre 30 secondi","guastoId":"alert-1786867482001-0276a52f","timestamp":"2026-08-16T08:04:42.001406679Z"}
2026-08-16 10:52:06,117 WARN  [it.uni.reti2.StationGateway] (vert.x-eventloop-thread-1) 🚨 [ALERT RICEVUTO] La Centrale dice: {"tipoEvento":"GUASTO","origine":"CENTRALE","sorgenteTipo":"STAZIONE","sorgenteId":"MI","severita":"CRITICAL","messaggio":"Heartbeat assente: la stazione MI non invia heartbeat da oltre 30 secondi","guastoId":"alert-1786867482013-ae0f8aca","timestamp":"2026-08-16T08:04:42.014118489Z"}
2026-08-16 10:52:06,118 WARN  [it.uni.reti2.StationGateway] (vert.x-eventloop-thread-1) 🚨 [ALERT RICEVUTO] La Centrale dice: {"tipoEvento":"MAINTENANCE_DISPATCHED","sorgenteId":"MI","timestamp":"2026-08-16T08:05:36.693744869Z"}
2026-08-16 10:52:06,119 ERROR [it.uni.reti2.StationGateway] (vert.x-eventloop-thread-1) Payload alert non interpretabile: {"tipoEvento":"MAINTENANCE_DISPATCHED","sorgenteId":"MI","timestamp":"2026-08-16T08:05:36.693744869Z"}
2026-08-16 10:52:06,120 WARN  [it.uni.reti2.StationGateway] (vert.x-eventloop-thread-1) 🚨 [ALERT RICEVUTO] La Centrale dice: {"tipoEvento":"RESOLVED","sorgenteTipo":"STAZIONE","sorgenteId":"MI","guastoId":"alert-1786867482013-ae0f8aca","timestamp":"2026-08-16T08:05:36.697515470Z"}
2026-08-16 10:52:06,120 ERROR [it.uni.reti2.StationGateway] (vert.x-eventloop-thread-1) Payload alert non interpretabile: {"tipoEvento":"RESOLVED","sorgenteTipo":"STAZIONE","sorgenteId":"MI","guastoId":"alert-1786867482013-ae0f8aca","timestamp":"2026-08-16T08:05:36.697515470Z"}
2026-08-16 10:52:06,121 WARN  [it.uni.reti2.StationGateway] (vert.x-eventloop-thread-1) 🚨 [ALERT RICEVUTO] La Centrale dice: {"tipoEvento":"RESOLVED","sorgenteTipo":"STAZIONE","sorgenteId":"MI","guastoId":"alert-1786867482013-ae0f8aca","timestamp":"2026-08-16T08:05:36.698005381Z"}
2026-08-16 10:52:06,121 ERROR [it.uni.reti2.StationGateway] (vert.x-eventloop-thread-1) Payload alert non interpretabile: {"tipoEvento":"RESOLVED","sorgenteTipo":"STAZIONE","sorgenteId":"MI","guastoId":"alert-1786867482013-ae0f8aca","timestamp":"2026-08-16T08:05:36.698005381Z"}
2026-08-16 10:52:06,121 WARN  [it.uni.reti2.StationGateway] (vert.x-eventloop-thread-1) 🚨 [ALERT RICEVUTO] La Centrale dice: {"tipoEvento":"MAINTENANCE_DISPATCHED","sorgenteId":"PA","timestamp":"2026-08-16T08:05:38.178896649Z"}
2026-08-16 10:52:06,122 ERROR [it.uni.reti2.StationGateway] (vert.x-eventloop-thread-1) Payload alert non interpretabile: {"tipoEvento":"MAINTENANCE_DISPATCHED","sorgenteId":"PA","timestamp":"2026-08-16T08:05:38.178896649Z"}
2026-08-16 10:52:06,122 WARN  [it.uni.reti2.StationGateway] (vert.x-eventloop-thread-1) 🚨 [ALERT RICEVUTO] La Centrale dice: {"tipoEvento":"RESOLVED","sorgenteTipo":"STAZIONE","sorgenteId":"PA","guastoId":"alert-1786867482001-0276a52f","timestamp":"2026-08-16T08:05:38.182901657Z"}
2026-08-16 10:52:06,123 ERROR [it.uni.reti2.StationGateway] (vert.x-eventloop-thread-1) Payload alert non interpretabile: {"tipoEvento":"RESOLVED","sorgenteTipo":"STAZIONE","sorgenteId":"PA","guastoId":"alert-1786867482001-0276a52f","timestamp":"2026-08-16T08:05:38.182901657Z"}
2026-08-16 10:52:06,123 WARN  [it.uni.reti2.StationGateway] (vert.x-eventloop-thread-1) 🚨 [ALERT RICEVUTO] La Centrale dice: {"tipoEvento":"RESOLVED","sorgenteTipo":"STAZIONE","sorgenteId":"PA","guastoId":"alert-1786867482001-0276a52f","timestamp":"2026-08-16T08:05:38.183024294Z"}
2026-08-16 10:52:06,123 ERROR [it.uni.reti2.StationGateway] (vert.x-eventloop-thread-1) Payload alert non interpretabile: {"tipoEvento":"RESOLVED","sorgenteTipo":"STAZIONE","sorgenteId":"PA","guastoId":"alert-1786867482001-0276a52f","timestamp":"2026-08-16T08:05:38.183024294Z"}
2026-08-16 10:52:06,124 WARN  [it.uni.reti2.StationGateway] (vert.x-eventloop-thread-1) 🚨 [ALERT RICEVUTO] La Centrale dice: {"tipoEvento":"GUASTO","origine":"CENTRALE","sorgenteTipo":"STAZIONE","sorgenteId":"PA","severita":"CRITICAL","messaggio":"Heartbeat assente: la stazione PA non invia heartbeat da oltre 30 secondi","guastoId":"alert-1786867576000-1588f38e","timestamp":"2026-08-16T08:06:16.000820085Z"}
2026-08-16 10:52:06,125 WARN  [it.uni.reti2.StationGateway] (vert.x-eventloop-thread-1) 🚨 [ALERT RICEVUTO] La Centrale dice: {"tipoEvento":"GUASTO","origine":"CENTRALE","sorgenteTipo":"STAZIONE","sorgenteId":"MI","severita":"CRITICAL","messaggio":"Heartbeat assente: la stazione MI non invia heartbeat da oltre 30 secondi","guastoId":"alert-1786867576009-88f39098","timestamp":"2026-08-16T08:06:16.009558168Z"}
2026-08-16 10:52:06,126 WARN  [it.uni.reti2.StationGateway] (vert.x-eventloop-thread-1) 🚨 [ALERT RICEVUTO] La Centrale dice: {"tipoEvento":"RESOLVED","origine":"CENTRALE","sorgenteTipo":"STAZIONE","sorgenteId":"TO","guastoId":"alert-1786867854965-6e1f7c04","timestamp":"2026-08-16T08:10:59.309581434Z"}
2026-08-16 10:52:06,126 ERROR [it.uni.reti2.StationGateway] (vert.x-eventloop-thread-1) Payload alert non interpretabile: {"tipoEvento":"RESOLVED","origine":"CENTRALE","sorgenteTipo":"STAZIONE","sorgenteId":"TO","guastoId":"alert-1786867854965-6e1f7c04","timestamp":"2026-08-16T08:10:59.309581434Z"}
2026-08-16 10:52:06,127 WARN  [it.uni.reti2.StationGateway] (vert.x-eventloop-thread-1) 🚨 [ALERT RICEVUTO] La Centrale dice: {"tipoEvento":"RESOLVED","origine":"CENTRALE","sorgenteTipo":"STAZIONE","sorgenteId":"Padova","guastoId":"alert-1786867854973-ef011a1e","timestamp":"2026-08-16T08:10:59.360642967Z"}
2026-08-16 10:52:06,128 ERROR [it.uni.reti2.StationGateway] (vert.x-eventloop-thread-1) Payload alert non interpretabile: {"tipoEvento":"RESOLVED","origine":"CENTRALE","sorgenteTipo":"STAZIONE","sorgenteId":"Padova","guastoId":"alert-1786867854973-ef011a1e","timestamp":"2026-08-16T08:10:59.360642967Z"}
2026-08-16 10:52:06,128 WARN  [it.uni.reti2.StationGateway] (vert.x-eventloop-thread-1) 🚨 [ALERT RICEVUTO] La Centrale dice: {"tipoEvento":"RESOLVED","origine":"CENTRALE","sorgenteTipo":"STAZIONE","sorgenteId":"stazzaDellaMadonnaTroia","guastoId":"alert-1786867854870-55c922af","timestamp":"2026-08-16T08:10:59.370519943Z"}
2026-08-16 10:52:06,129 ERROR [it.uni.reti2.StationGateway] (vert.x-eventloop-thread-1) Payload alert non interpretabile: {"tipoEvento":"RESOLVED","origine":"CENTRALE","sorgenteTipo":"STAZIONE","sorgenteId":"stazzaDellaMadonnaTroia","guastoId":"alert-1786867854870-55c922af","timestamp":"2026-08-16T08:10:59.370519943Z"}
2026-08-16 10:52:06,129 WARN  [it.uni.reti2.StationGateway] (vert.x-eventloop-thread-1) 🚨 [ALERT RICEVUTO] La Centrale dice: {"tipoEvento":"RESOLVED","sorgenteTipo":"TRENO","sorgenteId":"Mario","guastoId":"alert-1786867854871-11aeae1c","timestamp":"2026-08-16T08:50:57.843422673Z"}
2026-08-16 10:52:06,130 WARN  [it.uni.reti2.StationGateway] (vert.x-eventloop-thread-1) 🚨 [ALERT RICEVUTO] La Centrale dice: {"tipoEvento":"RESOLVED","sorgenteTipo":"STAZIONE","sorgenteId":"MI","guastoId":"alert-1786867576009-88f39098","timestamp":"2026-08-16T08:50:58.498975385Z"}
2026-08-16 10:52:06,130 ERROR [it.uni.reti2.StationGateway] (vert.x-eventloop-thread-1) Payload alert non interpretabile: {"tipoEvento":"RESOLVED","sorgenteTipo":"STAZIONE","sorgenteId":"MI","guastoId":"alert-1786867576009-88f39098","timestamp":"2026-08-16T08:50:58.498975385Z"}
2026-08-16 10:52:06,131 WARN  [it.uni.reti2.StationGateway] (vert.x-eventloop-thread-1) 🚨 [ALERT RICEVUTO] La Centrale dice: {"tipoEvento":"MAINTENANCE_DISPATCHED","sorgenteId":"PA","timestamp":"2026-08-16T08:50:59.682975933Z"}
2026-08-16 10:52:06,132 ERROR [it.uni.reti2.StationGateway] (vert.x-eventloop-thread-1) Payload alert non interpretabile: {"tipoEvento":"MAINTENANCE_DISPATCHED","sorgenteId":"PA","timestamp":"2026-08-16T08:50:59.682975933Z"}
2026-08-16 10:52:06,132 WARN  [it.uni.reti2.StationGateway] (vert.x-eventloop-thread-1) 🚨 [ALERT RICEVUTO] La Centrale dice: {"tipoEvento":"RESOLVED","sorgenteTipo":"STAZIONE","sorgenteId":"PA","guastoId":"alert-1786867576000-1588f38e","timestamp":"2026-08-16T08:50:59.686646253Z"}
2026-08-16 10:52:06,133 ERROR [it.uni.reti2.StationGateway] (vert.x-eventloop-thread-1) Payload alert non interpretabile: {"tipoEvento":"RESOLVED","sorgenteTipo":"STAZIONE","sorgenteId":"PA","guastoId":"alert-1786867576000-1588f38e","timestamp":"2026-08-16T08:50:59.686646253Z"}
2026-08-16 10:52:06,133 INFO  [it.uni.reti2.main] (main) 🔎 Verifica ID stazione 'ocklam' nel database centrale...
2026-08-16 10:52:06,133 WARN  [it.uni.reti2.StationGateway] (vert.x-eventloop-thread-1) 🚨 [ALERT RICEVUTO] La Centrale dice: {"tipoEvento":"RESOLVED","sorgenteTipo":"STAZIONE","sorgenteId":"PA","guastoId":"alert-1786867576000-1588f38e","timestamp":"2026-08-16T08:50:59.686785100Z"}
2026-08-16 10:52:06,134 WARN  [it.uni.reti2.StationGateway] (vert.x-eventloop-thread-1) 🚨 [ALERT RICEVUTO] La Centrale dice: {"tipoEvento":"GUASTO","origine":"CENTRALE","sorgenteTipo":"STAZIONE","sorgenteId":"PA","severita":"CRITICAL","messaggio":"Heartbeat assente: la stazione PA non invia heartbeat da oltre 30 secondi","guastoId":"alert-1786870294642-fae82e0e","timestamp":"2026-08-16T08:51:34.642669697Z"}
2026-08-16 10:52:06,134 WARN  [it.uni.reti2.StationGateway] (vert.x-eventloop-thread-1) 🚨 [ALERT RICEVUTO] La Centrale dice: {"tipoEvento":"GUASTO","origine":"CENTRALE","sorgenteTipo":"STAZIONE","sorgenteId":"MI","severita":"CRITICAL","messaggio":"Heartbeat assente: la stazione MI non invia heartbeat da oltre 30 secondi","guastoId":"alert-1786870294653-d8ec0b27","timestamp":"2026-08-16T08:51:34.654035646Z"}
2026-08-16 10:52:06,219 INFO  [it.uni.reti2.StationDatabaseValidator] (main) 📩 Richiesta di validazione inviata per la stazione: ocklam
2026-08-16 10:52:06,219 WARN  [it.uni.reti2.main] (main) ID stazione non ancora valido o il database centrale non è raggiungibile; riprovo tra 5 secondi...
2026-08-16 10:52:06,226 ERROR [it.uni.reti2.StationDatabaseValidator] (vert.x-eventloop-thread-2) ❌ L'ID 'ocklam' non è presente nel database centrale: la stazione non è registrata.
2026-08-16 10:52:11,220 ERROR [it.uni.reti2.main] (main) ❌ ERRORE FATALE: ID della stazione non presente nel database centrale. Il processo verrà terminato.
2026-08-16 10:52:11,254 INFO  [io.smallrye.reactive.messaging.mqtt.session.impl.MqttClientSessionImpl] (vert.x-eventloop-thread-0) Connection closed: <unknown>
2026-08-16 10:52:11,256 INFO  [io.smallrye.reactive.messaging.mqtt.session.impl.MqttClientSessionImpl] (vert.x-eventloop-thread-0) Connection closed: <unknown>
2026-08-16 10:52:11,257 INFO  [io.smallrye.reactive.messaging.mqtt.session.impl.MqttClientSessionImpl] (vert.x-eventloop-thread-0) Connection closed: <unknown>
2026-08-16 10:52:11,262 INFO  [io.quarkus] (main) stazione stopped in 0.041s
