__  ____  __  _____   ___  __ ____  ______ 
 --/ __ \/ / / / _ | / _ \/ //_/ / / / __/ 
 -/ /_/ / /_/ / __ |/ , _/ ,< / /_/ /\ \   
--\___\_\____/_/ |_/_/|_/_/|_|\____/___/   
2026-08-16 10:03:05,442 INFO  [it.uni.reti2.main] (main) 🚉 Avvio processo Stazione con ID: stazzaDellaMadonnaTroia
2026-08-16 10:03:06,513 INFO  [io.smallrye.reactive.messaging.mqtt] (main) Create MQTT Client for null@localhost:1883<>-[]
2026-08-16 10:03:06,561 INFO  [io.smallrye.reactive.messaging.mqtt] (main) Create MQTT Client for null@localhost:1883<>-[stazione-stazzaDellaMadonnaTroia-alerts-in]
2026-08-16 10:03:06,722 INFO  [io.vertx.mqtt.impl.MqttClientImpl] (vert.x-eventloop-thread-0) Connection with localhost:1883 established successfully
2026-08-16 10:03:06,876 INFO  [io.vertx.mqtt.impl.MqttClientImpl] (vert.x-eventloop-thread-0) Connection with localhost:1883 established successfully
2026-08-16 10:03:06,896 INFO  [io.smallrye.reactive.messaging.mqtt] (vert.x-eventloop-thread-0) Subscription success on topic railway/alerts, Max QoS 1.
2026-08-16 10:03:06,898 INFO  [io.smallrye.reactive.messaging.mqtt] (vert.x-eventloop-thread-0) Subscription success on topic railway/station/+/validation-response, Max QoS 0.
2026-08-16 10:03:06,899 INFO  [io.smallrye.reactive.messaging.mqtt] (vert.x-eventloop-thread-0) Subscription success on topic railway/train/+/passaggio, Max QoS 0.
2026-08-16 10:03:06,928 INFO  [io.smallrye.reactive.messaging.mqtt] (main) Create MQTT Client for null@localhost:1883<>-[stazione-stazzaDellaMadonnaTroia-alerts-out]
2026-08-16 10:03:06,934 INFO  [io.vertx.mqtt.impl.MqttClientImpl] (vert.x-eventloop-thread-0) Connection with localhost:1883 established successfully
2026-08-16 10:03:06,954 WARN  [it.uni.reti2.HeartbeatGenerator] (executor-thread-1) ⏳ Stazione non ancora validata dalla Centrale: heartbeat sospeso.
2026-08-16 10:03:07,048 INFO  [io.quarkus] (main) stazione 1.0.0-SNAPSHOT on JVM (powered by Quarkus 3.37.3) started in 1.758s. Listening on: http://0.0.0.0:8081
2026-08-16 10:03:07,050 INFO  [io.quarkus] (main) Profile prod activated. 
2026-08-16 10:03:07,050 INFO  [io.quarkus] (main) Installed features: [cdi, messaging, messaging-mqtt, rest, rest-jackson, scheduler, smallrye-context-propagation, vertx]
2026-08-16 10:03:07,055 INFO  [it.uni.reti2.main] (main) 🔎 Verifica ID stazione 'stazzaDellaMadonnaTroia' nel database centrale...
2026-08-16 10:03:07,172 INFO  [it.uni.reti2.StationDatabaseValidator] (main) 📩 Richiesta di validazione inviata per la stazione: stazzaDellaMadonnaTroia
2026-08-16 10:03:07,174 WARN  [it.uni.reti2.main] (main) ID stazione non ancora valido o il database centrale non è raggiungibile; riprovo tra 5 secondi...
2026-08-16 10:03:07,194 INFO  [it.uni.reti2.StationDatabaseValidator] (vert.x-eventloop-thread-2) 🚉 Processo associato con successo alla chiave primaria del database: stazzaDellaMadonnaTroia
2026-08-16 10:03:12,175 INFO  [it.uni.reti2.main] (main) ✅ Processo Stazione AVVIATO CORRETTAMENTE
2026-08-16 10:03:12,175 INFO  [it.uni.reti2.main] (main) 🔄 Ingresso nel ciclo infinito di mantenimento del nodo Stazione...
2026-08-16 10:03:12,176 INFO  [it.uni.reti2.main] (main) 🌐 Server REST disponibile su http://localhost:8081/stazione/info
2026-08-16 10:03:16,953 INFO  [it.uni.reti2.HeartbeatGenerator] (executor-thread-1) 💓 [HEARTBEAT] Invio heartbeat: {"stazioneId":"stazzaDellaMadonnaTroia","stato":"ONLINE","timestamp":"2026-08-16T08:03:16.952928802Z","tipoEvento":"HEARTBEAT","bufferSize":0}
2026-08-16 10:03:26,952 INFO  [it.uni.reti2.HeartbeatGenerator] (executor-thread-1) 💓 [HEARTBEAT] Invio heartbeat: {"stazioneId":"stazzaDellaMadonnaTroia","stato":"ONLINE","timestamp":"2026-08-16T08:03:26.952709574Z","tipoEvento":"HEARTBEAT","bufferSize":0}
2026-08-16 10:03:32,072 WARN  [it.uni.reti2.StationGateway] (vert.x-eventloop-thread-1) 🚨 [ALERT RICEVUTO] La Centrale dice: {"tipoEvento":"GUASTO","origine":"CENTRALE","sorgenteTipo":"STAZIONE","sorgenteId":"PA","severita":"CRITICAL","messaggio":"Heartbeat assente: la stazione PA non invia heartbeat da oltre 30 secondi","guastoId":"alert-1786867412002-35e27015","timestamp":"2026-08-16T08:03:32.002682973Z"}
2026-08-16 10:03:32,079 WARN  [it.uni.reti2.StationGateway] (vert.x-eventloop-thread-1) 🚨 [ALERT RICEVUTO] La Centrale dice: {"tipoEvento":"GUASTO","origine":"CENTRALE","sorgenteTipo":"STAZIONE","sorgenteId":"MI","severita":"CRITICAL","messaggio":"Heartbeat assente: la stazione MI non invia heartbeat da oltre 30 secondi","guastoId":"alert-1786867412068-73822816","timestamp":"2026-08-16T08:03:32.068262564Z"}
2026-08-16 10:03:36,952 INFO  [it.uni.reti2.HeartbeatGenerator] (executor-thread-1) 💓 [HEARTBEAT] Invio heartbeat: {"stazioneId":"stazzaDellaMadonnaTroia","stato":"ONLINE","timestamp":"2026-08-16T08:03:36.952266582Z","tipoEvento":"HEARTBEAT","bufferSize":0}
2026-08-16 10:03:46,952 INFO  [it.uni.reti2.HeartbeatGenerator] (executor-thread-1) 💓 [HEARTBEAT] Invio heartbeat: {"stazioneId":"stazzaDellaMadonnaTroia","stato":"ONLINE","timestamp":"2026-08-16T08:03:46.952237325Z","tipoEvento":"HEARTBEAT","bufferSize":0}
2026-08-16 10:03:55,189 INFO  [it.uni.reti2.StationGateway] (vert.x-eventloop-thread-3) 🚂 [PASSAGGIO] Treno Mario in ENTRATA dalla stazione stazzaDellaMadonnaTroia
2026-08-16 10:03:56,952 INFO  [it.uni.reti2.HeartbeatGenerator] (executor-thread-1) 💓 [HEARTBEAT] Invio heartbeat: {"stazioneId":"stazzaDellaMadonnaTroia","stato":"ONLINE","timestamp":"2026-08-16T08:03:56.952461531Z","tipoEvento":"HEARTBEAT","bufferSize":0}
2026-08-16 10:04:02,136 WARN  [it.uni.reti2.StationGateway] (vert.x-eventloop-thread-1) 🚨 [ALERT RICEVUTO] La Centrale dice: {"tipoEvento":"MAINTENANCE_DISPATCHED","sorgenteId":"MI","timestamp":"2026-08-16T08:04:02.133878497Z"}
2026-08-16 10:04:02,141 WARN  [it.uni.reti2.StationGateway] (vert.x-eventloop-thread-1) 🚨 [ALERT RICEVUTO] La Centrale dice: {"tipoEvento":"RESOLVED","sorgenteTipo":"STAZIONE","sorgenteId":"MI","guastoId":"alert-1786867412068-73822816","timestamp":"2026-08-16T08:04:02.138418130Z"}
2026-08-16 10:04:02,144 WARN  [it.uni.reti2.StationGateway] (vert.x-eventloop-thread-1) 🚨 [ALERT RICEVUTO] La Centrale dice: {"tipoEvento":"RESOLVED","sorgenteTipo":"STAZIONE","sorgenteId":"MI","guastoId":"alert-1786867412068-73822816","timestamp":"2026-08-16T08:04:02.138512525Z"}
2026-08-16 10:04:03,778 WARN  [it.uni.reti2.StationGateway] (vert.x-eventloop-thread-1) 🚨 [ALERT RICEVUTO] La Centrale dice: {"tipoEvento":"MAINTENANCE_DISPATCHED","sorgenteId":"PA","timestamp":"2026-08-16T08:04:03.775933101Z"}
2026-08-16 10:04:03,782 WARN  [it.uni.reti2.StationGateway] (vert.x-eventloop-thread-1) 🚨 [ALERT RICEVUTO] La Centrale dice: {"tipoEvento":"RESOLVED","sorgenteTipo":"STAZIONE","sorgenteId":"PA","guastoId":"alert-1786867412002-35e27015","timestamp":"2026-08-16T08:04:03.779877480Z"}
2026-08-16 10:04:03,784 WARN  [it.uni.reti2.StationGateway] (vert.x-eventloop-thread-1) 🚨 [ALERT RICEVUTO] La Centrale dice: {"tipoEvento":"RESOLVED","sorgenteTipo":"STAZIONE","sorgenteId":"PA","guastoId":"alert-1786867412002-35e27015","timestamp":"2026-08-16T08:04:03.780076657Z"}
2026-08-16 10:04:06,952 INFO  [it.uni.reti2.HeartbeatGenerator] (executor-thread-1) 💓 [HEARTBEAT] Invio heartbeat: {"stazioneId":"stazzaDellaMadonnaTroia","stato":"ONLINE","timestamp":"2026-08-16T08:04:06.952626299Z","tipoEvento":"HEARTBEAT","bufferSize":0}
2026-08-16 10:04:15,189 INFO  [it.uni.reti2.StationGateway] (vert.x-eventloop-thread-3) 🚂 [PASSAGGIO] Treno Mario in USCITA dalla stazione stazzaDellaMadonnaTroia
2026-08-16 10:04:16,952 INFO  [it.uni.reti2.HeartbeatGenerator] (executor-thread-1) 💓 [HEARTBEAT] Invio heartbeat: {"stazioneId":"stazzaDellaMadonnaTroia","stato":"ONLINE","timestamp":"2026-08-16T08:04:16.952661742Z","tipoEvento":"HEARTBEAT","bufferSize":0}
2026-08-16 10:04:26,952 INFO  [it.uni.reti2.HeartbeatGenerator] (executor-thread-1) 💓 [HEARTBEAT] Invio heartbeat: {"stazioneId":"stazzaDellaMadonnaTroia","stato":"ONLINE","timestamp":"2026-08-16T08:04:26.952251326Z","tipoEvento":"HEARTBEAT","bufferSize":0}
2026-08-16 10:04:36,952 INFO  [it.uni.reti2.HeartbeatGenerator] (executor-thread-1) 💓 [HEARTBEAT] Invio heartbeat: {"stazioneId":"stazzaDellaMadonnaTroia","stato":"ONLINE","timestamp":"2026-08-16T08:04:36.952704468Z","tipoEvento":"HEARTBEAT","bufferSize":0}
2026-08-16 10:04:42,017 WARN  [it.uni.reti2.StationGateway] (vert.x-eventloop-thread-1) 🚨 [ALERT RICEVUTO] La Centrale dice: {"tipoEvento":"GUASTO","origine":"CENTRALE","sorgenteTipo":"STAZIONE","sorgenteId":"PA","severita":"CRITICAL","messaggio":"Heartbeat assente: la stazione PA non invia heartbeat da oltre 30 secondi","guastoId":"alert-1786867482001-0276a52f","timestamp":"2026-08-16T08:04:42.001406679Z"}
2026-08-16 10:04:42,070 WARN  [it.uni.reti2.StationGateway] (vert.x-eventloop-thread-1) 🚨 [ALERT RICEVUTO] La Centrale dice: {"tipoEvento":"GUASTO","origine":"CENTRALE","sorgenteTipo":"STAZIONE","sorgenteId":"MI","severita":"CRITICAL","messaggio":"Heartbeat assente: la stazione MI non invia heartbeat da oltre 30 secondi","guastoId":"alert-1786867482013-ae0f8aca","timestamp":"2026-08-16T08:04:42.014118489Z"}
2026-08-16 10:04:46,952 INFO  [it.uni.reti2.HeartbeatGenerator] (executor-thread-1) 💓 [HEARTBEAT] Invio heartbeat: {"stazioneId":"stazzaDellaMadonnaTroia","stato":"ONLINE","timestamp":"2026-08-16T08:04:46.952445350Z","tipoEvento":"HEARTBEAT","bufferSize":0}
2026-08-16 10:04:56,952 INFO  [it.uni.reti2.HeartbeatGenerator] (executor-thread-1) 💓 [HEARTBEAT] Invio heartbeat: {"stazioneId":"stazzaDellaMadonnaTroia","stato":"ONLINE","timestamp":"2026-08-16T08:04:56.952081793Z","tipoEvento":"HEARTBEAT","bufferSize":0}
2026-08-16 10:05:06,952 INFO  [it.uni.reti2.HeartbeatGenerator] (executor-thread-1) 💓 [HEARTBEAT] Invio heartbeat: {"stazioneId":"stazzaDellaMadonnaTroia","stato":"ONLINE","timestamp":"2026-08-16T08:05:06.952013931Z","tipoEvento":"HEARTBEAT","bufferSize":0}
2026-08-16 10:05:16,952 INFO  [it.uni.reti2.HeartbeatGenerator] (executor-thread-1) 💓 [HEARTBEAT] Invio heartbeat: {"stazioneId":"stazzaDellaMadonnaTroia","stato":"ONLINE","timestamp":"2026-08-16T08:05:16.952018697Z","tipoEvento":"HEARTBEAT","bufferSize":0}
2026-08-16 10:05:26,952 INFO  [it.uni.reti2.HeartbeatGenerator] (executor-thread-1) 💓 [HEARTBEAT] Invio heartbeat: {"stazioneId":"stazzaDellaMadonnaTroia","stato":"ONLINE","timestamp":"2026-08-16T08:05:26.952216100Z","tipoEvento":"HEARTBEAT","bufferSize":0}
2026-08-16 10:05:36,696 WARN  [it.uni.reti2.StationGateway] (vert.x-eventloop-thread-1) 🚨 [ALERT RICEVUTO] La Centrale dice: {"tipoEvento":"MAINTENANCE_DISPATCHED","sorgenteId":"MI","timestamp":"2026-08-16T08:05:36.693744869Z"}
2026-08-16 10:05:36,700 WARN  [it.uni.reti2.StationGateway] (vert.x-eventloop-thread-1) 🚨 [ALERT RICEVUTO] La Centrale dice: {"tipoEvento":"RESOLVED","sorgenteTipo":"STAZIONE","sorgenteId":"MI","guastoId":"alert-1786867482013-ae0f8aca","timestamp":"2026-08-16T08:05:36.697515470Z"}
2026-08-16 10:05:36,701 WARN  [it.uni.reti2.StationGateway] (vert.x-eventloop-thread-1) 🚨 [ALERT RICEVUTO] La Centrale dice: {"tipoEvento":"RESOLVED","sorgenteTipo":"STAZIONE","sorgenteId":"MI","guastoId":"alert-1786867482013-ae0f8aca","timestamp":"2026-08-16T08:05:36.698005381Z"}
2026-08-16 10:05:36,952 INFO  [it.uni.reti2.HeartbeatGenerator] (executor-thread-1) 💓 [HEARTBEAT] Invio heartbeat: {"stazioneId":"stazzaDellaMadonnaTroia","stato":"ONLINE","timestamp":"2026-08-16T08:05:36.952067851Z","tipoEvento":"HEARTBEAT","bufferSize":0}
2026-08-16 10:05:38,181 WARN  [it.uni.reti2.StationGateway] (vert.x-eventloop-thread-1) 🚨 [ALERT RICEVUTO] La Centrale dice: {"tipoEvento":"MAINTENANCE_DISPATCHED","sorgenteId":"PA","timestamp":"2026-08-16T08:05:38.178896649Z"}
2026-08-16 10:05:38,186 WARN  [it.uni.reti2.StationGateway] (vert.x-eventloop-thread-1) 🚨 [ALERT RICEVUTO] La Centrale dice: {"tipoEvento":"RESOLVED","sorgenteTipo":"STAZIONE","sorgenteId":"PA","guastoId":"alert-1786867482001-0276a52f","timestamp":"2026-08-16T08:05:38.182901657Z"}
2026-08-16 10:05:38,189 WARN  [it.uni.reti2.StationGateway] (vert.x-eventloop-thread-1) 🚨 [ALERT RICEVUTO] La Centrale dice: {"tipoEvento":"RESOLVED","sorgenteTipo":"STAZIONE","sorgenteId":"PA","guastoId":"alert-1786867482001-0276a52f","timestamp":"2026-08-16T08:05:38.183024294Z"}
2026-08-16 10:05:46,952 INFO  [it.uni.reti2.HeartbeatGenerator] (executor-thread-1) 💓 [HEARTBEAT] Invio heartbeat: {"stazioneId":"stazzaDellaMadonnaTroia","stato":"ONLINE","timestamp":"2026-08-16T08:05:46.952645009Z","tipoEvento":"HEARTBEAT","bufferSize":0}
2026-08-16 10:05:56,952 INFO  [it.uni.reti2.HeartbeatGenerator] (executor-thread-1) 💓 [HEARTBEAT] Invio heartbeat: {"stazioneId":"stazzaDellaMadonnaTroia","stato":"ONLINE","timestamp":"2026-08-16T08:05:56.952670228Z","tipoEvento":"HEARTBEAT","bufferSize":0}
2026-08-16 10:06:06,952 INFO  [it.uni.reti2.HeartbeatGenerator] (executor-thread-1) 💓 [HEARTBEAT] Invio heartbeat: {"stazioneId":"stazzaDellaMadonnaTroia","stato":"ONLINE","timestamp":"2026-08-16T08:06:06.952233468Z","tipoEvento":"HEARTBEAT","bufferSize":0}
2026-08-16 10:06:16,010 WARN  [it.uni.reti2.StationGateway] (vert.x-eventloop-thread-1) 🚨 [ALERT RICEVUTO] La Centrale dice: {"tipoEvento":"GUASTO","origine":"CENTRALE","sorgenteTipo":"STAZIONE","sorgenteId":"PA","severita":"CRITICAL","messaggio":"Heartbeat assente: la stazione PA non invia heartbeat da oltre 30 secondi","guastoId":"alert-1786867576000-1588f38e","timestamp":"2026-08-16T08:06:16.000820085Z"}
2026-08-16 10:06:16,016 WARN  [it.uni.reti2.StationGateway] (vert.x-eventloop-thread-1) 🚨 [ALERT RICEVUTO] La Centrale dice: {"tipoEvento":"GUASTO","origine":"CENTRALE","sorgenteTipo":"STAZIONE","sorgenteId":"MI","severita":"CRITICAL","messaggio":"Heartbeat assente: la stazione MI non invia heartbeat da oltre 30 secondi","guastoId":"alert-1786867576009-88f39098","timestamp":"2026-08-16T08:06:16.009558168Z"}
2026-08-16 10:06:16,952 INFO  [it.uni.reti2.HeartbeatGenerator] (executor-thread-1) 💓 [HEARTBEAT] Invio heartbeat: {"stazioneId":"stazzaDellaMadonnaTroia","stato":"ONLINE","timestamp":"2026-08-16T08:06:16.952041694Z","tipoEvento":"HEARTBEAT","bufferSize":0}
2026-08-16 10:06:26,952 INFO  [it.uni.reti2.HeartbeatGenerator] (executor-thread-1) 💓 [HEARTBEAT] Invio heartbeat: {"stazioneId":"stazzaDellaMadonnaTroia","stato":"ONLINE","timestamp":"2026-08-16T08:06:26.952214205Z","tipoEvento":"HEARTBEAT","bufferSize":0}
2026-08-16 10:06:36,952 INFO  [it.uni.reti2.HeartbeatGenerator] (executor-thread-1) 💓 [HEARTBEAT] Invio heartbeat: {"stazioneId":"stazzaDellaMadonnaTroia","stato":"ONLINE","timestamp":"2026-08-16T08:06:36.952368462Z","tipoEvento":"HEARTBEAT","bufferSize":0}
2026-08-16 10:06:46,952 INFO  [it.uni.reti2.HeartbeatGenerator] (executor-thread-1) 💓 [HEARTBEAT] Invio heartbeat: {"stazioneId":"stazzaDellaMadonnaTroia","stato":"ONLINE","timestamp":"2026-08-16T08:06:46.952248393Z","tipoEvento":"HEARTBEAT","bufferSize":0}
2026-08-16 10:10:54,875 INFO  [io.smallrye.reactive.messaging.mqtt.session.impl.MqttClientSessionImpl] (vert.x-eventloop-thread-0) Connection closed: Connection closed
2026-08-16 10:10:54,885 INFO  [io.smallrye.reactive.messaging.mqtt.session.impl.MqttClientSessionImpl] (vert.x-eventloop-thread-0) Connection closed: Connection closed
2026-08-16 10:10:54,886 INFO  [io.smallrye.reactive.messaging.mqtt.session.impl.MqttClientSessionImpl] (vert.x-eventloop-thread-0) Connection closed: Connection closed
2026-08-16 10:10:55,880 INFO  [io.vertx.mqtt.impl.MqttClientImpl] (vert.x-eventloop-thread-0) Connection with localhost:1883 established successfully
2026-08-16 10:10:55,889 INFO  [io.vertx.mqtt.impl.MqttClientImpl] (vert.x-eventloop-thread-0) Connection with localhost:1883 established successfully
2026-08-16 10:10:55,890 INFO  [io.vertx.mqtt.impl.MqttClientImpl] (vert.x-eventloop-thread-0) Connection with localhost:1883 established successfully
2026-08-16 10:10:59,312 WARN  [it.uni.reti2.StationGateway] (vert.x-eventloop-thread-1) 🚨 [ALERT RICEVUTO] La Centrale dice: {"tipoEvento":"RESOLVED","origine":"CENTRALE","sorgenteTipo":"STAZIONE","sorgenteId":"TO","guastoId":"alert-1786867854965-6e1f7c04","timestamp":"2026-08-16T08:10:59.309581434Z"}
2026-08-16 10:10:59,342 INFO  [it.uni.reti2.HeartbeatGenerator] (executor-thread-1) 💓 [HEARTBEAT] Invio heartbeat: {"stazioneId":"stazzaDellaMadonnaTroia","stato":"ONLINE","timestamp":"2026-08-16T08:10:59.341950661Z","tipoEvento":"HEARTBEAT","bufferSize":0}
2026-08-16 10:10:59,363 WARN  [it.uni.reti2.StationGateway] (vert.x-eventloop-thread-1) 🚨 [ALERT RICEVUTO] La Centrale dice: {"tipoEvento":"RESOLVED","origine":"CENTRALE","sorgenteTipo":"STAZIONE","sorgenteId":"Padova","guastoId":"alert-1786867854973-ef011a1e","timestamp":"2026-08-16T08:10:59.360642967Z"}
2026-08-16 10:10:59,373 WARN  [it.uni.reti2.StationGateway] (vert.x-eventloop-thread-1) 🚨 [ALERT RICEVUTO] La Centrale dice: {"tipoEvento":"RESOLVED","origine":"CENTRALE","sorgenteTipo":"STAZIONE","sorgenteId":"stazzaDellaMadonnaTroia","guastoId":"alert-1786867854870-55c922af","timestamp":"2026-08-16T08:10:59.370519943Z"}
2026-08-16 10:10:59,373 INFO  [it.uni.reti2.StationGateway] (vert.x-eventloop-thread-1) 🔧 Stazione ripristinata dalla Centrale! Stato di nuovo ONLINE.
2026-08-16 10:11:09,342 INFO  [it.uni.reti2.HeartbeatGenerator] (executor-thread-1) 💓 [HEARTBEAT] Invio heartbeat: {"stazioneId":"stazzaDellaMadonnaTroia","stato":"ONLINE","timestamp":"2026-08-16T08:11:09.342373472Z","tipoEvento":"HEARTBEAT","bufferSize":0}
2026-08-16 10:11:19,341 INFO  [it.uni.reti2.HeartbeatGenerator] (executor-thread-1) 💓 [HEARTBEAT] Invio heartbeat: {"stazioneId":"stazzaDellaMadonnaTroia","stato":"ONLINE","timestamp":"2026-08-16T08:11:19.341825126Z","tipoEvento":"HEARTBEAT","bufferSize":0}
2026-08-16 10:11:29,342 INFO  [it.uni.reti2.HeartbeatGenerator] (executor-thread-1) 💓 [HEARTBEAT] Invio heartbeat: {"stazioneId":"stazzaDellaMadonnaTroia","stato":"ONLINE","timestamp":"2026-08-16T08:11:29.341881148Z","tipoEvento":"HEARTBEAT","bufferSize":0}
2026-08-16 10:11:39,341 INFO  [it.uni.reti2.HeartbeatGenerator] (executor-thread-1) 💓 [HEARTBEAT] Invio heartbeat: {"stazioneId":"stazzaDellaMadonnaTroia","stato":"ONLINE","timestamp":"2026-08-16T08:11:39.341801718Z","tipoEvento":"HEARTBEAT","bufferSize":0}
2026-08-16 10:11:49,342 INFO  [it.uni.reti2.HeartbeatGenerator] (executor-thread-1) 💓 [HEARTBEAT] Invio heartbeat: {"stazioneId":"stazzaDellaMadonnaTroia","stato":"ONLINE","timestamp":"2026-08-16T08:11:49.341931373Z","tipoEvento":"HEARTBEAT","bufferSize":0}
2026-08-16 10:11:59,342 INFO  [it.uni.reti2.HeartbeatGenerator] (executor-thread-1) 💓 [HEARTBEAT] Invio heartbeat: {"stazioneId":"stazzaDellaMadonnaTroia","stato":"ONLINE","timestamp":"2026-08-16T08:11:59.342274450Z","tipoEvento":"HEARTBEAT","bufferSize":0}
2026-08-16 10:12:09,342 INFO  [it.uni.reti2.HeartbeatGenerator] (executor-thread-1) 💓 [HEARTBEAT] Invio heartbeat: {"stazioneId":"stazzaDellaMadonnaTroia","stato":"ONLINE","timestamp":"2026-08-16T08:12:09.341996720Z","tipoEvento":"HEARTBEAT","bufferSize":0}
2026-08-16 10:12:19,342 INFO  [it.uni.reti2.HeartbeatGenerator] (executor-thread-1) 💓 [HEARTBEAT] Invio heartbeat: {"stazioneId":"stazzaDellaMadonnaTroia","stato":"ONLINE","timestamp":"2026-08-16T08:12:19.341942496Z","tipoEvento":"HEARTBEAT","bufferSize":0}
2026-08-16 10:12:29,343 INFO  [it.uni.reti2.HeartbeatGenerator] (executor-thread-1) 💓 [HEARTBEAT] Invio heartbeat: {"stazioneId":"stazzaDellaMadonnaTroia","stato":"ONLINE","timestamp":"2026-08-16T08:12:29.342774524Z","tipoEvento":"HEARTBEAT","bufferSize":0}
2026-08-16 10:12:39,342 INFO  [it.uni.reti2.HeartbeatGenerator] (executor-thread-1) 💓 [HEARTBEAT] Invio heartbeat: {"stazioneId":"stazzaDellaMadonnaTroia","stato":"ONLINE","timestamp":"2026-08-16T08:12:39.342363114Z","tipoEvento":"HEARTBEAT","bufferSize":0}
2026-08-16 10:12:46,563 INFO  [it.uni.reti2.StationGateway] (vert.x-eventloop-thread-3) 🚂 [PASSAGGIO] Treno tenoAmmazzaRicchi in ENTRATA dalla stazione stazzaDellaMadonnaTroia
2026-08-16 10:12:49,342 INFO  [it.uni.reti2.HeartbeatGenerator] (executor-thread-1) 💓 [HEARTBEAT] Invio heartbeat: {"stazioneId":"stazzaDellaMadonnaTroia","stato":"ONLINE","timestamp":"2026-08-16T08:12:49.341968797Z","tipoEvento":"HEARTBEAT","bufferSize":0}
2026-08-16 10:12:59,342 INFO  [it.uni.reti2.HeartbeatGenerator] (executor-thread-1) 💓 [HEARTBEAT] Invio heartbeat: {"stazioneId":"stazzaDellaMadonnaTroia","stato":"ONLINE","timestamp":"2026-08-16T08:12:59.342416464Z","tipoEvento":"HEARTBEAT","bufferSize":0}
2026-08-16 10:13:09,342 INFO  [it.uni.reti2.HeartbeatGenerator] (executor-thread-1) 💓 [HEARTBEAT] Invio heartbeat: {"stazioneId":"stazzaDellaMadonnaTroia","stato":"ONLINE","timestamp":"2026-08-16T08:13:09.342384475Z","tipoEvento":"HEARTBEAT","bufferSize":0}
2026-08-16 10:13:19,342 INFO  [it.uni.reti2.HeartbeatGenerator] (executor-thread-1) 💓 [HEARTBEAT] Invio heartbeat: {"stazioneId":"stazzaDellaMadonnaTroia","stato":"ONLINE","timestamp":"2026-08-16T08:13:19.341957525Z","tipoEvento":"HEARTBEAT","bufferSize":0}
2026-08-16 10:13:29,342 INFO  [it.uni.reti2.HeartbeatGenerator] (executor-thread-1) 💓 [HEARTBEAT] Invio heartbeat: {"stazioneId":"stazzaDellaMadonnaTroia","stato":"ONLINE","timestamp":"2026-08-16T08:13:29.341946968Z","tipoEvento":"HEARTBEAT","bufferSize":0}
2026-08-16 10:13:39,342 INFO  [it.uni.reti2.HeartbeatGenerator] (executor-thread-1) 💓 [HEARTBEAT] Invio heartbeat: {"stazioneId":"stazzaDellaMadonnaTroia","stato":"ONLINE","timestamp":"2026-08-16T08:13:39.342361868Z","tipoEvento":"HEARTBEAT","bufferSize":0}
2026-08-16 10:13:49,342 INFO  [it.uni.reti2.HeartbeatGenerator] (executor-thread-1) 💓 [HEARTBEAT] Invio heartbeat: {"stazioneId":"stazzaDellaMadonnaTroia","stato":"ONLINE","timestamp":"2026-08-16T08:13:49.341923893Z","tipoEvento":"HEARTBEAT","bufferSize":0}
2026-08-16 10:13:59,342 INFO  [it.uni.reti2.HeartbeatGenerator] (executor-thread-1) 💓 [HEARTBEAT] Invio heartbeat: {"stazioneId":"stazzaDellaMadonnaTroia","stato":"ONLINE","timestamp":"2026-08-16T08:13:59.341874891Z","tipoEvento":"HEARTBEAT","bufferSize":0}
2026-08-16 10:14:09,342 INFO  [it.uni.reti2.HeartbeatGenerator] (executor-thread-1) 💓 [HEARTBEAT] Invio heartbeat: {"stazioneId":"stazzaDellaMadonnaTroia","stato":"ONLINE","timestamp":"2026-08-16T08:14:09.342331303Z","tipoEvento":"HEARTBEAT","bufferSize":0}
2026-08-16 10:14:19,342 INFO  [it.uni.reti2.HeartbeatGenerator] (executor-thread-1) 💓 [HEARTBEAT] Invio heartbeat: {"stazioneId":"stazzaDellaMadonnaTroia","stato":"ONLINE","timestamp":"2026-08-16T08:14:19.341907479Z","tipoEvento":"HEARTBEAT","bufferSize":0}
2026-08-16 10:14:29,342 INFO  [it.uni.reti2.HeartbeatGenerator] (executor-thread-1) 💓 [HEARTBEAT] Invio heartbeat: {"stazioneId":"stazzaDellaMadonnaTroia","stato":"ONLINE","timestamp":"2026-08-16T08:14:29.342343066Z","tipoEvento":"HEARTBEAT","bufferSize":0}
2026-08-16 10:14:39,342 INFO  [it.uni.reti2.HeartbeatGenerator] (executor-thread-1) 💓 [HEARTBEAT] Invio heartbeat: {"stazioneId":"stazzaDellaMadonnaTroia","stato":"ONLINE","timestamp":"2026-08-16T08:14:39.341892883Z","tipoEvento":"HEARTBEAT","bufferSize":0}
2026-08-16 10:14:49,342 INFO  [it.uni.reti2.HeartbeatGenerator] (executor-thread-1) 💓 [HEARTBEAT] Invio heartbeat: {"stazioneId":"stazzaDellaMadonnaTroia","stato":"ONLINE","timestamp":"2026-08-16T08:14:49.342415053Z","tipoEvento":"HEARTBEAT","bufferSize":0}
2026-08-16 10:14:59,342 INFO  [it.uni.reti2.HeartbeatGenerator] (executor-thread-1) 💓 [HEARTBEAT] Invio heartbeat: {"stazioneId":"stazzaDellaMadonnaTroia","stato":"ONLINE","timestamp":"2026-08-16T08:14:59.342125062Z","tipoEvento":"HEARTBEAT","bufferSize":0}
2026-08-16 10:15:09,342 INFO  [it.uni.reti2.HeartbeatGenerator] (executor-thread-1) 💓 [HEARTBEAT] Invio heartbeat: {"stazioneId":"stazzaDellaMadonnaTroia","stato":"ONLINE","timestamp":"2026-08-16T08:15:09.342092105Z","tipoEvento":"HEARTBEAT","bufferSize":0}
2026-08-16 10:15:19,342 INFO  [it.uni.reti2.HeartbeatGenerator] (executor-thread-1) 💓 [HEARTBEAT] Invio heartbeat: {"stazioneId":"stazzaDellaMadonnaTroia","stato":"ONLINE","timestamp":"2026-08-16T08:15:19.341906936Z","tipoEvento":"HEARTBEAT","bufferSize":0}
2026-08-16 10:15:30,590 INFO  [it.uni.reti2.HeartbeatGenerator] (executor-thread-1) 💓 [HEARTBEAT] Invio heartbeat: {"stazioneId":"stazzaDellaMadonnaTroia","stato":"ONLINE","timestamp":"2026-08-16T08:15:30.590404992Z","tipoEvento":"HEARTBEAT","bufferSize":0}
2026-08-16 10:15:40,591 INFO  [it.uni.reti2.HeartbeatGenerator] (executor-thread-1) 💓 [HEARTBEAT] Invio heartbeat: {"stazioneId":"stazzaDellaMadonnaTroia","stato":"ONLINE","timestamp":"2026-08-16T08:15:40.590991001Z","tipoEvento":"HEARTBEAT","bufferSize":0}
2026-08-16 10:15:50,590 INFO  [it.uni.reti2.HeartbeatGenerator] (executor-thread-1) 💓 [HEARTBEAT] Invio heartbeat: {"stazioneId":"stazzaDellaMadonnaTroia","stato":"ONLINE","timestamp":"2026-08-16T08:15:50.590504219Z","tipoEvento":"HEARTBEAT","bufferSize":0}
2026-08-16 10:16:00,591 INFO  [it.uni.reti2.HeartbeatGenerator] (executor-thread-1) 💓 [HEARTBEAT] Invio heartbeat: {"stazioneId":"stazzaDellaMadonnaTroia","stato":"ONLINE","timestamp":"2026-08-16T08:16:00.590930536Z","tipoEvento":"HEARTBEAT","bufferSize":0}
2026-08-16 10:16:10,591 INFO  [it.uni.reti2.HeartbeatGenerator] (executor-thread-1) 💓 [HEARTBEAT] Invio heartbeat: {"stazioneId":"stazzaDellaMadonnaTroia","stato":"ONLINE","timestamp":"2026-08-16T08:16:10.590977215Z","tipoEvento":"HEARTBEAT","bufferSize":0}
2026-08-16 10:16:20,590 INFO  [it.uni.reti2.HeartbeatGenerator] (executor-thread-1) 💓 [HEARTBEAT] Invio heartbeat: {"stazioneId":"stazzaDellaMadonnaTroia","stato":"ONLINE","timestamp":"2026-08-16T08:16:20.590461943Z","tipoEvento":"HEARTBEAT","bufferSize":0}
2026-08-16 10:16:30,590 INFO  [it.uni.reti2.HeartbeatGenerator] (executor-thread-1) 💓 [HEARTBEAT] Invio heartbeat: {"stazioneId":"stazzaDellaMadonnaTroia","stato":"ONLINE","timestamp":"2026-08-16T08:16:30.590441782Z","tipoEvento":"HEARTBEAT","bufferSize":0}
2026-08-16 10:16:40,590 INFO  [it.uni.reti2.HeartbeatGenerator] (executor-thread-1) 💓 [HEARTBEAT] Invio heartbeat: {"stazioneId":"stazzaDellaMadonnaTroia","stato":"ONLINE","timestamp":"2026-08-16T08:16:40.590510759Z","tipoEvento":"HEARTBEAT","bufferSize":0}
2026-08-16 10:16:50,590 INFO  [it.uni.reti2.HeartbeatGenerator] (executor-thread-1) 💓 [HEARTBEAT] Invio heartbeat: {"stazioneId":"stazzaDellaMadonnaTroia","stato":"ONLINE","timestamp":"2026-08-16T08:16:50.590513301Z","tipoEvento":"HEARTBEAT","bufferSize":0}
2026-08-16 10:17:00,590 INFO  [it.uni.reti2.HeartbeatGenerator] (executor-thread-1) 💓 [HEARTBEAT] Invio heartbeat: {"stazioneId":"stazzaDellaMadonnaTroia","stato":"ONLINE","timestamp":"2026-08-16T08:17:00.590828296Z","tipoEvento":"HEARTBEAT","bufferSize":0}
2026-08-16 10:17:10,590 INFO  [it.uni.reti2.HeartbeatGenerator] (executor-thread-1) 💓 [HEARTBEAT] Invio heartbeat: {"stazioneId":"stazzaDellaMadonnaTroia","stato":"ONLINE","timestamp":"2026-08-16T08:17:10.590734509Z","tipoEvento":"HEARTBEAT","bufferSize":0}
2026-08-16 10:17:20,590 INFO  [it.uni.reti2.HeartbeatGenerator] (executor-thread-1) 💓 [HEARTBEAT] Invio heartbeat: {"stazioneId":"stazzaDellaMadonnaTroia","stato":"ONLINE","timestamp":"2026-08-16T08:17:20.590549318Z","tipoEvento":"HEARTBEAT","bufferSize":0}
2026-08-16 10:17:30,590 INFO  [it.uni.reti2.HeartbeatGenerator] (executor-thread-1) 💓 [HEARTBEAT] Invio heartbeat: {"stazioneId":"stazzaDellaMadonnaTroia","stato":"ONLINE","timestamp":"2026-08-16T08:17:30.590471580Z","tipoEvento":"HEARTBEAT","bufferSize":0}
2026-08-16 10:17:40,590 INFO  [it.uni.reti2.HeartbeatGenerator] (executor-thread-1) 💓 [HEARTBEAT] Invio heartbeat: {"stazioneId":"stazzaDellaMadonnaTroia","stato":"ONLINE","timestamp":"2026-08-16T08:17:40.590614240Z","tipoEvento":"HEARTBEAT","bufferSize":0}
2026-08-16 10:17:50,590 INFO  [it.uni.reti2.HeartbeatGenerator] (executor-thread-1) 💓 [HEARTBEAT] Invio heartbeat: {"stazioneId":"stazzaDellaMadonnaTroia","stato":"ONLINE","timestamp":"2026-08-16T08:17:50.590506355Z","tipoEvento":"HEARTBEAT","bufferSize":0}
2026-08-16 10:18:00,590 INFO  [it.uni.reti2.HeartbeatGenerator] (executor-thread-1) 💓 [HEARTBEAT] Invio heartbeat: {"stazioneId":"stazzaDellaMadonnaTroia","stato":"ONLINE","timestamp":"2026-08-16T08:18:00.590401473Z","tipoEvento":"HEARTBEAT","bufferSize":0}
2026-08-16 10:18:10,590 INFO  [it.uni.reti2.HeartbeatGenerator] (executor-thread-1) 💓 [HEARTBEAT] Invio heartbeat: {"stazioneId":"stazzaDellaMadonnaTroia","stato":"ONLINE","timestamp":"2026-08-16T08:18:10.590438896Z","tipoEvento":"HEARTBEAT","bufferSize":0}
2026-08-16 10:18:20,590 INFO  [it.uni.reti2.HeartbeatGenerator] (executor-thread-1) 💓 [HEARTBEAT] Invio heartbeat: {"stazioneId":"stazzaDellaMadonnaTroia","stato":"ONLINE","timestamp":"2026-08-16T08:18:20.590507692Z","tipoEvento":"HEARTBEAT","bufferSize":0}
2026-08-16 10:18:30,590 INFO  [it.uni.reti2.HeartbeatGenerator] (executor-thread-1) 💓 [HEARTBEAT] Invio heartbeat: {"stazioneId":"stazzaDellaMadonnaTroia","stato":"ONLINE","timestamp":"2026-08-16T08:18:30.590820001Z","tipoEvento":"HEARTBEAT","bufferSize":0}
2026-08-16 10:18:40,590 INFO  [it.uni.reti2.HeartbeatGenerator] (executor-thread-1) 💓 [HEARTBEAT] Invio heartbeat: {"stazioneId":"stazzaDellaMadonnaTroia","stato":"ONLINE","timestamp":"2026-08-16T08:18:40.590488755Z","tipoEvento":"HEARTBEAT","bufferSize":0}
2026-08-16 10:18:50,590 INFO  [it.uni.reti2.HeartbeatGenerator] (executor-thread-1) 💓 [HEARTBEAT] Invio heartbeat: {"stazioneId":"stazzaDellaMadonnaTroia","stato":"ONLINE","timestamp":"2026-08-16T08:18:50.590512115Z","tipoEvento":"HEARTBEAT","bufferSize":0}
2026-08-16 10:19:00,591 INFO  [it.uni.reti2.HeartbeatGenerator] (executor-thread-1) 💓 [HEARTBEAT] Invio heartbeat: {"stazioneId":"stazzaDellaMadonnaTroia","stato":"ONLINE","timestamp":"2026-08-16T08:19:00.590920326Z","tipoEvento":"HEARTBEAT","bufferSize":0}
2026-08-16 10:19:10,590 INFO  [it.uni.reti2.HeartbeatGenerator] (executor-thread-1) 💓 [HEARTBEAT] Invio heartbeat: {"stazioneId":"stazzaDellaMadonnaTroia","stato":"ONLINE","timestamp":"2026-08-16T08:19:10.590617798Z","tipoEvento":"HEARTBEAT","bufferSize":0}
2026-08-16 10:19:20,591 INFO  [it.uni.reti2.HeartbeatGenerator] (executor-thread-1) 💓 [HEARTBEAT] Invio heartbeat: {"stazioneId":"stazzaDellaMadonnaTroia","stato":"ONLINE","timestamp":"2026-08-16T08:19:20.591017357Z","tipoEvento":"HEARTBEAT","bufferSize":0}
2026-08-16 10:19:30,590 INFO  [it.uni.reti2.HeartbeatGenerator] (executor-thread-1) 💓 [HEARTBEAT] Invio heartbeat: {"stazioneId":"stazzaDellaMadonnaTroia","stato":"ONLINE","timestamp":"2026-08-16T08:19:30.590483016Z","tipoEvento":"HEARTBEAT","bufferSize":0}
2026-08-16 10:19:40,590 INFO  [it.uni.reti2.HeartbeatGenerator] (executor-thread-1) 💓 [HEARTBEAT] Invio heartbeat: {"stazioneId":"stazzaDellaMadonnaTroia","stato":"ONLINE","timestamp":"2026-08-16T08:19:40.590481117Z","tipoEvento":"HEARTBEAT","bufferSize":0}
2026-08-16 10:19:50,591 INFO  [it.uni.reti2.HeartbeatGenerator] (executor-thread-1) 💓 [HEARTBEAT] Invio heartbeat: {"stazioneId":"stazzaDellaMadonnaTroia","stato":"ONLINE","timestamp":"2026-08-16T08:19:50.590916800Z","tipoEvento":"HEARTBEAT","bufferSize":0}
2026-08-16 10:20:00,590 INFO  [it.uni.reti2.HeartbeatGenerator] (executor-thread-1) 💓 [HEARTBEAT] Invio heartbeat: {"stazioneId":"stazzaDellaMadonnaTroia","stato":"ONLINE","timestamp":"2026-08-16T08:20:00.590474922Z","tipoEvento":"HEARTBEAT","bufferSize":0}
2026-08-16 10:20:10,590 INFO  [it.uni.reti2.HeartbeatGenerator] (executor-thread-1) 💓 [HEARTBEAT] Invio heartbeat: {"stazioneId":"stazzaDellaMadonnaTroia","stato":"ONLINE","timestamp":"2026-08-16T08:20:10.590499748Z","tipoEvento":"HEARTBEAT","bufferSize":0}
2026-08-16 10:20:20,590 INFO  [it.uni.reti2.HeartbeatGenerator] (executor-thread-1) 💓 [HEARTBEAT] Invio heartbeat: {"stazioneId":"stazzaDellaMadonnaTroia","stato":"ONLINE","timestamp":"2026-08-16T08:20:20.590547078Z","tipoEvento":"HEARTBEAT","bufferSize":0}
2026-08-16 10:20:30,591 INFO  [it.uni.reti2.HeartbeatGenerator] (executor-thread-1) 💓 [HEARTBEAT] Invio heartbeat: {"stazioneId":"stazzaDellaMadonnaTroia","stato":"ONLINE","timestamp":"2026-08-16T08:20:30.591138452Z","tipoEvento":"HEARTBEAT","bufferSize":0}
2026-08-16 10:20:40,591 INFO  [it.uni.reti2.HeartbeatGenerator] (executor-thread-1) 💓 [HEARTBEAT] Invio heartbeat: {"stazioneId":"stazzaDellaMadonnaTroia","stato":"ONLINE","timestamp":"2026-08-16T08:20:40.590961234Z","tipoEvento":"HEARTBEAT","bufferSize":0}
2026-08-16 10:20:50,590 INFO  [it.uni.reti2.HeartbeatGenerator] (executor-thread-1) 💓 [HEARTBEAT] Invio heartbeat: {"stazioneId":"stazzaDellaMadonnaTroia","stato":"ONLINE","timestamp":"2026-08-16T08:20:50.590525086Z","tipoEvento":"HEARTBEAT","bufferSize":0}
2026-08-16 10:21:00,590 INFO  [it.uni.reti2.HeartbeatGenerator] (executor-thread-1) 💓 [HEARTBEAT] Invio heartbeat: {"stazioneId":"stazzaDellaMadonnaTroia","stato":"ONLINE","timestamp":"2026-08-16T08:21:00.590545164Z","tipoEvento":"HEARTBEAT","bufferSize":0}
2026-08-16 10:21:10,590 INFO  [it.uni.reti2.HeartbeatGenerator] (executor-thread-1) 💓 [HEARTBEAT] Invio heartbeat: {"stazioneId":"stazzaDellaMadonnaTroia","stato":"ONLINE","timestamp":"2026-08-16T08:21:10.590756770Z","tipoEvento":"HEARTBEAT","bufferSize":0}
2026-08-16 10:21:20,591 INFO  [it.uni.reti2.HeartbeatGenerator] (executor-thread-1) 💓 [HEARTBEAT] Invio heartbeat: {"stazioneId":"stazzaDellaMadonnaTroia","stato":"ONLINE","timestamp":"2026-08-16T08:21:20.590986119Z","tipoEvento":"HEARTBEAT","bufferSize":0}
2026-08-16 10:21:30,591 INFO  [it.uni.reti2.HeartbeatGenerator] (executor-thread-1) 💓 [HEARTBEAT] Invio heartbeat: {"stazioneId":"stazzaDellaMadonnaTroia","stato":"ONLINE","timestamp":"2026-08-16T08:21:30.591035782Z","tipoEvento":"HEARTBEAT","bufferSize":0}
2026-08-16 10:21:40,590 INFO  [it.uni.reti2.HeartbeatGenerator] (executor-thread-1) 💓 [HEARTBEAT] Invio heartbeat: {"stazioneId":"stazzaDellaMadonnaTroia","stato":"ONLINE","timestamp":"2026-08-16T08:21:40.590443169Z","tipoEvento":"HEARTBEAT","bufferSize":0}
2026-08-16 10:21:50,591 INFO  [it.uni.reti2.HeartbeatGenerator] (executor-thread-1) 💓 [HEARTBEAT] Invio heartbeat: {"stazioneId":"stazzaDellaMadonnaTroia","stato":"ONLINE","timestamp":"2026-08-16T08:21:50.591049219Z","tipoEvento":"HEARTBEAT","bufferSize":0}
2026-08-16 10:22:00,591 INFO  [it.uni.reti2.HeartbeatGenerator] (executor-thread-1) 💓 [HEARTBEAT] Invio heartbeat: {"stazioneId":"stazzaDellaMadonnaTroia","stato":"ONLINE","timestamp":"2026-08-16T08:22:00.590908660Z","tipoEvento":"HEARTBEAT","bufferSize":0}
2026-08-16 10:22:10,590 INFO  [it.uni.reti2.HeartbeatGenerator] (executor-thread-1) 💓 [HEARTBEAT] Invio heartbeat: {"stazioneId":"stazzaDellaMadonnaTroia","stato":"ONLINE","timestamp":"2026-08-16T08:22:10.590551400Z","tipoEvento":"HEARTBEAT","bufferSize":0}
2026-08-16 10:22:20,590 INFO  [it.uni.reti2.HeartbeatGenerator] (executor-thread-1) 💓 [HEARTBEAT] Invio heartbeat: {"stazioneId":"stazzaDellaMadonnaTroia","stato":"ONLINE","timestamp":"2026-08-16T08:22:20.590510748Z","tipoEvento":"HEARTBEAT","bufferSize":0}
2026-08-16 10:22:30,591 INFO  [it.uni.reti2.HeartbeatGenerator] (executor-thread-1) 💓 [HEARTBEAT] Invio heartbeat: {"stazioneId":"stazzaDellaMadonnaTroia","stato":"ONLINE","timestamp":"2026-08-16T08:22:30.590860771Z","tipoEvento":"HEARTBEAT","bufferSize":0}
2026-08-16 10:22:40,590 INFO  [it.uni.reti2.HeartbeatGenerator] (executor-thread-1) 💓 [HEARTBEAT] Invio heartbeat: {"stazioneId":"stazzaDellaMadonnaTroia","stato":"ONLINE","timestamp":"2026-08-16T08:22:40.590533266Z","tipoEvento":"HEARTBEAT","bufferSize":0}
2026-08-16 10:22:50,591 INFO  [it.uni.reti2.HeartbeatGenerator] (executor-thread-1) 💓 [HEARTBEAT] Invio heartbeat: {"stazioneId":"stazzaDellaMadonnaTroia","stato":"ONLINE","timestamp":"2026-08-16T08:22:50.591218486Z","tipoEvento":"HEARTBEAT","bufferSize":0}
2026-08-16 10:23:00,590 INFO  [it.uni.reti2.HeartbeatGenerator] (executor-thread-1) 💓 [HEARTBEAT] Invio heartbeat: {"stazioneId":"stazzaDellaMadonnaTroia","stato":"ONLINE","timestamp":"2026-08-16T08:23:00.590839278Z","tipoEvento":"HEARTBEAT","bufferSize":0}
2026-08-16 10:23:10,590 INFO  [it.uni.reti2.HeartbeatGenerator] (executor-thread-1) 💓 [HEARTBEAT] Invio heartbeat: {"stazioneId":"stazzaDellaMadonnaTroia","stato":"ONLINE","timestamp":"2026-08-16T08:23:10.590485659Z","tipoEvento":"HEARTBEAT","bufferSize":0}
2026-08-16 10:23:20,590 INFO  [it.uni.reti2.HeartbeatGenerator] (executor-thread-1) 💓 [HEARTBEAT] Invio heartbeat: {"stazioneId":"stazzaDellaMadonnaTroia","stato":"ONLINE","timestamp":"2026-08-16T08:23:20.590449968Z","tipoEvento":"HEARTBEAT","bufferSize":0}
2026-08-16 10:23:30,590 INFO  [it.uni.reti2.HeartbeatGenerator] (executor-thread-1) 💓 [HEARTBEAT] Invio heartbeat: {"stazioneId":"stazzaDellaMadonnaTroia","stato":"ONLINE","timestamp":"2026-08-16T08:23:30.590763406Z","tipoEvento":"HEARTBEAT","bufferSize":0}
2026-08-16 10:23:40,590 INFO  [it.uni.reti2.HeartbeatGenerator] (executor-thread-1) 💓 [HEARTBEAT] Invio heartbeat: {"stazioneId":"stazzaDellaMadonnaTroia","stato":"ONLINE","timestamp":"2026-08-16T08:23:40.590505561Z","tipoEvento":"HEARTBEAT","bufferSize":0}
2026-08-16 10:23:50,591 INFO  [it.uni.reti2.HeartbeatGenerator] (executor-thread-1) 💓 [HEARTBEAT] Invio heartbeat: {"stazioneId":"stazzaDellaMadonnaTroia","stato":"ONLINE","timestamp":"2026-08-16T08:23:50.590901402Z","tipoEvento":"HEARTBEAT","bufferSize":0}
2026-08-16 10:24:00,590 INFO  [it.uni.reti2.HeartbeatGenerator] (executor-thread-1) 💓 [HEARTBEAT] Invio heartbeat: {"stazioneId":"stazzaDellaMadonnaTroia","stato":"ONLINE","timestamp":"2026-08-16T08:24:00.590477263Z","tipoEvento":"HEARTBEAT","bufferSize":0}
2026-08-16 10:24:10,590 INFO  [it.uni.reti2.HeartbeatGenerator] (executor-thread-1) 💓 [HEARTBEAT] Invio heartbeat: {"stazioneId":"stazzaDellaMadonnaTroia","stato":"ONLINE","timestamp":"2026-08-16T08:24:10.590499188Z","tipoEvento":"HEARTBEAT","bufferSize":0}
2026-08-16 10:24:20,590 INFO  [it.uni.reti2.HeartbeatGenerator] (executor-thread-1) 💓 [HEARTBEAT] Invio heartbeat: {"stazioneId":"stazzaDellaMadonnaTroia","stato":"ONLINE","timestamp":"2026-08-16T08:24:20.590411667Z","tipoEvento":"HEARTBEAT","bufferSize":0}
2026-08-16 10:24:30,591 INFO  [it.uni.reti2.HeartbeatGenerator] (executor-thread-1) 💓 [HEARTBEAT] Invio heartbeat: {"stazioneId":"stazzaDellaMadonnaTroia","stato":"ONLINE","timestamp":"2026-08-16T08:24:30.590988193Z","tipoEvento":"HEARTBEAT","bufferSize":0}
2026-08-16 10:24:40,590 INFO  [it.uni.reti2.HeartbeatGenerator] (executor-thread-1) 💓 [HEARTBEAT] Invio heartbeat: {"stazioneId":"stazzaDellaMadonnaTroia","stato":"ONLINE","timestamp":"2026-08-16T08:24:40.590577643Z","tipoEvento":"HEARTBEAT","bufferSize":0}
2026-08-16 10:24:50,591 INFO  [it.uni.reti2.HeartbeatGenerator] (executor-thread-1) 💓 [HEARTBEAT] Invio heartbeat: {"stazioneId":"stazzaDellaMadonnaTroia","stato":"ONLINE","timestamp":"2026-08-16T08:24:50.591210786Z","tipoEvento":"HEARTBEAT","bufferSize":0}
2026-08-16 10:25:00,591 INFO  [it.uni.reti2.HeartbeatGenerator] (executor-thread-1) 💓 [HEARTBEAT] Invio heartbeat: {"stazioneId":"stazzaDellaMadonnaTroia","stato":"ONLINE","timestamp":"2026-08-16T08:25:00.590987395Z","tipoEvento":"HEARTBEAT","bufferSize":0}
2026-08-16 10:25:10,590 INFO  [it.uni.reti2.HeartbeatGenerator] (executor-thread-1) 💓 [HEARTBEAT] Invio heartbeat: {"stazioneId":"stazzaDellaMadonnaTroia","stato":"ONLINE","timestamp":"2026-08-16T08:25:10.590404418Z","tipoEvento":"HEARTBEAT","bufferSize":0}
2026-08-16 10:25:20,590 INFO  [it.uni.reti2.HeartbeatGenerator] (executor-thread-1) 💓 [HEARTBEAT] Invio heartbeat: {"stazioneId":"stazzaDellaMadonnaTroia","stato":"ONLINE","timestamp":"2026-08-16T08:25:20.590576350Z","tipoEvento":"HEARTBEAT","bufferSize":0}
2026-08-16 10:25:30,591 INFO  [it.uni.reti2.HeartbeatGenerator] (executor-thread-1) 💓 [HEARTBEAT] Invio heartbeat: {"stazioneId":"stazzaDellaMadonnaTroia","stato":"ONLINE","timestamp":"2026-08-16T08:25:30.591213250Z","tipoEvento":"HEARTBEAT","bufferSize":0}
2026-08-16 10:25:40,590 INFO  [it.uni.reti2.HeartbeatGenerator] (executor-thread-1) 💓 [HEARTBEAT] Invio heartbeat: {"stazioneId":"stazzaDellaMadonnaTroia","stato":"ONLINE","timestamp":"2026-08-16T08:25:40.590499202Z","tipoEvento":"HEARTBEAT","bufferSize":0}
2026-08-16 10:25:50,590 INFO  [it.uni.reti2.HeartbeatGenerator] (executor-thread-1) 💓 [HEARTBEAT] Invio heartbeat: {"stazioneId":"stazzaDellaMadonnaTroia","stato":"ONLINE","timestamp":"2026-08-16T08:25:50.590740329Z","tipoEvento":"HEARTBEAT","bufferSize":0}
2026-08-16 10:26:00,590 INFO  [it.uni.reti2.HeartbeatGenerator] (executor-thread-1) 💓 [HEARTBEAT] Invio heartbeat: {"stazioneId":"stazzaDellaMadonnaTroia","stato":"ONLINE","timestamp":"2026-08-16T08:26:00.590639631Z","tipoEvento":"HEARTBEAT","bufferSize":0}
2026-08-16 10:26:10,590 INFO  [it.uni.reti2.HeartbeatGenerator] (executor-thread-1) 💓 [HEARTBEAT] Invio heartbeat: {"stazioneId":"stazzaDellaMadonnaTroia","stato":"ONLINE","timestamp":"2026-08-16T08:26:10.590570289Z","tipoEvento":"HEARTBEAT","bufferSize":0}
2026-08-16 10:26:20,590 INFO  [it.uni.reti2.HeartbeatGenerator] (executor-thread-1) 💓 [HEARTBEAT] Invio heartbeat: {"stazioneId":"stazzaDellaMadonnaTroia","stato":"ONLINE","timestamp":"2026-08-16T08:26:20.590506026Z","tipoEvento":"HEARTBEAT","bufferSize":0}
2026-08-16 10:26:30,591 INFO  [it.uni.reti2.HeartbeatGenerator] (executor-thread-1) 💓 [HEARTBEAT] Invio heartbeat: {"stazioneId":"stazzaDellaMadonnaTroia","stato":"ONLINE","timestamp":"2026-08-16T08:26:30.591115604Z","tipoEvento":"HEARTBEAT","bufferSize":0}
2026-08-16 10:26:40,591 INFO  [it.uni.reti2.HeartbeatGenerator] (executor-thread-1) 💓 [HEARTBEAT] Invio heartbeat: {"stazioneId":"stazzaDellaMadonnaTroia","stato":"ONLINE","timestamp":"2026-08-16T08:26:40.591357826Z","tipoEvento":"HEARTBEAT","bufferSize":0}
2026-08-16 10:26:50,590 INFO  [it.uni.reti2.HeartbeatGenerator] (executor-thread-1) 💓 [HEARTBEAT] Invio heartbeat: {"stazioneId":"stazzaDellaMadonnaTroia","stato":"ONLINE","timestamp":"2026-08-16T08:26:50.590399372Z","tipoEvento":"HEARTBEAT","bufferSize":0}
2026-08-16 10:27:00,590 INFO  [it.uni.reti2.HeartbeatGenerator] (executor-thread-1) 💓 [HEARTBEAT] Invio heartbeat: {"stazioneId":"stazzaDellaMadonnaTroia","stato":"ONLINE","timestamp":"2026-08-16T08:27:00.590854087Z","tipoEvento":"HEARTBEAT","bufferSize":0}
2026-08-16 10:27:10,590 INFO  [it.uni.reti2.HeartbeatGenerator] (executor-thread-1) 💓 [HEARTBEAT] Invio heartbeat: {"stazioneId":"stazzaDellaMadonnaTroia","stato":"ONLINE","timestamp":"2026-08-16T08:27:10.590487610Z","tipoEvento":"HEARTBEAT","bufferSize":0}
2026-08-16 10:27:20,590 INFO  [it.uni.reti2.HeartbeatGenerator] (executor-thread-1) 💓 [HEARTBEAT] Invio heartbeat: {"stazioneId":"stazzaDellaMadonnaTroia","stato":"ONLINE","timestamp":"2026-08-16T08:27:20.590563060Z","tipoEvento":"HEARTBEAT","bufferSize":0}
2026-08-16 10:27:30,590 INFO  [it.uni.reti2.HeartbeatGenerator] (executor-thread-1) 💓 [HEARTBEAT] Invio heartbeat: {"stazioneId":"stazzaDellaMadonnaTroia","stato":"ONLINE","timestamp":"2026-08-16T08:27:30.590521723Z","tipoEvento":"HEARTBEAT","bufferSize":0}
2026-08-16 10:27:40,590 INFO  [it.uni.reti2.HeartbeatGenerator] (executor-thread-1) 💓 [HEARTBEAT] Invio heartbeat: {"stazioneId":"stazzaDellaMadonnaTroia","stato":"ONLINE","timestamp":"2026-08-16T08:27:40.590540753Z","tipoEvento":"HEARTBEAT","bufferSize":0}
2026-08-16 10:27:50,591 INFO  [it.uni.reti2.HeartbeatGenerator] (executor-thread-1) 💓 [HEARTBEAT] Invio heartbeat: {"stazioneId":"stazzaDellaMadonnaTroia","stato":"ONLINE","timestamp":"2026-08-16T08:27:50.590921395Z","tipoEvento":"HEARTBEAT","bufferSize":0}
2026-08-16 10:28:00,590 INFO  [it.uni.reti2.HeartbeatGenerator] (executor-thread-1) 💓 [HEARTBEAT] Invio heartbeat: {"stazioneId":"stazzaDellaMadonnaTroia","stato":"ONLINE","timestamp":"2026-08-16T08:28:00.590496685Z","tipoEvento":"HEARTBEAT","bufferSize":0}
2026-08-16 10:28:10,590 INFO  [it.uni.reti2.HeartbeatGenerator] (executor-thread-1) 💓 [HEARTBEAT] Invio heartbeat: {"stazioneId":"stazzaDellaMadonnaTroia","stato":"ONLINE","timestamp":"2026-08-16T08:28:10.590373699Z","tipoEvento":"HEARTBEAT","bufferSize":0}
2026-08-16 10:28:20,590 INFO  [it.uni.reti2.HeartbeatGenerator] (executor-thread-1) 💓 [HEARTBEAT] Invio heartbeat: {"stazioneId":"stazzaDellaMadonnaTroia","stato":"ONLINE","timestamp":"2026-08-16T08:28:20.590747647Z","tipoEvento":"HEARTBEAT","bufferSize":0}
2026-08-16 10:28:30,590 INFO  [it.uni.reti2.HeartbeatGenerator] (executor-thread-1) 💓 [HEARTBEAT] Invio heartbeat: {"stazioneId":"stazzaDellaMadonnaTroia","stato":"ONLINE","timestamp":"2026-08-16T08:28:30.590607526Z","tipoEvento":"HEARTBEAT","bufferSize":0}
2026-08-16 10:28:40,590 INFO  [it.uni.reti2.HeartbeatGenerator] (executor-thread-1) 💓 [HEARTBEAT] Invio heartbeat: {"stazioneId":"stazzaDellaMadonnaTroia","stato":"ONLINE","timestamp":"2026-08-16T08:28:40.590416672Z","tipoEvento":"HEARTBEAT","bufferSize":0}
2026-08-16 10:28:50,591 INFO  [it.uni.reti2.HeartbeatGenerator] (executor-thread-1) 💓 [HEARTBEAT] Invio heartbeat: {"stazioneId":"stazzaDellaMadonnaTroia","stato":"ONLINE","timestamp":"2026-08-16T08:28:50.590864249Z","tipoEvento":"HEARTBEAT","bufferSize":0}
2026-08-16 10:29:00,590 INFO  [it.uni.reti2.HeartbeatGenerator] (executor-thread-1) 💓 [HEARTBEAT] Invio heartbeat: {"stazioneId":"stazzaDellaMadonnaTroia","stato":"ONLINE","timestamp":"2026-08-16T08:29:00.590531022Z","tipoEvento":"HEARTBEAT","bufferSize":0}
2026-08-16 10:29:10,591 INFO  [it.uni.reti2.HeartbeatGenerator] (executor-thread-1) 💓 [HEARTBEAT] Invio heartbeat: {"stazioneId":"stazzaDellaMadonnaTroia","stato":"ONLINE","timestamp":"2026-08-16T08:29:10.590896962Z","tipoEvento":"HEARTBEAT","bufferSize":0}
2026-08-16 10:29:20,590 INFO  [it.uni.reti2.HeartbeatGenerator] (executor-thread-1) 💓 [HEARTBEAT] Invio heartbeat: {"stazioneId":"stazzaDellaMadonnaTroia","stato":"ONLINE","timestamp":"2026-08-16T08:29:20.590474534Z","tipoEvento":"HEARTBEAT","bufferSize":0}
2026-08-16 10:29:30,590 INFO  [it.uni.reti2.HeartbeatGenerator] (executor-thread-1) 💓 [HEARTBEAT] Invio heartbeat: {"stazioneId":"stazzaDellaMadonnaTroia","stato":"ONLINE","timestamp":"2026-08-16T08:29:30.590854280Z","tipoEvento":"HEARTBEAT","bufferSize":0}
2026-08-16 10:29:40,591 INFO  [it.uni.reti2.HeartbeatGenerator] (executor-thread-1) 💓 [HEARTBEAT] Invio heartbeat: {"stazioneId":"stazzaDellaMadonnaTroia","stato":"ONLINE","timestamp":"2026-08-16T08:29:40.590989836Z","tipoEvento":"HEARTBEAT","bufferSize":0}
2026-08-16 10:29:50,590 INFO  [it.uni.reti2.HeartbeatGenerator] (executor-thread-1) 💓 [HEARTBEAT] Invio heartbeat: {"stazioneId":"stazzaDellaMadonnaTroia","stato":"ONLINE","timestamp":"2026-08-16T08:29:50.590604354Z","tipoEvento":"HEARTBEAT","bufferSize":0}
2026-08-16 10:30:00,590 INFO  [it.uni.reti2.HeartbeatGenerator] (executor-thread-1) 💓 [HEARTBEAT] Invio heartbeat: {"stazioneId":"stazzaDellaMadonnaTroia","stato":"ONLINE","timestamp":"2026-08-16T08:30:00.590617055Z","tipoEvento":"HEARTBEAT","bufferSize":0}
2026-08-16 10:30:10,590 INFO  [it.uni.reti2.HeartbeatGenerator] (executor-thread-1) 💓 [HEARTBEAT] Invio heartbeat: {"stazioneId":"stazzaDellaMadonnaTroia","stato":"ONLINE","timestamp":"2026-08-16T08:30:10.590393369Z","tipoEvento":"HEARTBEAT","bufferSize":0}
2026-08-16 10:30:20,590 INFO  [it.uni.reti2.HeartbeatGenerator] (executor-thread-1) 💓 [HEARTBEAT] Invio heartbeat: {"stazioneId":"stazzaDellaMadonnaTroia","stato":"ONLINE","timestamp":"2026-08-16T08:30:20.590867284Z","tipoEvento":"HEARTBEAT","bufferSize":0}
2026-08-16 10:30:30,590 INFO  [it.uni.reti2.HeartbeatGenerator] (executor-thread-1) 💓 [HEARTBEAT] Invio heartbeat: {"stazioneId":"stazzaDellaMadonnaTroia","stato":"ONLINE","timestamp":"2026-08-16T08:30:30.590562913Z","tipoEvento":"HEARTBEAT","bufferSize":0}
2026-08-16 10:30:40,591 INFO  [it.uni.reti2.HeartbeatGenerator] (executor-thread-1) 💓 [HEARTBEAT] Invio heartbeat: {"stazioneId":"stazzaDellaMadonnaTroia","stato":"ONLINE","timestamp":"2026-08-16T08:30:40.590892809Z","tipoEvento":"HEARTBEAT","bufferSize":0}
2026-08-16 10:30:50,590 INFO  [it.uni.reti2.HeartbeatGenerator] (executor-thread-1) 💓 [HEARTBEAT] Invio heartbeat: {"stazioneId":"stazzaDellaMadonnaTroia","stato":"ONLINE","timestamp":"2026-08-16T08:30:50.590508256Z","tipoEvento":"HEARTBEAT","bufferSize":0}
2026-08-16 10:31:00,591 INFO  [it.uni.reti2.HeartbeatGenerator] (executor-thread-1) 💓 [HEARTBEAT] Invio heartbeat: {"stazioneId":"stazzaDellaMadonnaTroia","stato":"ONLINE","timestamp":"2026-08-16T08:31:00.590961500Z","tipoEvento":"HEARTBEAT","bufferSize":0}
2026-08-16 10:31:10,590 INFO  [it.uni.reti2.HeartbeatGenerator] (executor-thread-1) 💓 [HEARTBEAT] Invio heartbeat: {"stazioneId":"stazzaDellaMadonnaTroia","stato":"ONLINE","timestamp":"2026-08-16T08:31:10.590451322Z","tipoEvento":"HEARTBEAT","bufferSize":0}
2026-08-16 10:31:20,590 INFO  [it.uni.reti2.HeartbeatGenerator] (executor-thread-1) 💓 [HEARTBEAT] Invio heartbeat: {"stazioneId":"stazzaDellaMadonnaTroia","stato":"ONLINE","timestamp":"2026-08-16T08:31:20.590845154Z","tipoEvento":"HEARTBEAT","bufferSize":0}
2026-08-16 10:31:30,590 INFO  [it.uni.reti2.HeartbeatGenerator] (executor-thread-1) 💓 [HEARTBEAT] Invio heartbeat: {"stazioneId":"stazzaDellaMadonnaTroia","stato":"ONLINE","timestamp":"2026-08-16T08:31:30.590520565Z","tipoEvento":"HEARTBEAT","bufferSize":0}
2026-08-16 10:31:40,591 INFO  [it.uni.reti2.HeartbeatGenerator] (executor-thread-1) 💓 [HEARTBEAT] Invio heartbeat: {"stazioneId":"stazzaDellaMadonnaTroia","stato":"ONLINE","timestamp":"2026-08-16T08:31:40.590897576Z","tipoEvento":"HEARTBEAT","bufferSize":0}
2026-08-16 10:31:50,590 INFO  [it.uni.reti2.HeartbeatGenerator] (executor-thread-1) 💓 [HEARTBEAT] Invio heartbeat: {"stazioneId":"stazzaDellaMadonnaTroia","stato":"ONLINE","timestamp":"2026-08-16T08:31:50.590845360Z","tipoEvento":"HEARTBEAT","bufferSize":0}
2026-08-16 10:32:00,590 INFO  [it.uni.reti2.HeartbeatGenerator] (executor-thread-1) 💓 [HEARTBEAT] Invio heartbeat: {"stazioneId":"stazzaDellaMadonnaTroia","stato":"ONLINE","timestamp":"2026-08-16T08:32:00.590464159Z","tipoEvento":"HEARTBEAT","bufferSize":0}
2026-08-16 10:32:10,590 INFO  [it.uni.reti2.HeartbeatGenerator] (executor-thread-1) 💓 [HEARTBEAT] Invio heartbeat: {"stazioneId":"stazzaDellaMadonnaTroia","stato":"ONLINE","timestamp":"2026-08-16T08:32:10.590466804Z","tipoEvento":"HEARTBEAT","bufferSize":0}
2026-08-16 10:32:20,590 INFO  [it.uni.reti2.HeartbeatGenerator] (executor-thread-1) 💓 [HEARTBEAT] Invio heartbeat: {"stazioneId":"stazzaDellaMadonnaTroia","stato":"ONLINE","timestamp":"2026-08-16T08:32:20.590772396Z","tipoEvento":"HEARTBEAT","bufferSize":0}
2026-08-16 10:32:30,590 INFO  [it.uni.reti2.HeartbeatGenerator] (executor-thread-1) 💓 [HEARTBEAT] Invio heartbeat: {"stazioneId":"stazzaDellaMadonnaTroia","stato":"ONLINE","timestamp":"2026-08-16T08:32:30.590453934Z","tipoEvento":"HEARTBEAT","bufferSize":0}
2026-08-16 10:32:40,591 INFO  [it.uni.reti2.HeartbeatGenerator] (executor-thread-1) 💓 [HEARTBEAT] Invio heartbeat: {"stazioneId":"stazzaDellaMadonnaTroia","stato":"ONLINE","timestamp":"2026-08-16T08:32:40.590894127Z","tipoEvento":"HEARTBEAT","bufferSize":0}
2026-08-16 10:32:50,590 INFO  [it.uni.reti2.HeartbeatGenerator] (executor-thread-1) 💓 [HEARTBEAT] Invio heartbeat: {"stazioneId":"stazzaDellaMadonnaTroia","stato":"ONLINE","timestamp":"2026-08-16T08:32:50.590585907Z","tipoEvento":"HEARTBEAT","bufferSize":0}
2026-08-16 10:33:00,590 INFO  [it.uni.reti2.HeartbeatGenerator] (executor-thread-1) 💓 [HEARTBEAT] Invio heartbeat: {"stazioneId":"stazzaDellaMadonnaTroia","stato":"ONLINE","timestamp":"2026-08-16T08:33:00.590649685Z","tipoEvento":"HEARTBEAT","bufferSize":0}
2026-08-16 10:33:10,590 INFO  [it.uni.reti2.HeartbeatGenerator] (executor-thread-1) 💓 [HEARTBEAT] Invio heartbeat: {"stazioneId":"stazzaDellaMadonnaTroia","stato":"ONLINE","timestamp":"2026-08-16T08:33:10.590391236Z","tipoEvento":"HEARTBEAT","bufferSize":0}
2026-08-16 10:33:20,590 INFO  [it.uni.reti2.HeartbeatGenerator] (executor-thread-1) 💓 [HEARTBEAT] Invio heartbeat: {"stazioneId":"stazzaDellaMadonnaTroia","stato":"ONLINE","timestamp":"2026-08-16T08:33:20.590483478Z","tipoEvento":"HEARTBEAT","bufferSize":0}
2026-08-16 10:33:30,590 INFO  [it.uni.reti2.HeartbeatGenerator] (executor-thread-1) 💓 [HEARTBEAT] Invio heartbeat: {"stazioneId":"stazzaDellaMadonnaTroia","stato":"ONLINE","timestamp":"2026-08-16T08:33:30.590544082Z","tipoEvento":"HEARTBEAT","bufferSize":0}
2026-08-16 10:33:40,590 INFO  [it.uni.reti2.HeartbeatGenerator] (executor-thread-1) 💓 [HEARTBEAT] Invio heartbeat: {"stazioneId":"stazzaDellaMadonnaTroia","stato":"ONLINE","timestamp":"2026-08-16T08:33:40.590468680Z","tipoEvento":"HEARTBEAT","bufferSize":0}
2026-08-16 10:33:50,590 INFO  [it.uni.reti2.HeartbeatGenerator] (executor-thread-1) 💓 [HEARTBEAT] Invio heartbeat: {"stazioneId":"stazzaDellaMadonnaTroia","stato":"ONLINE","timestamp":"2026-08-16T08:33:50.590562369Z","tipoEvento":"HEARTBEAT","bufferSize":0}
2026-08-16 10:34:00,590 INFO  [it.uni.reti2.HeartbeatGenerator] (executor-thread-1) 💓 [HEARTBEAT] Invio heartbeat: {"stazioneId":"stazzaDellaMadonnaTroia","stato":"ONLINE","timestamp":"2026-08-16T08:34:00.590509447Z","tipoEvento":"HEARTBEAT","bufferSize":0}
2026-08-16 10:34:10,590 INFO  [it.uni.reti2.HeartbeatGenerator] (executor-thread-1) 💓 [HEARTBEAT] Invio heartbeat: {"stazioneId":"stazzaDellaMadonnaTroia","stato":"ONLINE","timestamp":"2026-08-16T08:34:10.590874962Z","tipoEvento":"HEARTBEAT","bufferSize":0}
2026-08-16 10:34:20,590 INFO  [it.uni.reti2.HeartbeatGenerator] (executor-thread-1) 💓 [HEARTBEAT] Invio heartbeat: {"stazioneId":"stazzaDellaMadonnaTroia","stato":"ONLINE","timestamp":"2026-08-16T08:34:20.590862879Z","tipoEvento":"HEARTBEAT","bufferSize":0}
2026-08-16 10:34:30,591 INFO  [it.uni.reti2.HeartbeatGenerator] (executor-thread-1) 💓 [HEARTBEAT] Invio heartbeat: {"stazioneId":"stazzaDellaMadonnaTroia","stato":"ONLINE","timestamp":"2026-08-16T08:34:30.591018972Z","tipoEvento":"HEARTBEAT","bufferSize":0}
2026-08-16 10:34:40,590 INFO  [it.uni.reti2.HeartbeatGenerator] (executor-thread-1) 💓 [HEARTBEAT] Invio heartbeat: {"stazioneId":"stazzaDellaMadonnaTroia","stato":"ONLINE","timestamp":"2026-08-16T08:34:40.590463234Z","tipoEvento":"HEARTBEAT","bufferSize":0}
2026-08-16 10:34:50,590 INFO  [it.uni.reti2.HeartbeatGenerator] (executor-thread-1) 💓 [HEARTBEAT] Invio heartbeat: {"stazioneId":"stazzaDellaMadonnaTroia","stato":"ONLINE","timestamp":"2026-08-16T08:34:50.590455778Z","tipoEvento":"HEARTBEAT","bufferSize":0}
2026-08-16 10:35:00,590 INFO  [it.uni.reti2.HeartbeatGenerator] (executor-thread-1) 💓 [HEARTBEAT] Invio heartbeat: {"stazioneId":"stazzaDellaMadonnaTroia","stato":"ONLINE","timestamp":"2026-08-16T08:35:00.590495465Z","tipoEvento":"HEARTBEAT","bufferSize":0}
2026-08-16 10:35:10,590 INFO  [it.uni.reti2.HeartbeatGenerator] (executor-thread-1) 💓 [HEARTBEAT] Invio heartbeat: {"stazioneId":"stazzaDellaMadonnaTroia","stato":"ONLINE","timestamp":"2026-08-16T08:35:10.590665334Z","tipoEvento":"HEARTBEAT","bufferSize":0}
2026-08-16 10:35:20,590 INFO  [it.uni.reti2.HeartbeatGenerator] (executor-thread-1) 💓 [HEARTBEAT] Invio heartbeat: {"stazioneId":"stazzaDellaMadonnaTroia","stato":"ONLINE","timestamp":"2026-08-16T08:35:20.590577888Z","tipoEvento":"HEARTBEAT","bufferSize":0}
2026-08-16 10:35:30,590 INFO  [it.uni.reti2.HeartbeatGenerator] (executor-thread-1) 💓 [HEARTBEAT] Invio heartbeat: {"stazioneId":"stazzaDellaMadonnaTroia","stato":"ONLINE","timestamp":"2026-08-16T08:35:30.590483567Z","tipoEvento":"HEARTBEAT","bufferSize":0}
2026-08-16 10:35:40,591 INFO  [it.uni.reti2.HeartbeatGenerator] (executor-thread-1) 💓 [HEARTBEAT] Invio heartbeat: {"stazioneId":"stazzaDellaMadonnaTroia","stato":"ONLINE","timestamp":"2026-08-16T08:35:40.591246862Z","tipoEvento":"HEARTBEAT","bufferSize":0}
2026-08-16 10:35:50,590 INFO  [it.uni.reti2.HeartbeatGenerator] (executor-thread-1) 💓 [HEARTBEAT] Invio heartbeat: {"stazioneId":"stazzaDellaMadonnaTroia","stato":"ONLINE","timestamp":"2026-08-16T08:35:50.590470472Z","tipoEvento":"HEARTBEAT","bufferSize":0}
2026-08-16 10:36:00,591 INFO  [it.uni.reti2.HeartbeatGenerator] (executor-thread-1) 💓 [HEARTBEAT] Invio heartbeat: {"stazioneId":"stazzaDellaMadonnaTroia","stato":"ONLINE","timestamp":"2026-08-16T08:36:00.590898132Z","tipoEvento":"HEARTBEAT","bufferSize":0}
2026-08-16 10:36:10,590 INFO  [it.uni.reti2.HeartbeatGenerator] (executor-thread-1) 💓 [HEARTBEAT] Invio heartbeat: {"stazioneId":"stazzaDellaMadonnaTroia","stato":"ONLINE","timestamp":"2026-08-16T08:36:10.590485861Z","tipoEvento":"HEARTBEAT","bufferSize":0}
2026-08-16 10:36:20,590 INFO  [it.uni.reti2.HeartbeatGenerator] (executor-thread-1) 💓 [HEARTBEAT] Invio heartbeat: {"stazioneId":"stazzaDellaMadonnaTroia","stato":"ONLINE","timestamp":"2026-08-16T08:36:20.590815262Z","tipoEvento":"HEARTBEAT","bufferSize":0}
2026-08-16 10:36:30,591 INFO  [it.uni.reti2.HeartbeatGenerator] (executor-thread-1) 💓 [HEARTBEAT] Invio heartbeat: {"stazioneId":"stazzaDellaMadonnaTroia","stato":"ONLINE","timestamp":"2026-08-16T08:36:30.590930653Z","tipoEvento":"HEARTBEAT","bufferSize":0}
2026-08-16 10:36:40,590 INFO  [it.uni.reti2.HeartbeatGenerator] (executor-thread-1) 💓 [HEARTBEAT] Invio heartbeat: {"stazioneId":"stazzaDellaMadonnaTroia","stato":"ONLINE","timestamp":"2026-08-16T08:36:40.590685254Z","tipoEvento":"HEARTBEAT","bufferSize":0}
2026-08-16 10:36:50,591 INFO  [it.uni.reti2.HeartbeatGenerator] (executor-thread-1) 💓 [HEARTBEAT] Invio heartbeat: {"stazioneId":"stazzaDellaMadonnaTroia","stato":"ONLINE","timestamp":"2026-08-16T08:36:50.590897331Z","tipoEvento":"HEARTBEAT","bufferSize":0}
2026-08-16 10:37:00,591 INFO  [it.uni.reti2.HeartbeatGenerator] (executor-thread-1) 💓 [HEARTBEAT] Invio heartbeat: {"stazioneId":"stazzaDellaMadonnaTroia","stato":"ONLINE","timestamp":"2026-08-16T08:37:00.590872406Z","tipoEvento":"HEARTBEAT","bufferSize":0}
2026-08-16 10:37:10,590 INFO  [it.uni.reti2.HeartbeatGenerator] (executor-thread-1) 💓 [HEARTBEAT] Invio heartbeat: {"stazioneId":"stazzaDellaMadonnaTroia","stato":"ONLINE","timestamp":"2026-08-16T08:37:10.590866529Z","tipoEvento":"HEARTBEAT","bufferSize":0}
2026-08-16 10:37:20,591 INFO  [it.uni.reti2.HeartbeatGenerator] (executor-thread-1) 💓 [HEARTBEAT] Invio heartbeat: {"stazioneId":"stazzaDellaMadonnaTroia","stato":"ONLINE","timestamp":"2026-08-16T08:37:20.590872337Z","tipoEvento":"HEARTBEAT","bufferSize":0}
2026-08-16 10:37:30,590 INFO  [it.uni.reti2.HeartbeatGenerator] (executor-thread-1) 💓 [HEARTBEAT] Invio heartbeat: {"stazioneId":"stazzaDellaMadonnaTroia","stato":"ONLINE","timestamp":"2026-08-16T08:37:30.590438419Z","tipoEvento":"HEARTBEAT","bufferSize":0}
2026-08-16 10:37:40,590 INFO  [it.uni.reti2.HeartbeatGenerator] (executor-thread-1) 💓 [HEARTBEAT] Invio heartbeat: {"stazioneId":"stazzaDellaMadonnaTroia","stato":"ONLINE","timestamp":"2026-08-16T08:37:40.590465890Z","tipoEvento":"HEARTBEAT","bufferSize":0}
2026-08-16 10:37:50,590 INFO  [it.uni.reti2.HeartbeatGenerator] (executor-thread-1) 💓 [HEARTBEAT] Invio heartbeat: {"stazioneId":"stazzaDellaMadonnaTroia","stato":"ONLINE","timestamp":"2026-08-16T08:37:50.590667526Z","tipoEvento":"HEARTBEAT","bufferSize":0}
2026-08-16 10:38:00,590 INFO  [it.uni.reti2.HeartbeatGenerator] (executor-thread-1) 💓 [HEARTBEAT] Invio heartbeat: {"stazioneId":"stazzaDellaMadonnaTroia","stato":"ONLINE","timestamp":"2026-08-16T08:38:00.590508092Z","tipoEvento":"HEARTBEAT","bufferSize":0}
2026-08-16 10:38:10,591 INFO  [it.uni.reti2.HeartbeatGenerator] (executor-thread-1) 💓 [HEARTBEAT] Invio heartbeat: {"stazioneId":"stazzaDellaMadonnaTroia","stato":"ONLINE","timestamp":"2026-08-16T08:38:10.590935550Z","tipoEvento":"HEARTBEAT","bufferSize":0}
2026-08-16 10:38:20,590 INFO  [it.uni.reti2.HeartbeatGenerator] (executor-thread-1) 💓 [HEARTBEAT] Invio heartbeat: {"stazioneId":"stazzaDellaMadonnaTroia","stato":"ONLINE","timestamp":"2026-08-16T08:38:20.590353447Z","tipoEvento":"HEARTBEAT","bufferSize":0}
2026-08-16 10:38:30,590 INFO  [it.uni.reti2.HeartbeatGenerator] (executor-thread-1) 💓 [HEARTBEAT] Invio heartbeat: {"stazioneId":"stazzaDellaMadonnaTroia","stato":"ONLINE","timestamp":"2026-08-16T08:38:30.590461518Z","tipoEvento":"HEARTBEAT","bufferSize":0}
2026-08-16 10:38:40,590 INFO  [it.uni.reti2.HeartbeatGenerator] (executor-thread-1) 💓 [HEARTBEAT] Invio heartbeat: {"stazioneId":"stazzaDellaMadonnaTroia","stato":"ONLINE","timestamp":"2026-08-16T08:38:40.590583770Z","tipoEvento":"HEARTBEAT","bufferSize":0}
2026-08-16 10:38:50,590 INFO  [it.uni.reti2.HeartbeatGenerator] (executor-thread-1) 💓 [HEARTBEAT] Invio heartbeat: {"stazioneId":"stazzaDellaMadonnaTroia","stato":"ONLINE","timestamp":"2026-08-16T08:38:50.590455334Z","tipoEvento":"HEARTBEAT","bufferSize":0}
2026-08-16 10:39:00,590 INFO  [it.uni.reti2.HeartbeatGenerator] (executor-thread-1) 💓 [HEARTBEAT] Invio heartbeat: {"stazioneId":"stazzaDellaMadonnaTroia","stato":"ONLINE","timestamp":"2026-08-16T08:39:00.590579080Z","tipoEvento":"HEARTBEAT","bufferSize":0}
2026-08-16 10:39:10,590 INFO  [it.uni.reti2.HeartbeatGenerator] (executor-thread-1) 💓 [HEARTBEAT] Invio heartbeat: {"stazioneId":"stazzaDellaMadonnaTroia","stato":"ONLINE","timestamp":"2026-08-16T08:39:10.590543473Z","tipoEvento":"HEARTBEAT","bufferSize":0}
2026-08-16 10:39:20,590 INFO  [it.uni.reti2.HeartbeatGenerator] (executor-thread-1) 💓 [HEARTBEAT] Invio heartbeat: {"stazioneId":"stazzaDellaMadonnaTroia","stato":"ONLINE","timestamp":"2026-08-16T08:39:20.590835903Z","tipoEvento":"HEARTBEAT","bufferSize":0}
2026-08-16 10:39:30,591 INFO  [it.uni.reti2.HeartbeatGenerator] (executor-thread-1) 💓 [HEARTBEAT] Invio heartbeat: {"stazioneId":"stazzaDellaMadonnaTroia","stato":"ONLINE","timestamp":"2026-08-16T08:39:30.590886970Z","tipoEvento":"HEARTBEAT","bufferSize":0}
2026-08-16 10:39:40,590 INFO  [it.uni.reti2.HeartbeatGenerator] (executor-thread-1) 💓 [HEARTBEAT] Invio heartbeat: {"stazioneId":"stazzaDellaMadonnaTroia","stato":"ONLINE","timestamp":"2026-08-16T08:39:40.590523485Z","tipoEvento":"HEARTBEAT","bufferSize":0}
2026-08-16 10:39:50,590 INFO  [it.uni.reti2.HeartbeatGenerator] (executor-thread-1) 💓 [HEARTBEAT] Invio heartbeat: {"stazioneId":"stazzaDellaMadonnaTroia","stato":"ONLINE","timestamp":"2026-08-16T08:39:50.590404787Z","tipoEvento":"HEARTBEAT","bufferSize":0}
2026-08-16 10:40:00,590 INFO  [it.uni.reti2.HeartbeatGenerator] (executor-thread-1) 💓 [HEARTBEAT] Invio heartbeat: {"stazioneId":"stazzaDellaMadonnaTroia","stato":"ONLINE","timestamp":"2026-08-16T08:40:00.590439089Z","tipoEvento":"HEARTBEAT","bufferSize":0}
2026-08-16 10:40:10,590 INFO  [it.uni.reti2.HeartbeatGenerator] (executor-thread-1) 💓 [HEARTBEAT] Invio heartbeat: {"stazioneId":"stazzaDellaMadonnaTroia","stato":"ONLINE","timestamp":"2026-08-16T08:40:10.590881548Z","tipoEvento":"HEARTBEAT","bufferSize":0}
2026-08-16 10:40:20,590 INFO  [it.uni.reti2.HeartbeatGenerator] (executor-thread-1) 💓 [HEARTBEAT] Invio heartbeat: {"stazioneId":"stazzaDellaMadonnaTroia","stato":"ONLINE","timestamp":"2026-08-16T08:40:20.590686033Z","tipoEvento":"HEARTBEAT","bufferSize":0}
2026-08-16 10:40:30,590 INFO  [it.uni.reti2.HeartbeatGenerator] (executor-thread-1) 💓 [HEARTBEAT] Invio heartbeat: {"stazioneId":"stazzaDellaMadonnaTroia","stato":"ONLINE","timestamp":"2026-08-16T08:40:30.590430370Z","tipoEvento":"HEARTBEAT","bufferSize":0}
2026-08-16 10:40:40,590 INFO  [it.uni.reti2.HeartbeatGenerator] (executor-thread-1) 💓 [HEARTBEAT] Invio heartbeat: {"stazioneId":"stazzaDellaMadonnaTroia","stato":"ONLINE","timestamp":"2026-08-16T08:40:40.590357403Z","tipoEvento":"HEARTBEAT","bufferSize":0}
2026-08-16 10:40:50,590 INFO  [it.uni.reti2.HeartbeatGenerator] (executor-thread-1) 💓 [HEARTBEAT] Invio heartbeat: {"stazioneId":"stazzaDellaMadonnaTroia","stato":"ONLINE","timestamp":"2026-08-16T08:40:50.590436165Z","tipoEvento":"HEARTBEAT","bufferSize":0}
2026-08-16 10:41:00,590 INFO  [it.uni.reti2.HeartbeatGenerator] (executor-thread-1) 💓 [HEARTBEAT] Invio heartbeat: {"stazioneId":"stazzaDellaMadonnaTroia","stato":"ONLINE","timestamp":"2026-08-16T08:41:00.590329506Z","tipoEvento":"HEARTBEAT","bufferSize":0}
2026-08-16 10:41:10,590 INFO  [it.uni.reti2.HeartbeatGenerator] (executor-thread-1) 💓 [HEARTBEAT] Invio heartbeat: {"stazioneId":"stazzaDellaMadonnaTroia","stato":"ONLINE","timestamp":"2026-08-16T08:41:10.590314235Z","tipoEvento":"HEARTBEAT","bufferSize":0}
2026-08-16 10:41:20,590 INFO  [it.uni.reti2.HeartbeatGenerator] (executor-thread-1) 💓 [HEARTBEAT] Invio heartbeat: {"stazioneId":"stazzaDellaMadonnaTroia","stato":"ONLINE","timestamp":"2026-08-16T08:41:20.590427672Z","tipoEvento":"HEARTBEAT","bufferSize":0}
2026-08-16 10:41:30,590 INFO  [it.uni.reti2.HeartbeatGenerator] (executor-thread-1) 💓 [HEARTBEAT] Invio heartbeat: {"stazioneId":"stazzaDellaMadonnaTroia","stato":"ONLINE","timestamp":"2026-08-16T08:41:30.590526166Z","tipoEvento":"HEARTBEAT","bufferSize":0}
2026-08-16 10:41:40,590 INFO  [it.uni.reti2.HeartbeatGenerator] (executor-thread-1) 💓 [HEARTBEAT] Invio heartbeat: {"stazioneId":"stazzaDellaMadonnaTroia","stato":"ONLINE","timestamp":"2026-08-16T08:41:40.590861736Z","tipoEvento":"HEARTBEAT","bufferSize":0}
2026-08-16 10:41:50,590 INFO  [it.uni.reti2.HeartbeatGenerator] (executor-thread-1) 💓 [HEARTBEAT] Invio heartbeat: {"stazioneId":"stazzaDellaMadonnaTroia","stato":"ONLINE","timestamp":"2026-08-16T08:41:50.590648233Z","tipoEvento":"HEARTBEAT","bufferSize":0}
2026-08-16 10:42:00,590 INFO  [it.uni.reti2.HeartbeatGenerator] (executor-thread-1) 💓 [HEARTBEAT] Invio heartbeat: {"stazioneId":"stazzaDellaMadonnaTroia","stato":"ONLINE","timestamp":"2026-08-16T08:42:00.590819354Z","tipoEvento":"HEARTBEAT","bufferSize":0}
2026-08-16 10:42:10,591 INFO  [it.uni.reti2.HeartbeatGenerator] (executor-thread-1) 💓 [HEARTBEAT] Invio heartbeat: {"stazioneId":"stazzaDellaMadonnaTroia","stato":"ONLINE","timestamp":"2026-08-16T08:42:10.591045690Z","tipoEvento":"HEARTBEAT","bufferSize":0}
2026-08-16 10:42:20,590 INFO  [it.uni.reti2.HeartbeatGenerator] (executor-thread-1) 💓 [HEARTBEAT] Invio heartbeat: {"stazioneId":"stazzaDellaMadonnaTroia","stato":"ONLINE","timestamp":"2026-08-16T08:42:20.590541411Z","tipoEvento":"HEARTBEAT","bufferSize":0}
2026-08-16 10:42:30,591 INFO  [it.uni.reti2.HeartbeatGenerator] (executor-thread-1) 💓 [HEARTBEAT] Invio heartbeat: {"stazioneId":"stazzaDellaMadonnaTroia","stato":"ONLINE","timestamp":"2026-08-16T08:42:30.591022790Z","tipoEvento":"HEARTBEAT","bufferSize":0}
2026-08-16 10:42:40,590 INFO  [it.uni.reti2.HeartbeatGenerator] (executor-thread-1) 💓 [HEARTBEAT] Invio heartbeat: {"stazioneId":"stazzaDellaMadonnaTroia","stato":"ONLINE","timestamp":"2026-08-16T08:42:40.590515521Z","tipoEvento":"HEARTBEAT","bufferSize":0}
2026-08-16 10:42:50,590 INFO  [it.uni.reti2.HeartbeatGenerator] (executor-thread-1) 💓 [HEARTBEAT] Invio heartbeat: {"stazioneId":"stazzaDellaMadonnaTroia","stato":"ONLINE","timestamp":"2026-08-16T08:42:50.590479385Z","tipoEvento":"HEARTBEAT","bufferSize":0}
2026-08-16 10:43:00,591 INFO  [it.uni.reti2.HeartbeatGenerator] (executor-thread-1) 💓 [HEARTBEAT] Invio heartbeat: {"stazioneId":"stazzaDellaMadonnaTroia","stato":"ONLINE","timestamp":"2026-08-16T08:43:00.591131889Z","tipoEvento":"HEARTBEAT","bufferSize":0}
2026-08-16 10:43:10,591 INFO  [it.uni.reti2.HeartbeatGenerator] (executor-thread-1) 💓 [HEARTBEAT] Invio heartbeat: {"stazioneId":"stazzaDellaMadonnaTroia","stato":"ONLINE","timestamp":"2026-08-16T08:43:10.590895790Z","tipoEvento":"HEARTBEAT","bufferSize":0}
2026-08-16 10:43:20,590 INFO  [it.uni.reti2.HeartbeatGenerator] (executor-thread-1) 💓 [HEARTBEAT] Invio heartbeat: {"stazioneId":"stazzaDellaMadonnaTroia","stato":"ONLINE","timestamp":"2026-08-16T08:43:20.590579276Z","tipoEvento":"HEARTBEAT","bufferSize":0}
2026-08-16 10:43:30,590 INFO  [it.uni.reti2.HeartbeatGenerator] (executor-thread-1) 💓 [HEARTBEAT] Invio heartbeat: {"stazioneId":"stazzaDellaMadonnaTroia","stato":"ONLINE","timestamp":"2026-08-16T08:43:30.590427596Z","tipoEvento":"HEARTBEAT","bufferSize":0}
2026-08-16 10:43:40,591 INFO  [it.uni.reti2.HeartbeatGenerator] (executor-thread-1) 💓 [HEARTBEAT] Invio heartbeat: {"stazioneId":"stazzaDellaMadonnaTroia","stato":"ONLINE","timestamp":"2026-08-16T08:43:40.590951162Z","tipoEvento":"HEARTBEAT","bufferSize":0}
2026-08-16 10:43:50,591 INFO  [it.uni.reti2.HeartbeatGenerator] (executor-thread-1) 💓 [HEARTBEAT] Invio heartbeat: {"stazioneId":"stazzaDellaMadonnaTroia","stato":"ONLINE","timestamp":"2026-08-16T08:43:50.591443373Z","tipoEvento":"HEARTBEAT","bufferSize":0}
2026-08-16 10:44:00,590 INFO  [it.uni.reti2.HeartbeatGenerator] (executor-thread-1) 💓 [HEARTBEAT] Invio heartbeat: {"stazioneId":"stazzaDellaMadonnaTroia","stato":"ONLINE","timestamp":"2026-08-16T08:44:00.590879053Z","tipoEvento":"HEARTBEAT","bufferSize":0}
2026-08-16 10:44:10,591 INFO  [it.uni.reti2.HeartbeatGenerator] (executor-thread-1) 💓 [HEARTBEAT] Invio heartbeat: {"stazioneId":"stazzaDellaMadonnaTroia","stato":"ONLINE","timestamp":"2026-08-16T08:44:10.590900690Z","tipoEvento":"HEARTBEAT","bufferSize":0}
2026-08-16 10:44:20,590 INFO  [it.uni.reti2.HeartbeatGenerator] (executor-thread-1) 💓 [HEARTBEAT] Invio heartbeat: {"stazioneId":"stazzaDellaMadonnaTroia","stato":"ONLINE","timestamp":"2026-08-16T08:44:20.590463127Z","tipoEvento":"HEARTBEAT","bufferSize":0}
2026-08-16 10:44:30,591 INFO  [it.uni.reti2.HeartbeatGenerator] (executor-thread-1) 💓 [HEARTBEAT] Invio heartbeat: {"stazioneId":"stazzaDellaMadonnaTroia","stato":"ONLINE","timestamp":"2026-08-16T08:44:30.590896464Z","tipoEvento":"HEARTBEAT","bufferSize":0}
2026-08-16 10:44:40,591 INFO  [it.uni.reti2.HeartbeatGenerator] (executor-thread-1) 💓 [HEARTBEAT] Invio heartbeat: {"stazioneId":"stazzaDellaMadonnaTroia","stato":"ONLINE","timestamp":"2026-08-16T08:44:40.590889276Z","tipoEvento":"HEARTBEAT","bufferSize":0}
2026-08-16 10:44:50,591 INFO  [it.uni.reti2.HeartbeatGenerator] (executor-thread-1) 💓 [HEARTBEAT] Invio heartbeat: {"stazioneId":"stazzaDellaMadonnaTroia","stato":"ONLINE","timestamp":"2026-08-16T08:44:50.590902229Z","tipoEvento":"HEARTBEAT","bufferSize":0}
2026-08-16 10:45:00,590 INFO  [it.uni.reti2.HeartbeatGenerator] (executor-thread-1) 💓 [HEARTBEAT] Invio heartbeat: {"stazioneId":"stazzaDellaMadonnaTroia","stato":"ONLINE","timestamp":"2026-08-16T08:45:00.590458175Z","tipoEvento":"HEARTBEAT","bufferSize":0}
2026-08-16 10:45:10,591 INFO  [it.uni.reti2.HeartbeatGenerator] (executor-thread-1) 💓 [HEARTBEAT] Invio heartbeat: {"stazioneId":"stazzaDellaMadonnaTroia","stato":"ONLINE","timestamp":"2026-08-16T08:45:10.590887464Z","tipoEvento":"HEARTBEAT","bufferSize":0}
2026-08-16 10:45:20,590 INFO  [it.uni.reti2.HeartbeatGenerator] (executor-thread-1) 💓 [HEARTBEAT] Invio heartbeat: {"stazioneId":"stazzaDellaMadonnaTroia","stato":"ONLINE","timestamp":"2026-08-16T08:45:20.590874558Z","tipoEvento":"HEARTBEAT","bufferSize":0}
2026-08-16 10:45:30,590 INFO  [it.uni.reti2.HeartbeatGenerator] (executor-thread-1) 💓 [HEARTBEAT] Invio heartbeat: {"stazioneId":"stazzaDellaMadonnaTroia","stato":"ONLINE","timestamp":"2026-08-16T08:45:30.590876043Z","tipoEvento":"HEARTBEAT","bufferSize":0}
2026-08-16 10:45:40,591 INFO  [it.uni.reti2.HeartbeatGenerator] (executor-thread-1) 💓 [HEARTBEAT] Invio heartbeat: {"stazioneId":"stazzaDellaMadonnaTroia","stato":"ONLINE","timestamp":"2026-08-16T08:45:40.590889650Z","tipoEvento":"HEARTBEAT","bufferSize":0}
2026-08-16 10:45:50,591 INFO  [it.uni.reti2.HeartbeatGenerator] (executor-thread-1) 💓 [HEARTBEAT] Invio heartbeat: {"stazioneId":"stazzaDellaMadonnaTroia","stato":"ONLINE","timestamp":"2026-08-16T08:45:50.590893093Z","tipoEvento":"HEARTBEAT","bufferSize":0}
2026-08-16 10:46:00,591 INFO  [it.uni.reti2.HeartbeatGenerator] (executor-thread-1) 💓 [HEARTBEAT] Invio heartbeat: {"stazioneId":"stazzaDellaMadonnaTroia","stato":"ONLINE","timestamp":"2026-08-16T08:46:00.590889676Z","tipoEvento":"HEARTBEAT","bufferSize":0}
2026-08-16 10:46:10,590 INFO  [it.uni.reti2.HeartbeatGenerator] (executor-thread-1) 💓 [HEARTBEAT] Invio heartbeat: {"stazioneId":"stazzaDellaMadonnaTroia","stato":"ONLINE","timestamp":"2026-08-16T08:46:10.590861359Z","tipoEvento":"HEARTBEAT","bufferSize":0}
2026-08-16 10:46:20,591 INFO  [it.uni.reti2.HeartbeatGenerator] (executor-thread-1) 💓 [HEARTBEAT] Invio heartbeat: {"stazioneId":"stazzaDellaMadonnaTroia","stato":"ONLINE","timestamp":"2026-08-16T08:46:20.591166500Z","tipoEvento":"HEARTBEAT","bufferSize":0}
2026-08-16 10:46:30,590 INFO  [it.uni.reti2.HeartbeatGenerator] (executor-thread-1) 💓 [HEARTBEAT] Invio heartbeat: {"stazioneId":"stazzaDellaMadonnaTroia","stato":"ONLINE","timestamp":"2026-08-16T08:46:30.590681937Z","tipoEvento":"HEARTBEAT","bufferSize":0}
2026-08-16 10:46:40,590 INFO  [it.uni.reti2.HeartbeatGenerator] (executor-thread-1) 💓 [HEARTBEAT] Invio heartbeat: {"stazioneId":"stazzaDellaMadonnaTroia","stato":"ONLINE","timestamp":"2026-08-16T08:46:40.590670025Z","tipoEvento":"HEARTBEAT","bufferSize":0}
2026-08-16 10:46:50,590 INFO  [it.uni.reti2.HeartbeatGenerator] (executor-thread-1) 💓 [HEARTBEAT] Invio heartbeat: {"stazioneId":"stazzaDellaMadonnaTroia","stato":"ONLINE","timestamp":"2026-08-16T08:46:50.590484862Z","tipoEvento":"HEARTBEAT","bufferSize":0}
2026-08-16 10:47:00,591 INFO  [it.uni.reti2.HeartbeatGenerator] (executor-thread-1) 💓 [HEARTBEAT] Invio heartbeat: {"stazioneId":"stazzaDellaMadonnaTroia","stato":"ONLINE","timestamp":"2026-08-16T08:47:00.591036348Z","tipoEvento":"HEARTBEAT","bufferSize":0}
2026-08-16 10:47:10,590 INFO  [it.uni.reti2.HeartbeatGenerator] (executor-thread-1) 💓 [HEARTBEAT] Invio heartbeat: {"stazioneId":"stazzaDellaMadonnaTroia","stato":"ONLINE","timestamp":"2026-08-16T08:47:10.590511403Z","tipoEvento":"HEARTBEAT","bufferSize":0}
2026-08-16 10:47:20,590 INFO  [it.uni.reti2.HeartbeatGenerator] (executor-thread-1) 💓 [HEARTBEAT] Invio heartbeat: {"stazioneId":"stazzaDellaMadonnaTroia","stato":"ONLINE","timestamp":"2026-08-16T08:47:20.590474969Z","tipoEvento":"HEARTBEAT","bufferSize":0}
2026-08-16 10:47:30,590 INFO  [it.uni.reti2.HeartbeatGenerator] (executor-thread-1) 💓 [HEARTBEAT] Invio heartbeat: {"stazioneId":"stazzaDellaMadonnaTroia","stato":"ONLINE","timestamp":"2026-08-16T08:47:30.590400266Z","tipoEvento":"HEARTBEAT","bufferSize":0}
2026-08-16 10:47:40,590 INFO  [it.uni.reti2.HeartbeatGenerator] (executor-thread-1) 💓 [HEARTBEAT] Invio heartbeat: {"stazioneId":"stazzaDellaMadonnaTroia","stato":"ONLINE","timestamp":"2026-08-16T08:47:40.590522828Z","tipoEvento":"HEARTBEAT","bufferSize":0}
2026-08-16 10:47:50,590 INFO  [it.uni.reti2.HeartbeatGenerator] (executor-thread-1) 💓 [HEARTBEAT] Invio heartbeat: {"stazioneId":"stazzaDellaMadonnaTroia","stato":"ONLINE","timestamp":"2026-08-16T08:47:50.590513590Z","tipoEvento":"HEARTBEAT","bufferSize":0}
2026-08-16 10:48:00,591 INFO  [it.uni.reti2.HeartbeatGenerator] (executor-thread-1) 💓 [HEARTBEAT] Invio heartbeat: {"stazioneId":"stazzaDellaMadonnaTroia","stato":"ONLINE","timestamp":"2026-08-16T08:48:00.591062384Z","tipoEvento":"HEARTBEAT","bufferSize":0}
2026-08-16 10:48:10,590 INFO  [it.uni.reti2.HeartbeatGenerator] (executor-thread-1) 💓 [HEARTBEAT] Invio heartbeat: {"stazioneId":"stazzaDellaMadonnaTroia","stato":"ONLINE","timestamp":"2026-08-16T08:48:10.590517044Z","tipoEvento":"HEARTBEAT","bufferSize":0}
2026-08-16 10:48:20,591 INFO  [it.uni.reti2.HeartbeatGenerator] (executor-thread-1) 💓 [HEARTBEAT] Invio heartbeat: {"stazioneId":"stazzaDellaMadonnaTroia","stato":"ONLINE","timestamp":"2026-08-16T08:48:20.590896732Z","tipoEvento":"HEARTBEAT","bufferSize":0}
2026-08-16 10:48:30,590 INFO  [it.uni.reti2.HeartbeatGenerator] (executor-thread-1) 💓 [HEARTBEAT] Invio heartbeat: {"stazioneId":"stazzaDellaMadonnaTroia","stato":"ONLINE","timestamp":"2026-08-16T08:48:30.590528643Z","tipoEvento":"HEARTBEAT","bufferSize":0}
2026-08-16 10:48:40,590 INFO  [it.uni.reti2.HeartbeatGenerator] (executor-thread-1) 💓 [HEARTBEAT] Invio heartbeat: {"stazioneId":"stazzaDellaMadonnaTroia","stato":"ONLINE","timestamp":"2026-08-16T08:48:40.590655043Z","tipoEvento":"HEARTBEAT","bufferSize":0}
2026-08-16 10:48:50,591 INFO  [it.uni.reti2.HeartbeatGenerator] (executor-thread-1) 💓 [HEARTBEAT] Invio heartbeat: {"stazioneId":"stazzaDellaMadonnaTroia","stato":"ONLINE","timestamp":"2026-08-16T08:48:50.590890330Z","tipoEvento":"HEARTBEAT","bufferSize":0}
2026-08-16 10:49:00,590 INFO  [it.uni.reti2.HeartbeatGenerator] (executor-thread-1) 💓 [HEARTBEAT] Invio heartbeat: {"stazioneId":"stazzaDellaMadonnaTroia","stato":"ONLINE","timestamp":"2026-08-16T08:49:00.590525593Z","tipoEvento":"HEARTBEAT","bufferSize":0}
2026-08-16 10:49:10,590 INFO  [it.uni.reti2.HeartbeatGenerator] (executor-thread-1) 💓 [HEARTBEAT] Invio heartbeat: {"stazioneId":"stazzaDellaMadonnaTroia","stato":"ONLINE","timestamp":"2026-08-16T08:49:10.590834847Z","tipoEvento":"HEARTBEAT","bufferSize":0}
2026-08-16 10:49:20,590 INFO  [it.uni.reti2.HeartbeatGenerator] (executor-thread-1) 💓 [HEARTBEAT] Invio heartbeat: {"stazioneId":"stazzaDellaMadonnaTroia","stato":"ONLINE","timestamp":"2026-08-16T08:49:20.590737497Z","tipoEvento":"HEARTBEAT","bufferSize":0}
2026-08-16 10:49:30,591 INFO  [it.uni.reti2.HeartbeatGenerator] (executor-thread-1) 💓 [HEARTBEAT] Invio heartbeat: {"stazioneId":"stazzaDellaMadonnaTroia","stato":"ONLINE","timestamp":"2026-08-16T08:49:30.590928544Z","tipoEvento":"HEARTBEAT","bufferSize":0}
2026-08-16 10:49:40,591 INFO  [it.uni.reti2.HeartbeatGenerator] (executor-thread-1) 💓 [HEARTBEAT] Invio heartbeat: {"stazioneId":"stazzaDellaMadonnaTroia","stato":"ONLINE","timestamp":"2026-08-16T08:49:40.591345876Z","tipoEvento":"HEARTBEAT","bufferSize":0}
2026-08-16 10:49:50,590 INFO  [it.uni.reti2.HeartbeatGenerator] (executor-thread-1) 💓 [HEARTBEAT] Invio heartbeat: {"stazioneId":"stazzaDellaMadonnaTroia","stato":"ONLINE","timestamp":"2026-08-16T08:49:50.590618826Z","tipoEvento":"HEARTBEAT","bufferSize":0}
2026-08-16 10:50:00,591 INFO  [it.uni.reti2.HeartbeatGenerator] (executor-thread-1) 💓 [HEARTBEAT] Invio heartbeat: {"stazioneId":"stazzaDellaMadonnaTroia","stato":"ONLINE","timestamp":"2026-08-16T08:50:00.590919208Z","tipoEvento":"HEARTBEAT","bufferSize":0}
2026-08-16 10:50:10,590 INFO  [it.uni.reti2.HeartbeatGenerator] (executor-thread-1) 💓 [HEARTBEAT] Invio heartbeat: {"stazioneId":"stazzaDellaMadonnaTroia","stato":"ONLINE","timestamp":"2026-08-16T08:50:10.590882488Z","tipoEvento":"HEARTBEAT","bufferSize":0}
2026-08-16 10:50:20,591 INFO  [it.uni.reti2.HeartbeatGenerator] (executor-thread-1) 💓 [HEARTBEAT] Invio heartbeat: {"stazioneId":"stazzaDellaMadonnaTroia","stato":"ONLINE","timestamp":"2026-08-16T08:50:20.590918427Z","tipoEvento":"HEARTBEAT","bufferSize":0}
2026-08-16 10:50:30,590 INFO  [it.uni.reti2.HeartbeatGenerator] (executor-thread-1) 💓 [HEARTBEAT] Invio heartbeat: {"stazioneId":"stazzaDellaMadonnaTroia","stato":"ONLINE","timestamp":"2026-08-16T08:50:30.590765710Z","tipoEvento":"HEARTBEAT","bufferSize":0}
2026-08-16 10:50:40,590 INFO  [it.uni.reti2.HeartbeatGenerator] (executor-thread-1) 💓 [HEARTBEAT] Invio heartbeat: {"stazioneId":"stazzaDellaMadonnaTroia","stato":"ONLINE","timestamp":"2026-08-16T08:50:40.590468125Z","tipoEvento":"HEARTBEAT","bufferSize":0}
2026-08-16 10:50:50,590 INFO  [it.uni.reti2.HeartbeatGenerator] (executor-thread-1) 💓 [HEARTBEAT] Invio heartbeat: {"stazioneId":"stazzaDellaMadonnaTroia","stato":"ONLINE","timestamp":"2026-08-16T08:50:50.590396831Z","tipoEvento":"HEARTBEAT","bufferSize":0}
2026-08-16 10:50:57,846 WARN  [it.uni.reti2.StationGateway] (vert.x-eventloop-thread-1) 🚨 [ALERT RICEVUTO] La Centrale dice: {"tipoEvento":"RESOLVED","sorgenteTipo":"TRENO","sorgenteId":"Mario","guastoId":"alert-1786867854871-11aeae1c","timestamp":"2026-08-16T08:50:57.843422673Z"}
2026-08-16 10:50:58,501 WARN  [it.uni.reti2.StationGateway] (vert.x-eventloop-thread-1) 🚨 [ALERT RICEVUTO] La Centrale dice: {"tipoEvento":"RESOLVED","sorgenteTipo":"STAZIONE","sorgenteId":"MI","guastoId":"alert-1786867576009-88f39098","timestamp":"2026-08-16T08:50:58.498975385Z"}
2026-08-16 10:50:59,685 WARN  [it.uni.reti2.StationGateway] (vert.x-eventloop-thread-1) 🚨 [ALERT RICEVUTO] La Centrale dice: {"tipoEvento":"MAINTENANCE_DISPATCHED","sorgenteId":"PA","timestamp":"2026-08-16T08:50:59.682975933Z"}
2026-08-16 10:50:59,689 WARN  [it.uni.reti2.StationGateway] (vert.x-eventloop-thread-1) 🚨 [ALERT RICEVUTO] La Centrale dice: {"tipoEvento":"RESOLVED","sorgenteTipo":"STAZIONE","sorgenteId":"PA","guastoId":"alert-1786867576000-1588f38e","timestamp":"2026-08-16T08:50:59.686646253Z"}
2026-08-16 10:50:59,691 WARN  [it.uni.reti2.StationGateway] (vert.x-eventloop-thread-1) 🚨 [ALERT RICEVUTO] La Centrale dice: {"tipoEvento":"RESOLVED","sorgenteTipo":"STAZIONE","sorgenteId":"PA","guastoId":"alert-1786867576000-1588f38e","timestamp":"2026-08-16T08:50:59.686785100Z"}
2026-08-16 10:50:59,811 INFO  [it.uni.reti2.StationGateway] (vert.x-eventloop-thread-3) 🚂 [PASSAGGIO] Treno tenoAmmazzaRicchi in USCITA dalla stazione stazzaDellaMadonnaTroia
2026-08-16 10:51:00,590 INFO  [it.uni.reti2.HeartbeatGenerator] (executor-thread-1) 💓 [HEARTBEAT] Invio heartbeat: {"stazioneId":"stazzaDellaMadonnaTroia","stato":"ONLINE","timestamp":"2026-08-16T08:51:00.590403165Z","tipoEvento":"HEARTBEAT","bufferSize":0}
2026-08-16 10:51:10,590 INFO  [it.uni.reti2.HeartbeatGenerator] (executor-thread-1) 💓 [HEARTBEAT] Invio heartbeat: {"stazioneId":"stazzaDellaMadonnaTroia","stato":"ONLINE","timestamp":"2026-08-16T08:51:10.590368824Z","tipoEvento":"HEARTBEAT","bufferSize":0}
2026-08-16 10:51:20,590 INFO  [it.uni.reti2.HeartbeatGenerator] (executor-thread-1) 💓 [HEARTBEAT] Invio heartbeat: {"stazioneId":"stazzaDellaMadonnaTroia","stato":"ONLINE","timestamp":"2026-08-16T08:51:20.590402385Z","tipoEvento":"HEARTBEAT","bufferSize":0}
2026-08-16 10:51:30,590 INFO  [it.uni.reti2.HeartbeatGenerator] (executor-thread-1) 💓 [HEARTBEAT] Invio heartbeat: {"stazioneId":"stazzaDellaMadonnaTroia","stato":"ONLINE","timestamp":"2026-08-16T08:51:30.590465031Z","tipoEvento":"HEARTBEAT","bufferSize":0}
2026-08-16 10:51:34,655 WARN  [it.uni.reti2.StationGateway] (vert.x-eventloop-thread-1) 🚨 [ALERT RICEVUTO] La Centrale dice: {"tipoEvento":"GUASTO","origine":"CENTRALE","sorgenteTipo":"STAZIONE","sorgenteId":"PA","severita":"CRITICAL","messaggio":"Heartbeat assente: la stazione PA non invia heartbeat da oltre 30 secondi","guastoId":"alert-1786870294642-fae82e0e","timestamp":"2026-08-16T08:51:34.642669697Z"}
2026-08-16 10:51:34,663 WARN  [it.uni.reti2.StationGateway] (vert.x-eventloop-thread-1) 🚨 [ALERT RICEVUTO] La Centrale dice: {"tipoEvento":"GUASTO","origine":"CENTRALE","sorgenteTipo":"STAZIONE","sorgenteId":"MI","severita":"CRITICAL","messaggio":"Heartbeat assente: la stazione MI non invia heartbeat da oltre 30 secondi","guastoId":"alert-1786870294653-d8ec0b27","timestamp":"2026-08-16T08:51:34.654035646Z"}
2026-08-16 10:51:40,590 INFO  [it.uni.reti2.HeartbeatGenerator] (executor-thread-1) 💓 [HEARTBEAT] Invio heartbeat: {"stazioneId":"stazzaDellaMadonnaTroia","stato":"ONLINE","timestamp":"2026-08-16T08:51:40.590365245Z","tipoEvento":"HEARTBEAT","bufferSize":0}
2026-08-16 10:51:50,590 INFO  [it.uni.reti2.HeartbeatGenerator] (executor-thread-1) 💓 [HEARTBEAT] Invio heartbeat: {"stazioneId":"stazzaDellaMadonnaTroia","stato":"ONLINE","timestamp":"2026-08-16T08:51:50.590391459Z","tipoEvento":"HEARTBEAT","bufferSize":0}
2026-08-16 10:52:00,591 INFO  [it.uni.reti2.HeartbeatGenerator] (executor-thread-1) 💓 [HEARTBEAT] Invio heartbeat: {"stazioneId":"stazzaDellaMadonnaTroia","stato":"ONLINE","timestamp":"2026-08-16T08:52:00.591227657Z","tipoEvento":"HEARTBEAT","bufferSize":0}
2026-08-16 10:52:02,888 INFO  [io.smallrye.reactive.messaging.mqtt.session.impl.MqttClientSessionImpl] (vert.x-eventloop-thread-0) Connection closed: <unknown>
2026-08-16 10:52:02,889 INFO  [io.smallrye.reactive.messaging.mqtt.session.impl.MqttClientSessionImpl] (vert.x-eventloop-thread-0) Connection closed: <unknown>
2026-08-16 10:52:02,890 INFO  [io.smallrye.reactive.messaging.mqtt.session.impl.MqttClientSessionImpl] (vert.x-eventloop-thread-0) Connection closed: <unknown>
2026-08-16 10:52:02,896 INFO  [io.quarkus] (Shutdown thread) stazione stopped in 0.049s
