__  ____  __  _____   ___  __ ____  ______ 
 --/ __ \/ / / / _ | / _ \/ //_/ / / / __/ 
 -/ /_/ / /_/ / __ |/ , _/ ,< / /_/ /\ \   
--\___\_\____/_/ |_/_/|_/_/|_|\____/___/   
2026-08-05 18:22:45,159 INFO  [it.uni.reti2.main] (main) 🚉 Avvio processo Stazione con ID: TO
2026-08-05 18:22:45,875 INFO  [io.smallrye.reactive.messaging.mqtt] (main) Create MQTT Client for null@localhost:1883<>-[]
2026-08-05 18:22:46,085 INFO  [io.vertx.mqtt.impl.MqttClientImpl] (vert.x-eventloop-thread-0) Connection with localhost:1883 established successfully
2026-08-05 18:22:46,215 INFO  [io.smallrye.reactive.messaging.mqtt] (vert.x-eventloop-thread-0) Subscription success on topic railway/station/+/validation-response, Max QoS 0.
2026-08-05 18:22:46,216 INFO  [io.smallrye.reactive.messaging.mqtt] (vert.x-eventloop-thread-0) Subscription success on topic railway/alerts, Max QoS 0.
2026-08-05 18:22:46,216 INFO  [io.smallrye.reactive.messaging.mqtt] (vert.x-eventloop-thread-0) Subscription success on topic railway/train/+/passaggio, Max QoS 0.
2026-08-05 18:22:46,309 WARN  [it.uni.reti2.HeartbeatGenerator] (executor-thread-1) ⏳ Stazione non ancora validata dalla Centrale: heartbeat sospeso.
2026-08-05 18:22:46,369 INFO  [io.quarkus] (main) stazione 1.0.0-SNAPSHOT on JVM (powered by Quarkus 3.37.3) started in 1.313s. Listening on: http://0.0.0.0:8084
2026-08-05 18:22:46,369 INFO  [io.quarkus] (main) Profile prod activated. 
2026-08-05 18:22:46,370 INFO  [io.quarkus] (main) Installed features: [cdi, messaging, messaging-mqtt, rest, rest-jackson, scheduler, smallrye-context-propagation, vertx]
2026-08-05 18:22:46,375 INFO  [it.uni.reti2.main] (main) 🔎 Verifica ID stazione 'TO' nel database centrale...
2026-08-05 18:22:46,434 INFO  [it.uni.reti2.StationDatabaseValidator] (main) 📩 Richiesta di validazione inviata per la stazione: TO
2026-08-05 18:22:46,434 WARN  [it.uni.reti2.main] (main) ID stazione non ancora valido o il database centrale non è raggiungibile; riprovo tra 5 secondi...
2026-08-05 18:22:46,473 INFO  [it.uni.reti2.StationDatabaseValidator] (vert.x-eventloop-thread-2) 🚉 Processo associato con successo alla chiave primaria del database: TO
2026-08-05 18:22:51,435 INFO  [it.uni.reti2.main] (main) ✅ Processo Stazione AVVIATO CORRETTAMENTE
2026-08-05 18:22:51,435 INFO  [it.uni.reti2.main] (main) 🔄 Ingresso nel ciclo infinito di mantenimento del nodo Stazione...
2026-08-05 18:22:51,436 INFO  [it.uni.reti2.main] (main) 🌐 Server REST disponibile su http://localhost:8081/stazione/info
2026-08-05 18:22:54,793 INFO  [it.uni.reti2.StationGateway] (vert.x-eventloop-thread-3) 🚂 [PASSAGGIO] Treno tenoAmmazzaRicchi in USCITA dalla stazione TO
2026-08-05 18:22:56,310 INFO  [it.uni.reti2.HeartbeatGenerator] (executor-thread-1) 💓 [HEARTBEAT] Invio heartbeat: {"stazioneId":"TO","stato":"ONLINE","timestamp":"2026-08-05T16:22:56.309936863Z","tipoEvento":"HEARTBEAT","bufferSize":0}
2026-08-05 18:23:06,310 INFO  [it.uni.reti2.HeartbeatGenerator] (executor-thread-1) 💓 [HEARTBEAT] Invio heartbeat: {"stazioneId":"TO","stato":"ONLINE","timestamp":"2026-08-05T16:23:06.310018011Z","tipoEvento":"HEARTBEAT","bufferSize":0}
2026-08-05 18:23:16,310 INFO  [it.uni.reti2.HeartbeatGenerator] (executor-thread-1) 💓 [HEARTBEAT] Invio heartbeat: {"stazioneId":"TO","stato":"ONLINE","timestamp":"2026-08-05T16:23:16.309895532Z","tipoEvento":"HEARTBEAT","bufferSize":0}
2026-08-05 18:23:26,309 INFO  [it.uni.reti2.HeartbeatGenerator] (executor-thread-1) 💓 [HEARTBEAT] Invio heartbeat: {"stazioneId":"TO","stato":"ONLINE","timestamp":"2026-08-05T16:23:26.309828852Z","tipoEvento":"HEARTBEAT","bufferSize":0}
2026-08-05 18:23:36,310 INFO  [it.uni.reti2.HeartbeatGenerator] (executor-thread-1) 💓 [HEARTBEAT] Invio heartbeat: {"stazioneId":"TO","stato":"ONLINE","timestamp":"2026-08-05T16:23:36.309963721Z","tipoEvento":"HEARTBEAT","bufferSize":0}
2026-08-05 18:23:46,309 INFO  [it.uni.reti2.HeartbeatGenerator] (executor-thread-1) 💓 [HEARTBEAT] Invio heartbeat: {"stazioneId":"TO","stato":"ONLINE","timestamp":"2026-08-05T16:23:46.309781715Z","tipoEvento":"HEARTBEAT","bufferSize":0}
2026-08-05 18:23:51,192 INFO  [it.uni.reti2.StationGateway] (vert.x-eventloop-thread-3) 🚂 [PASSAGGIO] Treno Pietro in ENTRATA dalla stazione TO
2026-08-05 18:23:52,175 INFO  [it.uni.reti2.StationGateway] (vert.x-eventloop-thread-3) 🚂 [PASSAGGIO] Treno Francesco in ENTRATA dalla stazione TO
2026-08-05 18:23:53,164 INFO  [it.uni.reti2.StationGateway] (vert.x-eventloop-thread-3) 🚂 [PASSAGGIO] Treno tenoAmmazzaRicchi in ENTRATA dalla stazione TO
2026-08-05 18:23:53,186 INFO  [it.uni.reti2.StationGateway] (vert.x-eventloop-thread-3) 🚂 [PASSAGGIO] Treno Mario in ENTRATA dalla stazione TO
2026-08-05 18:23:56,310 INFO  [it.uni.reti2.HeartbeatGenerator] (executor-thread-1) 💓 [HEARTBEAT] Invio heartbeat: {"stazioneId":"TO","stato":"ONLINE","timestamp":"2026-08-05T16:23:56.309959955Z","tipoEvento":"HEARTBEAT","bufferSize":0}
2026-08-05 18:24:06,310 INFO  [it.uni.reti2.HeartbeatGenerator] (executor-thread-1) 💓 [HEARTBEAT] Invio heartbeat: {"stazioneId":"TO","stato":"ONLINE","timestamp":"2026-08-05T16:24:06.309857792Z","tipoEvento":"HEARTBEAT","bufferSize":0}
2026-08-05 18:24:13,187 INFO  [it.uni.reti2.StationGateway] (vert.x-eventloop-thread-3) 🚂 [PASSAGGIO] Treno Mario in USCITA dalla stazione TO
2026-08-05 18:24:16,310 INFO  [it.uni.reti2.HeartbeatGenerator] (executor-thread-1) 💓 [HEARTBEAT] Invio heartbeat: {"stazioneId":"TO","stato":"ONLINE","timestamp":"2026-08-05T16:24:16.310222090Z","tipoEvento":"HEARTBEAT","bufferSize":0}
2026-08-05 18:24:26,310 INFO  [it.uni.reti2.HeartbeatGenerator] (executor-thread-1) 💓 [HEARTBEAT] Invio heartbeat: {"stazioneId":"TO","stato":"ONLINE","timestamp":"2026-08-05T16:24:26.310017242Z","tipoEvento":"HEARTBEAT","bufferSize":0}
2026-08-05 18:24:32,193 INFO  [it.uni.reti2.StationGateway] (vert.x-eventloop-thread-3) 🚂 [PASSAGGIO] Treno Pietro in USCITA dalla stazione TO
2026-08-05 18:24:33,164 INFO  [it.uni.reti2.StationGateway] (vert.x-eventloop-thread-3) 🚂 [PASSAGGIO] Treno tenoAmmazzaRicchi in USCITA dalla stazione TO
2026-08-05 18:24:33,173 INFO  [it.uni.reti2.StationGateway] (vert.x-eventloop-thread-3) 🚂 [PASSAGGIO] Treno Francesco in USCITA dalla stazione TO
2026-08-05 18:24:36,310 INFO  [it.uni.reti2.HeartbeatGenerator] (executor-thread-1) 💓 [HEARTBEAT] Invio heartbeat: {"stazioneId":"TO","stato":"ONLINE","timestamp":"2026-08-05T16:24:36.309927594Z","tipoEvento":"HEARTBEAT","bufferSize":0}
2026-08-05 18:24:46,310 INFO  [it.uni.reti2.HeartbeatGenerator] (executor-thread-1) 💓 [HEARTBEAT] Invio heartbeat: {"stazioneId":"TO","stato":"ONLINE","timestamp":"2026-08-05T16:24:46.310177629Z","tipoEvento":"HEARTBEAT","bufferSize":0}
2026-08-05 18:24:56,309 INFO  [it.uni.reti2.HeartbeatGenerator] (executor-thread-1) 💓 [HEARTBEAT] Invio heartbeat: {"stazioneId":"TO","stato":"ONLINE","timestamp":"2026-08-05T16:24:56.309738188Z","tipoEvento":"HEARTBEAT","bufferSize":0}
2026-08-05 18:25:06,309 INFO  [it.uni.reti2.HeartbeatGenerator] (executor-thread-1) 💓 [HEARTBEAT] Invio heartbeat: {"stazioneId":"TO","stato":"ONLINE","timestamp":"2026-08-05T16:25:06.309801899Z","tipoEvento":"HEARTBEAT","bufferSize":0}
2026-08-05 18:25:16,310 INFO  [it.uni.reti2.HeartbeatGenerator] (executor-thread-1) 💓 [HEARTBEAT] Invio heartbeat: {"stazioneId":"TO","stato":"ONLINE","timestamp":"2026-08-05T16:25:16.310033668Z","tipoEvento":"HEARTBEAT","bufferSize":0}
2026-08-05 18:25:26,310 INFO  [it.uni.reti2.HeartbeatGenerator] (executor-thread-1) 💓 [HEARTBEAT] Invio heartbeat: {"stazioneId":"TO","stato":"ONLINE","timestamp":"2026-08-05T16:25:26.310286092Z","tipoEvento":"HEARTBEAT","bufferSize":0}
2026-08-05 18:25:36,309 INFO  [it.uni.reti2.HeartbeatGenerator] (executor-thread-1) 💓 [HEARTBEAT] Invio heartbeat: {"stazioneId":"TO","stato":"ONLINE","timestamp":"2026-08-05T16:25:36.309822957Z","tipoEvento":"HEARTBEAT","bufferSize":0}
2026-08-05 18:25:46,310 INFO  [it.uni.reti2.HeartbeatGenerator] (executor-thread-1) 💓 [HEARTBEAT] Invio heartbeat: {"stazioneId":"TO","stato":"ONLINE","timestamp":"2026-08-05T16:25:46.310310923Z","tipoEvento":"HEARTBEAT","bufferSize":0}
2026-08-05 18:25:56,310 INFO  [it.uni.reti2.HeartbeatGenerator] (executor-thread-1) 💓 [HEARTBEAT] Invio heartbeat: {"stazioneId":"TO","stato":"ONLINE","timestamp":"2026-08-05T16:25:56.310187863Z","tipoEvento":"HEARTBEAT","bufferSize":0}
2026-08-05 18:26:06,310 INFO  [it.uni.reti2.HeartbeatGenerator] (executor-thread-1) 💓 [HEARTBEAT] Invio heartbeat: {"stazioneId":"TO","stato":"ONLINE","timestamp":"2026-08-05T16:26:06.310092376Z","tipoEvento":"HEARTBEAT","bufferSize":0}
2026-08-05 18:26:16,310 INFO  [it.uni.reti2.HeartbeatGenerator] (executor-thread-1) 💓 [HEARTBEAT] Invio heartbeat: {"stazioneId":"TO","stato":"ONLINE","timestamp":"2026-08-05T16:26:16.310068468Z","tipoEvento":"HEARTBEAT","bufferSize":0}
2026-08-05 18:26:26,310 INFO  [it.uni.reti2.HeartbeatGenerator] (executor-thread-1) 💓 [HEARTBEAT] Invio heartbeat: {"stazioneId":"TO","stato":"ONLINE","timestamp":"2026-08-05T16:26:26.309847480Z","tipoEvento":"HEARTBEAT","bufferSize":0}
2026-08-05 18:26:36,309 INFO  [it.uni.reti2.HeartbeatGenerator] (executor-thread-1) 💓 [HEARTBEAT] Invio heartbeat: {"stazioneId":"TO","stato":"ONLINE","timestamp":"2026-08-05T16:26:36.309742683Z","tipoEvento":"HEARTBEAT","bufferSize":0}
2026-08-05 18:26:46,309 INFO  [it.uni.reti2.HeartbeatGenerator] (executor-thread-1) 💓 [HEARTBEAT] Invio heartbeat: {"stazioneId":"TO","stato":"ONLINE","timestamp":"2026-08-05T16:26:46.309765355Z","tipoEvento":"HEARTBEAT","bufferSize":0}
2026-08-05 18:26:56,310 INFO  [it.uni.reti2.HeartbeatGenerator] (executor-thread-1) 💓 [HEARTBEAT] Invio heartbeat: {"stazioneId":"TO","stato":"ONLINE","timestamp":"2026-08-05T16:26:56.309782067Z","tipoEvento":"HEARTBEAT","bufferSize":0}
2026-08-05 18:27:06,310 INFO  [it.uni.reti2.HeartbeatGenerator] (executor-thread-1) 💓 [HEARTBEAT] Invio heartbeat: {"stazioneId":"TO","stato":"ONLINE","timestamp":"2026-08-05T16:27:06.310129167Z","tipoEvento":"HEARTBEAT","bufferSize":0}
2026-08-05 18:27:16,310 INFO  [it.uni.reti2.HeartbeatGenerator] (executor-thread-1) 💓 [HEARTBEAT] Invio heartbeat: {"stazioneId":"TO","stato":"ONLINE","timestamp":"2026-08-05T16:27:16.310166789Z","tipoEvento":"HEARTBEAT","bufferSize":0}
2026-08-05 18:27:26,309 INFO  [it.uni.reti2.HeartbeatGenerator] (executor-thread-1) 💓 [HEARTBEAT] Invio heartbeat: {"stazioneId":"TO","stato":"ONLINE","timestamp":"2026-08-05T16:27:26.309783479Z","tipoEvento":"HEARTBEAT","bufferSize":0}
2026-08-05 18:27:36,310 INFO  [it.uni.reti2.HeartbeatGenerator] (executor-thread-1) 💓 [HEARTBEAT] Invio heartbeat: {"stazioneId":"TO","stato":"ONLINE","timestamp":"2026-08-05T16:27:36.309983108Z","tipoEvento":"HEARTBEAT","bufferSize":0}
2026-08-05 18:27:46,309 INFO  [it.uni.reti2.HeartbeatGenerator] (executor-thread-1) 💓 [HEARTBEAT] Invio heartbeat: {"stazioneId":"TO","stato":"ONLINE","timestamp":"2026-08-05T16:27:46.309780690Z","tipoEvento":"HEARTBEAT","bufferSize":0}
2026-08-05 18:27:56,309 INFO  [it.uni.reti2.HeartbeatGenerator] (executor-thread-1) 💓 [HEARTBEAT] Invio heartbeat: {"stazioneId":"TO","stato":"ONLINE","timestamp":"2026-08-05T16:27:56.309802316Z","tipoEvento":"HEARTBEAT","bufferSize":0}
2026-08-05 18:27:57,142 INFO  [it.uni.reti2.StationGateway] (vert.x-eventloop-thread-3) 🚂 [PASSAGGIO] Treno Genoveffa in ENTRATA dalla stazione TO
2026-08-05 18:28:06,310 INFO  [it.uni.reti2.HeartbeatGenerator] (executor-thread-1) 💓 [HEARTBEAT] Invio heartbeat: {"stazioneId":"TO","stato":"ONLINE","timestamp":"2026-08-05T16:28:06.309979958Z","tipoEvento":"HEARTBEAT","bufferSize":0}
2026-08-05 18:28:16,309 INFO  [it.uni.reti2.HeartbeatGenerator] (executor-thread-1) 💓 [HEARTBEAT] Invio heartbeat: {"stazioneId":"TO","stato":"ONLINE","timestamp":"2026-08-05T16:28:16.309799958Z","tipoEvento":"HEARTBEAT","bufferSize":0}
2026-08-05 18:28:18,145 INFO  [it.uni.reti2.StationGateway] (vert.x-eventloop-thread-3) 🚂 [PASSAGGIO] Treno Genoveffa in USCITA dalla stazione TO
2026-08-05 18:28:26,310 INFO  [it.uni.reti2.HeartbeatGenerator] (executor-thread-1) 💓 [HEARTBEAT] Invio heartbeat: {"stazioneId":"TO","stato":"ONLINE","timestamp":"2026-08-05T16:28:26.309872964Z","tipoEvento":"HEARTBEAT","bufferSize":0}
2026-08-05 18:28:36,310 INFO  [it.uni.reti2.HeartbeatGenerator] (executor-thread-1) 💓 [HEARTBEAT] Invio heartbeat: {"stazioneId":"TO","stato":"ONLINE","timestamp":"2026-08-05T16:28:36.309905949Z","tipoEvento":"HEARTBEAT","bufferSize":0}
2026-08-05 18:28:46,309 INFO  [it.uni.reti2.HeartbeatGenerator] (executor-thread-1) 💓 [HEARTBEAT] Invio heartbeat: {"stazioneId":"TO","stato":"ONLINE","timestamp":"2026-08-05T16:28:46.309811047Z","tipoEvento":"HEARTBEAT","bufferSize":0}
2026-08-05 18:28:56,310 INFO  [it.uni.reti2.HeartbeatGenerator] (executor-thread-1) 💓 [HEARTBEAT] Invio heartbeat: {"stazioneId":"TO","stato":"ONLINE","timestamp":"2026-08-05T16:28:56.309854396Z","tipoEvento":"HEARTBEAT","bufferSize":0}
2026-08-05 18:29:06,310 INFO  [it.uni.reti2.HeartbeatGenerator] (executor-thread-1) 💓 [HEARTBEAT] Invio heartbeat: {"stazioneId":"TO","stato":"ONLINE","timestamp":"2026-08-05T16:29:06.309854986Z","tipoEvento":"HEARTBEAT","bufferSize":0}
2026-08-05 18:29:16,311 INFO  [it.uni.reti2.HeartbeatGenerator] (executor-thread-1) 💓 [HEARTBEAT] Invio heartbeat: {"stazioneId":"TO","stato":"ONLINE","timestamp":"2026-08-05T16:29:16.311217496Z","tipoEvento":"HEARTBEAT","bufferSize":0}
2026-08-05 18:29:26,310 INFO  [it.uni.reti2.HeartbeatGenerator] (executor-thread-1) 💓 [HEARTBEAT] Invio heartbeat: {"stazioneId":"TO","stato":"ONLINE","timestamp":"2026-08-05T16:29:26.309991532Z","tipoEvento":"HEARTBEAT","bufferSize":0}
2026-08-05 18:29:36,310 INFO  [it.uni.reti2.HeartbeatGenerator] (executor-thread-1) 💓 [HEARTBEAT] Invio heartbeat: {"stazioneId":"TO","stato":"ONLINE","timestamp":"2026-08-05T16:29:36.309851058Z","tipoEvento":"HEARTBEAT","bufferSize":0}
2026-08-05 18:29:46,310 INFO  [it.uni.reti2.HeartbeatGenerator] (executor-thread-1) 💓 [HEARTBEAT] Invio heartbeat: {"stazioneId":"TO","stato":"ONLINE","timestamp":"2026-08-05T16:29:46.309857491Z","tipoEvento":"HEARTBEAT","bufferSize":0}
2026-08-05 18:29:56,309 INFO  [it.uni.reti2.HeartbeatGenerator] (executor-thread-1) 💓 [HEARTBEAT] Invio heartbeat: {"stazioneId":"TO","stato":"ONLINE","timestamp":"2026-08-05T16:29:56.309829917Z","tipoEvento":"HEARTBEAT","bufferSize":0}
2026-08-05 18:30:06,310 INFO  [it.uni.reti2.HeartbeatGenerator] (executor-thread-1) 💓 [HEARTBEAT] Invio heartbeat: {"stazioneId":"TO","stato":"ONLINE","timestamp":"2026-08-05T16:30:06.310167691Z","tipoEvento":"HEARTBEAT","bufferSize":0}
2026-08-05 18:30:16,309 INFO  [it.uni.reti2.HeartbeatGenerator] (executor-thread-1) 💓 [HEARTBEAT] Invio heartbeat: {"stazioneId":"TO","stato":"ONLINE","timestamp":"2026-08-05T16:30:16.309812988Z","tipoEvento":"HEARTBEAT","bufferSize":0}
2026-08-05 18:30:26,310 INFO  [it.uni.reti2.HeartbeatGenerator] (executor-thread-1) 💓 [HEARTBEAT] Invio heartbeat: {"stazioneId":"TO","stato":"ONLINE","timestamp":"2026-08-05T16:30:26.309862238Z","tipoEvento":"HEARTBEAT","bufferSize":0}
2026-08-05 18:30:36,309 INFO  [it.uni.reti2.HeartbeatGenerator] (executor-thread-1) 💓 [HEARTBEAT] Invio heartbeat: {"stazioneId":"TO","stato":"ONLINE","timestamp":"2026-08-05T16:30:36.309768635Z","tipoEvento":"HEARTBEAT","bufferSize":0}
2026-08-05 18:30:46,309 INFO  [it.uni.reti2.HeartbeatGenerator] (executor-thread-1) 💓 [HEARTBEAT] Invio heartbeat: {"stazioneId":"TO","stato":"ONLINE","timestamp":"2026-08-05T16:30:46.309800561Z","tipoEvento":"HEARTBEAT","bufferSize":0}
2026-08-05 18:30:56,310 INFO  [it.uni.reti2.HeartbeatGenerator] (executor-thread-1) 💓 [HEARTBEAT] Invio heartbeat: {"stazioneId":"TO","stato":"ONLINE","timestamp":"2026-08-05T16:30:56.309944282Z","tipoEvento":"HEARTBEAT","bufferSize":0}
2026-08-05 18:31:06,309 INFO  [it.uni.reti2.HeartbeatGenerator] (executor-thread-1) 💓 [HEARTBEAT] Invio heartbeat: {"stazioneId":"TO","stato":"ONLINE","timestamp":"2026-08-05T16:31:06.309809917Z","tipoEvento":"HEARTBEAT","bufferSize":0}
2026-08-05 18:31:16,309 INFO  [it.uni.reti2.HeartbeatGenerator] (executor-thread-1) 💓 [HEARTBEAT] Invio heartbeat: {"stazioneId":"TO","stato":"ONLINE","timestamp":"2026-08-05T16:31:16.309824561Z","tipoEvento":"HEARTBEAT","bufferSize":0}
2026-08-05 18:31:26,310 INFO  [it.uni.reti2.HeartbeatGenerator] (executor-thread-1) 💓 [HEARTBEAT] Invio heartbeat: {"stazioneId":"TO","stato":"ONLINE","timestamp":"2026-08-05T16:31:26.309932582Z","tipoEvento":"HEARTBEAT","bufferSize":0}
2026-08-05 18:31:36,310 INFO  [it.uni.reti2.HeartbeatGenerator] (executor-thread-1) 💓 [HEARTBEAT] Invio heartbeat: {"stazioneId":"TO","stato":"ONLINE","timestamp":"2026-08-05T16:31:36.309861462Z","tipoEvento":"HEARTBEAT","bufferSize":0}
2026-08-05 18:31:39,186 INFO  [it.uni.reti2.StationGateway] (vert.x-eventloop-thread-3) 🚂 [PASSAGGIO] Treno Mario in ENTRATA dalla stazione TO
2026-08-05 18:31:46,310 INFO  [it.uni.reti2.HeartbeatGenerator] (executor-thread-1) 💓 [HEARTBEAT] Invio heartbeat: {"stazioneId":"TO","stato":"ONLINE","timestamp":"2026-08-05T16:31:46.309960166Z","tipoEvento":"HEARTBEAT","bufferSize":0}
2026-08-05 18:31:56,309 INFO  [it.uni.reti2.HeartbeatGenerator] (executor-thread-1) 💓 [HEARTBEAT] Invio heartbeat: {"stazioneId":"TO","stato":"ONLINE","timestamp":"2026-08-05T16:31:56.309766269Z","tipoEvento":"HEARTBEAT","bufferSize":0}
2026-08-05 18:32:00,191 INFO  [it.uni.reti2.StationGateway] (vert.x-eventloop-thread-3) 🚂 [PASSAGGIO] Treno Mario in USCITA dalla stazione TO
2026-08-05 18:32:01,141 INFO  [it.uni.reti2.StationGateway] (vert.x-eventloop-thread-3) 🚂 [PASSAGGIO] Treno Genoveffa in ENTRATA dalla stazione TO
2026-08-05 18:32:06,310 INFO  [it.uni.reti2.HeartbeatGenerator] (executor-thread-1) 💓 [HEARTBEAT] Invio heartbeat: {"stazioneId":"TO","stato":"ONLINE","timestamp":"2026-08-05T16:32:06.309912123Z","tipoEvento":"HEARTBEAT","bufferSize":0}
2026-08-05 18:32:16,309 INFO  [it.uni.reti2.HeartbeatGenerator] (executor-thread-1) 💓 [HEARTBEAT] Invio heartbeat: {"stazioneId":"TO","stato":"ONLINE","timestamp":"2026-08-05T16:32:16.309859147Z","tipoEvento":"HEARTBEAT","bufferSize":0}
2026-08-05 18:32:21,140 INFO  [it.uni.reti2.StationGateway] (vert.x-eventloop-thread-3) 🚂 [PASSAGGIO] Treno Genoveffa in USCITA dalla stazione TO
2026-08-05 18:32:26,309 INFO  [it.uni.reti2.HeartbeatGenerator] (executor-thread-1) 💓 [HEARTBEAT] Invio heartbeat: {"stazioneId":"TO","stato":"ONLINE","timestamp":"2026-08-05T16:32:26.309801809Z","tipoEvento":"HEARTBEAT","bufferSize":0}
2026-08-05 18:32:36,309 INFO  [it.uni.reti2.HeartbeatGenerator] (executor-thread-1) 💓 [HEARTBEAT] Invio heartbeat: {"stazioneId":"TO","stato":"ONLINE","timestamp":"2026-08-05T16:32:36.309834355Z","tipoEvento":"HEARTBEAT","bufferSize":0}
2026-08-05 18:32:46,309 INFO  [it.uni.reti2.HeartbeatGenerator] (executor-thread-1) 💓 [HEARTBEAT] Invio heartbeat: {"stazioneId":"TO","stato":"ONLINE","timestamp":"2026-08-05T16:32:46.309789844Z","tipoEvento":"HEARTBEAT","bufferSize":0}
2026-08-05 18:32:56,309 INFO  [it.uni.reti2.HeartbeatGenerator] (executor-thread-1) 💓 [HEARTBEAT] Invio heartbeat: {"stazioneId":"TO","stato":"ONLINE","timestamp":"2026-08-05T16:32:56.309775904Z","tipoEvento":"HEARTBEAT","bufferSize":0}
2026-08-05 18:33:06,309 INFO  [it.uni.reti2.HeartbeatGenerator] (executor-thread-1) 💓 [HEARTBEAT] Invio heartbeat: {"stazioneId":"TO","stato":"ONLINE","timestamp":"2026-08-05T16:33:06.309779384Z","tipoEvento":"HEARTBEAT","bufferSize":0}
2026-08-05 18:33:16,310 INFO  [it.uni.reti2.HeartbeatGenerator] (executor-thread-1) 💓 [HEARTBEAT] Invio heartbeat: {"stazioneId":"TO","stato":"ONLINE","timestamp":"2026-08-05T16:33:16.310051183Z","tipoEvento":"HEARTBEAT","bufferSize":0}
2026-08-05 18:33:26,309 INFO  [it.uni.reti2.HeartbeatGenerator] (executor-thread-1) 💓 [HEARTBEAT] Invio heartbeat: {"stazioneId":"TO","stato":"ONLINE","timestamp":"2026-08-05T16:33:26.309786040Z","tipoEvento":"HEARTBEAT","bufferSize":0}
2026-08-05 18:33:36,309 INFO  [it.uni.reti2.HeartbeatGenerator] (executor-thread-1) 💓 [HEARTBEAT] Invio heartbeat: {"stazioneId":"TO","stato":"ONLINE","timestamp":"2026-08-05T16:33:36.309849696Z","tipoEvento":"HEARTBEAT","bufferSize":0}
2026-08-05 18:33:46,310 INFO  [it.uni.reti2.HeartbeatGenerator] (executor-thread-1) 💓 [HEARTBEAT] Invio heartbeat: {"stazioneId":"TO","stato":"ONLINE","timestamp":"2026-08-05T16:33:46.309910410Z","tipoEvento":"HEARTBEAT","bufferSize":0}
2026-08-05 18:33:56,309 INFO  [it.uni.reti2.HeartbeatGenerator] (executor-thread-1) 💓 [HEARTBEAT] Invio heartbeat: {"stazioneId":"TO","stato":"ONLINE","timestamp":"2026-08-05T16:33:56.309828120Z","tipoEvento":"HEARTBEAT","bufferSize":0}
2026-08-05 18:34:06,309 INFO  [it.uni.reti2.HeartbeatGenerator] (executor-thread-1) 💓 [HEARTBEAT] Invio heartbeat: {"stazioneId":"TO","stato":"ONLINE","timestamp":"2026-08-05T16:34:06.309792462Z","tipoEvento":"HEARTBEAT","bufferSize":0}
2026-08-05 18:34:16,310 INFO  [it.uni.reti2.HeartbeatGenerator] (executor-thread-1) 💓 [HEARTBEAT] Invio heartbeat: {"stazioneId":"TO","stato":"ONLINE","timestamp":"2026-08-05T16:34:16.310514410Z","tipoEvento":"HEARTBEAT","bufferSize":0}
2026-08-05 18:34:26,309 INFO  [it.uni.reti2.HeartbeatGenerator] (executor-thread-1) 💓 [HEARTBEAT] Invio heartbeat: {"stazioneId":"TO","stato":"ONLINE","timestamp":"2026-08-05T16:34:26.309749493Z","tipoEvento":"HEARTBEAT","bufferSize":0}
2026-08-05 18:34:36,309 INFO  [it.uni.reti2.HeartbeatGenerator] (executor-thread-1) 💓 [HEARTBEAT] Invio heartbeat: {"stazioneId":"TO","stato":"ONLINE","timestamp":"2026-08-05T16:34:36.309769566Z","tipoEvento":"HEARTBEAT","bufferSize":0}
2026-08-05 18:34:46,309 INFO  [it.uni.reti2.HeartbeatGenerator] (executor-thread-1) 💓 [HEARTBEAT] Invio heartbeat: {"stazioneId":"TO","stato":"ONLINE","timestamp":"2026-08-05T16:34:46.309791023Z","tipoEvento":"HEARTBEAT","bufferSize":0}
2026-08-05 18:34:56,310 INFO  [it.uni.reti2.HeartbeatGenerator] (executor-thread-1) 💓 [HEARTBEAT] Invio heartbeat: {"stazioneId":"TO","stato":"ONLINE","timestamp":"2026-08-05T16:34:56.310303910Z","tipoEvento":"HEARTBEAT","bufferSize":0}
2026-08-05 18:35:06,310 INFO  [it.uni.reti2.HeartbeatGenerator] (executor-thread-1) 💓 [HEARTBEAT] Invio heartbeat: {"stazioneId":"TO","stato":"ONLINE","timestamp":"2026-08-05T16:35:06.309910110Z","tipoEvento":"HEARTBEAT","bufferSize":0}
2026-08-05 18:35:16,310 INFO  [it.uni.reti2.HeartbeatGenerator] (executor-thread-1) 💓 [HEARTBEAT] Invio heartbeat: {"stazioneId":"TO","stato":"ONLINE","timestamp":"2026-08-05T16:35:16.310095083Z","tipoEvento":"HEARTBEAT","bufferSize":0}
2026-08-05 18:35:26,310 INFO  [it.uni.reti2.HeartbeatGenerator] (executor-thread-1) 💓 [HEARTBEAT] Invio heartbeat: {"stazioneId":"TO","stato":"ONLINE","timestamp":"2026-08-05T16:35:26.310129242Z","tipoEvento":"HEARTBEAT","bufferSize":0}
2026-08-05 18:35:36,310 INFO  [it.uni.reti2.HeartbeatGenerator] (executor-thread-1) 💓 [HEARTBEAT] Invio heartbeat: {"stazioneId":"TO","stato":"ONLINE","timestamp":"2026-08-05T16:35:36.309867095Z","tipoEvento":"HEARTBEAT","bufferSize":0}
2026-08-05 18:35:39,178 INFO  [it.uni.reti2.StationGateway] (vert.x-eventloop-thread-3) 🚂 [PASSAGGIO] Treno Francesco in ENTRATA dalla stazione TO
2026-08-05 18:35:39,192 INFO  [it.uni.reti2.StationGateway] (vert.x-eventloop-thread-3) 🚂 [PASSAGGIO] Treno Pietro in ENTRATA dalla stazione TO
2026-08-05 18:35:43,166 INFO  [it.uni.reti2.StationGateway] (vert.x-eventloop-thread-3) 🚂 [PASSAGGIO] Treno tenoAmmazzaRicchi in ENTRATA dalla stazione TO
2026-08-05 18:35:46,309 INFO  [it.uni.reti2.HeartbeatGenerator] (executor-thread-1) 💓 [HEARTBEAT] Invio heartbeat: {"stazioneId":"TO","stato":"ONLINE","timestamp":"2026-08-05T16:35:46.309786242Z","tipoEvento":"HEARTBEAT","bufferSize":0}
2026-08-05 18:35:56,310 INFO  [it.uni.reti2.HeartbeatGenerator] (executor-thread-1) 💓 [HEARTBEAT] Invio heartbeat: {"stazioneId":"TO","stato":"ONLINE","timestamp":"2026-08-05T16:35:56.309874187Z","tipoEvento":"HEARTBEAT","bufferSize":0}
2026-08-05 18:36:06,311 INFO  [it.uni.reti2.HeartbeatGenerator] (executor-thread-1) 💓 [HEARTBEAT] Invio heartbeat: {"stazioneId":"TO","stato":"ONLINE","timestamp":"2026-08-05T16:36:06.311069294Z","tipoEvento":"HEARTBEAT","bufferSize":0}
2026-08-05 18:36:16,310 INFO  [it.uni.reti2.HeartbeatGenerator] (executor-thread-1) 💓 [HEARTBEAT] Invio heartbeat: {"stazioneId":"TO","stato":"ONLINE","timestamp":"2026-08-05T16:36:16.310271504Z","tipoEvento":"HEARTBEAT","bufferSize":0}
2026-08-05 18:36:19,174 INFO  [it.uni.reti2.StationGateway] (vert.x-eventloop-thread-3) 🚂 [PASSAGGIO] Treno Francesco in USCITA dalla stazione TO
2026-08-05 18:36:19,192 INFO  [it.uni.reti2.StationGateway] (vert.x-eventloop-thread-3) 🚂 [PASSAGGIO] Treno Pietro in USCITA dalla stazione TO
2026-08-05 18:36:23,164 INFO  [it.uni.reti2.StationGateway] (vert.x-eventloop-thread-3) 🚂 [PASSAGGIO] Treno tenoAmmazzaRicchi in USCITA dalla stazione TO
2026-08-05 18:36:26,309 INFO  [it.uni.reti2.HeartbeatGenerator] (executor-thread-1) 💓 [HEARTBEAT] Invio heartbeat: {"stazioneId":"TO","stato":"ONLINE","timestamp":"2026-08-05T16:36:26.309831Z","tipoEvento":"HEARTBEAT","bufferSize":0}
2026-08-05 18:36:36,309 INFO  [it.uni.reti2.HeartbeatGenerator] (executor-thread-1) 💓 [HEARTBEAT] Invio heartbeat: {"stazioneId":"TO","stato":"ONLINE","timestamp":"2026-08-05T16:36:36.309782540Z","tipoEvento":"HEARTBEAT","bufferSize":0}
2026-08-05 18:36:46,309 INFO  [it.uni.reti2.HeartbeatGenerator] (executor-thread-1) 💓 [HEARTBEAT] Invio heartbeat: {"stazioneId":"TO","stato":"ONLINE","timestamp":"2026-08-05T16:36:46.309774711Z","tipoEvento":"HEARTBEAT","bufferSize":0}
2026-08-05 18:36:56,309 INFO  [it.uni.reti2.HeartbeatGenerator] (executor-thread-1) 💓 [HEARTBEAT] Invio heartbeat: {"stazioneId":"TO","stato":"ONLINE","timestamp":"2026-08-05T16:36:56.309711438Z","tipoEvento":"HEARTBEAT","bufferSize":0}
2026-08-05 18:37:06,310 INFO  [it.uni.reti2.HeartbeatGenerator] (executor-thread-1) 💓 [HEARTBEAT] Invio heartbeat: {"stazioneId":"TO","stato":"ONLINE","timestamp":"2026-08-05T16:37:06.309901915Z","tipoEvento":"HEARTBEAT","bufferSize":0}
2026-08-05 18:37:16,310 INFO  [it.uni.reti2.HeartbeatGenerator] (executor-thread-1) 💓 [HEARTBEAT] Invio heartbeat: {"stazioneId":"TO","stato":"ONLINE","timestamp":"2026-08-05T16:37:16.309916530Z","tipoEvento":"HEARTBEAT","bufferSize":0}
2026-08-05 18:37:26,309 INFO  [it.uni.reti2.HeartbeatGenerator] (executor-thread-1) 💓 [HEARTBEAT] Invio heartbeat: {"stazioneId":"TO","stato":"ONLINE","timestamp":"2026-08-05T16:37:26.309827468Z","tipoEvento":"HEARTBEAT","bufferSize":0}
2026-08-05 18:37:36,309 INFO  [it.uni.reti2.HeartbeatGenerator] (executor-thread-1) 💓 [HEARTBEAT] Invio heartbeat: {"stazioneId":"TO","stato":"ONLINE","timestamp":"2026-08-05T16:37:36.309743468Z","tipoEvento":"HEARTBEAT","bufferSize":0}
2026-08-05 18:37:46,310 INFO  [it.uni.reti2.HeartbeatGenerator] (executor-thread-1) 💓 [HEARTBEAT] Invio heartbeat: {"stazioneId":"TO","stato":"ONLINE","timestamp":"2026-08-05T16:37:46.309810164Z","tipoEvento":"HEARTBEAT","bufferSize":0}
2026-08-05 18:37:56,309 INFO  [it.uni.reti2.HeartbeatGenerator] (executor-thread-1) 💓 [HEARTBEAT] Invio heartbeat: {"stazioneId":"TO","stato":"ONLINE","timestamp":"2026-08-05T16:37:56.309768792Z","tipoEvento":"HEARTBEAT","bufferSize":0}
2026-08-05 18:38:06,310 INFO  [it.uni.reti2.HeartbeatGenerator] (executor-thread-1) 💓 [HEARTBEAT] Invio heartbeat: {"stazioneId":"TO","stato":"ONLINE","timestamp":"2026-08-05T16:38:06.310181277Z","tipoEvento":"HEARTBEAT","bufferSize":0}
2026-08-05 18:38:16,309 INFO  [it.uni.reti2.HeartbeatGenerator] (executor-thread-1) 💓 [HEARTBEAT] Invio heartbeat: {"stazioneId":"TO","stato":"ONLINE","timestamp":"2026-08-05T16:38:16.309820675Z","tipoEvento":"HEARTBEAT","bufferSize":0}
2026-08-05 18:38:26,309 INFO  [it.uni.reti2.HeartbeatGenerator] (executor-thread-1) 💓 [HEARTBEAT] Invio heartbeat: {"stazioneId":"TO","stato":"ONLINE","timestamp":"2026-08-05T16:38:26.309712634Z","tipoEvento":"HEARTBEAT","bufferSize":0}
2026-08-05 18:38:36,309 INFO  [it.uni.reti2.HeartbeatGenerator] (executor-thread-1) 💓 [HEARTBEAT] Invio heartbeat: {"stazioneId":"TO","stato":"ONLINE","timestamp":"2026-08-05T16:38:36.309840373Z","tipoEvento":"HEARTBEAT","bufferSize":0}
2026-08-05 18:38:46,310 INFO  [it.uni.reti2.HeartbeatGenerator] (executor-thread-1) 💓 [HEARTBEAT] Invio heartbeat: {"stazioneId":"TO","stato":"ONLINE","timestamp":"2026-08-05T16:38:46.310182587Z","tipoEvento":"HEARTBEAT","bufferSize":0}
2026-08-05 18:38:56,310 INFO  [it.uni.reti2.HeartbeatGenerator] (executor-thread-1) 💓 [HEARTBEAT] Invio heartbeat: {"stazioneId":"TO","stato":"ONLINE","timestamp":"2026-08-05T16:38:56.309992136Z","tipoEvento":"HEARTBEAT","bufferSize":0}
2026-08-05 18:39:06,309 INFO  [it.uni.reti2.HeartbeatGenerator] (executor-thread-1) 💓 [HEARTBEAT] Invio heartbeat: {"stazioneId":"TO","stato":"ONLINE","timestamp":"2026-08-05T16:39:06.309679304Z","tipoEvento":"HEARTBEAT","bufferSize":0}
2026-08-05 18:39:16,309 INFO  [it.uni.reti2.HeartbeatGenerator] (executor-thread-1) 💓 [HEARTBEAT] Invio heartbeat: {"stazioneId":"TO","stato":"ONLINE","timestamp":"2026-08-05T16:39:16.309740995Z","tipoEvento":"HEARTBEAT","bufferSize":0}
2026-08-05 18:39:26,186 INFO  [it.uni.reti2.StationGateway] (vert.x-eventloop-thread-3) 🚂 [PASSAGGIO] Treno Mario in ENTRATA dalla stazione TO
2026-08-05 18:39:26,310 INFO  [it.uni.reti2.HeartbeatGenerator] (executor-thread-1) 💓 [HEARTBEAT] Invio heartbeat: {"stazioneId":"TO","stato":"ONLINE","timestamp":"2026-08-05T16:39:26.310168628Z","tipoEvento":"HEARTBEAT","bufferSize":0}
2026-08-05 18:39:36,310 INFO  [it.uni.reti2.HeartbeatGenerator] (executor-thread-1) 💓 [HEARTBEAT] Invio heartbeat: {"stazioneId":"TO","stato":"ONLINE","timestamp":"2026-08-05T16:39:36.310144003Z","tipoEvento":"HEARTBEAT","bufferSize":0}
2026-08-05 18:39:46,142 INFO  [it.uni.reti2.StationGateway] (vert.x-eventloop-thread-3) 🚂 [PASSAGGIO] Treno Genoveffa in ENTRATA dalla stazione TO
2026-08-05 18:39:46,309 INFO  [it.uni.reti2.HeartbeatGenerator] (executor-thread-1) 💓 [HEARTBEAT] Invio heartbeat: {"stazioneId":"TO","stato":"ONLINE","timestamp":"2026-08-05T16:39:46.309799522Z","tipoEvento":"HEARTBEAT","bufferSize":0}
2026-08-05 18:39:47,185 INFO  [it.uni.reti2.StationGateway] (vert.x-eventloop-thread-3) 🚂 [PASSAGGIO] Treno Mario in USCITA dalla stazione TO
2026-08-05 18:39:56,310 INFO  [it.uni.reti2.HeartbeatGenerator] (executor-thread-1) 💓 [HEARTBEAT] Invio heartbeat: {"stazioneId":"TO","stato":"ONLINE","timestamp":"2026-08-05T16:39:56.309944750Z","tipoEvento":"HEARTBEAT","bufferSize":0}
2026-08-05 18:40:06,140 INFO  [it.uni.reti2.StationGateway] (vert.x-eventloop-thread-3) 🚂 [PASSAGGIO] Treno Genoveffa in USCITA dalla stazione TO
2026-08-05 18:40:06,309 INFO  [it.uni.reti2.HeartbeatGenerator] (executor-thread-1) 💓 [HEARTBEAT] Invio heartbeat: {"stazioneId":"TO","stato":"ONLINE","timestamp":"2026-08-05T16:40:06.309781843Z","tipoEvento":"HEARTBEAT","bufferSize":0}
2026-08-05 18:40:16,309 INFO  [it.uni.reti2.HeartbeatGenerator] (executor-thread-1) 💓 [HEARTBEAT] Invio heartbeat: {"stazioneId":"TO","stato":"ONLINE","timestamp":"2026-08-05T16:40:16.309813167Z","tipoEvento":"HEARTBEAT","bufferSize":0}
2026-08-05 18:40:26,309 INFO  [it.uni.reti2.HeartbeatGenerator] (executor-thread-1) 💓 [HEARTBEAT] Invio heartbeat: {"stazioneId":"TO","stato":"ONLINE","timestamp":"2026-08-05T16:40:26.309757843Z","tipoEvento":"HEARTBEAT","bufferSize":0}
2026-08-05 18:40:36,310 INFO  [it.uni.reti2.HeartbeatGenerator] (executor-thread-1) 💓 [HEARTBEAT] Invio heartbeat: {"stazioneId":"TO","stato":"ONLINE","timestamp":"2026-08-05T16:40:36.310399432Z","tipoEvento":"HEARTBEAT","bufferSize":0}
2026-08-05 18:40:46,310 INFO  [it.uni.reti2.HeartbeatGenerator] (executor-thread-1) 💓 [HEARTBEAT] Invio heartbeat: {"stazioneId":"TO","stato":"ONLINE","timestamp":"2026-08-05T16:40:46.309900550Z","tipoEvento":"HEARTBEAT","bufferSize":0}
2026-08-05 18:40:56,310 INFO  [it.uni.reti2.HeartbeatGenerator] (executor-thread-1) 💓 [HEARTBEAT] Invio heartbeat: {"stazioneId":"TO","stato":"ONLINE","timestamp":"2026-08-05T16:40:56.310413691Z","tipoEvento":"HEARTBEAT","bufferSize":0}
2026-08-05 18:41:06,310 INFO  [it.uni.reti2.HeartbeatGenerator] (executor-thread-1) 💓 [HEARTBEAT] Invio heartbeat: {"stazioneId":"TO","stato":"ONLINE","timestamp":"2026-08-05T16:41:06.309914977Z","tipoEvento":"HEARTBEAT","bufferSize":0}
2026-08-05 18:41:16,310 INFO  [it.uni.reti2.HeartbeatGenerator] (executor-thread-1) 💓 [HEARTBEAT] Invio heartbeat: {"stazioneId":"TO","stato":"ONLINE","timestamp":"2026-08-05T16:41:16.310184031Z","tipoEvento":"HEARTBEAT","bufferSize":0}
2026-08-05 18:41:26,310 INFO  [it.uni.reti2.HeartbeatGenerator] (executor-thread-1) 💓 [HEARTBEAT] Invio heartbeat: {"stazioneId":"TO","stato":"ONLINE","timestamp":"2026-08-05T16:41:26.310262880Z","tipoEvento":"HEARTBEAT","bufferSize":0}
2026-08-05 18:41:36,309 INFO  [it.uni.reti2.HeartbeatGenerator] (executor-thread-1) 💓 [HEARTBEAT] Invio heartbeat: {"stazioneId":"TO","stato":"ONLINE","timestamp":"2026-08-05T16:41:36.309769489Z","tipoEvento":"HEARTBEAT","bufferSize":0}
2026-08-05 18:41:46,309 INFO  [it.uni.reti2.HeartbeatGenerator] (executor-thread-1) 💓 [HEARTBEAT] Invio heartbeat: {"stazioneId":"TO","stato":"ONLINE","timestamp":"2026-08-05T16:41:46.309760713Z","tipoEvento":"HEARTBEAT","bufferSize":0}
2026-08-05 18:41:56,309 INFO  [it.uni.reti2.HeartbeatGenerator] (executor-thread-1) 💓 [HEARTBEAT] Invio heartbeat: {"stazioneId":"TO","stato":"ONLINE","timestamp":"2026-08-05T16:41:56.309774330Z","tipoEvento":"HEARTBEAT","bufferSize":0}
2026-08-05 18:42:06,309 INFO  [it.uni.reti2.HeartbeatGenerator] (executor-thread-1) 💓 [HEARTBEAT] Invio heartbeat: {"stazioneId":"TO","stato":"ONLINE","timestamp":"2026-08-05T16:42:06.309705469Z","tipoEvento":"HEARTBEAT","bufferSize":0}
2026-08-05 18:42:16,309 INFO  [it.uni.reti2.HeartbeatGenerator] (executor-thread-1) 💓 [HEARTBEAT] Invio heartbeat: {"stazioneId":"TO","stato":"ONLINE","timestamp":"2026-08-05T16:42:16.309706443Z","tipoEvento":"HEARTBEAT","bufferSize":0}
2026-08-05 18:42:26,309 INFO  [it.uni.reti2.HeartbeatGenerator] (executor-thread-1) 💓 [HEARTBEAT] Invio heartbeat: {"stazioneId":"TO","stato":"ONLINE","timestamp":"2026-08-05T16:42:26.309770156Z","tipoEvento":"HEARTBEAT","bufferSize":0}
2026-08-05 18:42:36,310 INFO  [it.uni.reti2.HeartbeatGenerator] (executor-thread-1) 💓 [HEARTBEAT] Invio heartbeat: {"stazioneId":"TO","stato":"ONLINE","timestamp":"2026-08-05T16:42:36.309922034Z","tipoEvento":"HEARTBEAT","bufferSize":0}
2026-08-05 18:42:46,310 INFO  [it.uni.reti2.HeartbeatGenerator] (executor-thread-1) 💓 [HEARTBEAT] Invio heartbeat: {"stazioneId":"TO","stato":"ONLINE","timestamp":"2026-08-05T16:42:46.310232099Z","tipoEvento":"HEARTBEAT","bufferSize":0}
2026-08-05 18:42:56,310 INFO  [it.uni.reti2.HeartbeatGenerator] (executor-thread-1) 💓 [HEARTBEAT] Invio heartbeat: {"stazioneId":"TO","stato":"ONLINE","timestamp":"2026-08-05T16:42:56.310175493Z","tipoEvento":"HEARTBEAT","bufferSize":0}
2026-08-05 18:43:06,309 INFO  [it.uni.reti2.HeartbeatGenerator] (executor-thread-1) 💓 [HEARTBEAT] Invio heartbeat: {"stazioneId":"TO","stato":"ONLINE","timestamp":"2026-08-05T16:43:06.309811538Z","tipoEvento":"HEARTBEAT","bufferSize":0}
2026-08-05 18:43:16,310 INFO  [it.uni.reti2.HeartbeatGenerator] (executor-thread-1) 💓 [HEARTBEAT] Invio heartbeat: {"stazioneId":"TO","stato":"ONLINE","timestamp":"2026-08-05T16:43:16.309921530Z","tipoEvento":"HEARTBEAT","bufferSize":0}
2026-08-05 18:43:26,310 INFO  [it.uni.reti2.HeartbeatGenerator] (executor-thread-1) 💓 [HEARTBEAT] Invio heartbeat: {"stazioneId":"TO","stato":"ONLINE","timestamp":"2026-08-05T16:43:26.310254838Z","tipoEvento":"HEARTBEAT","bufferSize":0}
2026-08-05 18:43:36,310 INFO  [it.uni.reti2.HeartbeatGenerator] (executor-thread-1) 💓 [HEARTBEAT] Invio heartbeat: {"stazioneId":"TO","stato":"ONLINE","timestamp":"2026-08-05T16:43:36.309911050Z","tipoEvento":"HEARTBEAT","bufferSize":0}
2026-08-05 18:43:46,310 INFO  [it.uni.reti2.HeartbeatGenerator] (executor-thread-1) 💓 [HEARTBEAT] Invio heartbeat: {"stazioneId":"TO","stato":"ONLINE","timestamp":"2026-08-05T16:43:46.310177781Z","tipoEvento":"HEARTBEAT","bufferSize":0}
2026-08-05 18:43:49,141 INFO  [it.uni.reti2.StationGateway] (vert.x-eventloop-thread-3) 🚂 [PASSAGGIO] Treno Genoveffa in ENTRATA dalla stazione TO
2026-08-05 18:43:56,310 INFO  [it.uni.reti2.HeartbeatGenerator] (executor-thread-1) 💓 [HEARTBEAT] Invio heartbeat: {"stazioneId":"TO","stato":"ONLINE","timestamp":"2026-08-05T16:43:56.309976754Z","tipoEvento":"HEARTBEAT","bufferSize":0}
2026-08-05 18:44:06,310 INFO  [it.uni.reti2.HeartbeatGenerator] (executor-thread-1) 💓 [HEARTBEAT] Invio heartbeat: {"stazioneId":"TO","stato":"ONLINE","timestamp":"2026-08-05T16:44:06.310048895Z","tipoEvento":"HEARTBEAT","bufferSize":0}
2026-08-05 18:44:10,141 INFO  [it.uni.reti2.StationGateway] (vert.x-eventloop-thread-3) 🚂 [PASSAGGIO] Treno Genoveffa in USCITA dalla stazione TO
2026-08-05 18:44:16,310 INFO  [it.uni.reti2.HeartbeatGenerator] (executor-thread-1) 💓 [HEARTBEAT] Invio heartbeat: {"stazioneId":"TO","stato":"ONLINE","timestamp":"2026-08-05T16:44:16.310598746Z","tipoEvento":"HEARTBEAT","bufferSize":0}
2026-08-05 18:44:26,310 INFO  [it.uni.reti2.HeartbeatGenerator] (executor-thread-1) 💓 [HEARTBEAT] Invio heartbeat: {"stazioneId":"TO","stato":"ONLINE","timestamp":"2026-08-05T16:44:26.309809693Z","tipoEvento":"HEARTBEAT","bufferSize":0}
2026-08-05 18:44:36,309 INFO  [it.uni.reti2.HeartbeatGenerator] (executor-thread-1) 💓 [HEARTBEAT] Invio heartbeat: {"stazioneId":"TO","stato":"ONLINE","timestamp":"2026-08-05T16:44:36.309820982Z","tipoEvento":"HEARTBEAT","bufferSize":0}
2026-08-05 18:44:46,309 INFO  [it.uni.reti2.HeartbeatGenerator] (executor-thread-1) 💓 [HEARTBEAT] Invio heartbeat: {"stazioneId":"TO","stato":"ONLINE","timestamp":"2026-08-05T16:44:46.309830358Z","tipoEvento":"HEARTBEAT","bufferSize":0}
2026-08-05 18:44:56,309 INFO  [it.uni.reti2.HeartbeatGenerator] (executor-thread-1) 💓 [HEARTBEAT] Invio heartbeat: {"stazioneId":"TO","stato":"ONLINE","timestamp":"2026-08-05T16:44:56.309793424Z","tipoEvento":"HEARTBEAT","bufferSize":0}
2026-08-05 18:45:06,309 INFO  [it.uni.reti2.HeartbeatGenerator] (executor-thread-1) 💓 [HEARTBEAT] Invio heartbeat: {"stazioneId":"TO","stato":"ONLINE","timestamp":"2026-08-05T16:45:06.309810468Z","tipoEvento":"HEARTBEAT","bufferSize":0}
2026-08-05 18:45:16,310 INFO  [it.uni.reti2.HeartbeatGenerator] (executor-thread-1) 💓 [HEARTBEAT] Invio heartbeat: {"stazioneId":"TO","stato":"ONLINE","timestamp":"2026-08-05T16:45:16.310090809Z","tipoEvento":"HEARTBEAT","bufferSize":0}
2026-08-05 18:45:26,310 INFO  [it.uni.reti2.HeartbeatGenerator] (executor-thread-1) 💓 [HEARTBEAT] Invio heartbeat: {"stazioneId":"TO","stato":"ONLINE","timestamp":"2026-08-05T16:45:26.310627828Z","tipoEvento":"HEARTBEAT","bufferSize":0}
2026-08-05 18:45:36,310 INFO  [it.uni.reti2.HeartbeatGenerator] (executor-thread-1) 💓 [HEARTBEAT] Invio heartbeat: {"stazioneId":"TO","stato":"ONLINE","timestamp":"2026-08-05T16:45:36.309967633Z","tipoEvento":"HEARTBEAT","bufferSize":0}
2026-08-05 18:45:46,309 INFO  [it.uni.reti2.HeartbeatGenerator] (executor-thread-1) 💓 [HEARTBEAT] Invio heartbeat: {"stazioneId":"TO","stato":"ONLINE","timestamp":"2026-08-05T16:45:46.309681739Z","tipoEvento":"HEARTBEAT","bufferSize":0}
2026-08-05 18:45:56,310 INFO  [it.uni.reti2.HeartbeatGenerator] (executor-thread-1) 💓 [HEARTBEAT] Invio heartbeat: {"stazioneId":"TO","stato":"ONLINE","timestamp":"2026-08-05T16:45:56.309841Z","tipoEvento":"HEARTBEAT","bufferSize":0}
2026-08-05 18:46:06,310 INFO  [it.uni.reti2.HeartbeatGenerator] (executor-thread-1) 💓 [HEARTBEAT] Invio heartbeat: {"stazioneId":"TO","stato":"ONLINE","timestamp":"2026-08-05T16:46:06.310015281Z","tipoEvento":"HEARTBEAT","bufferSize":0}
2026-08-05 18:46:16,309 INFO  [it.uni.reti2.HeartbeatGenerator] (executor-thread-1) 💓 [HEARTBEAT] Invio heartbeat: {"stazioneId":"TO","stato":"ONLINE","timestamp":"2026-08-05T16:46:16.309703910Z","tipoEvento":"HEARTBEAT","bufferSize":0}
2026-08-05 18:46:26,309 INFO  [it.uni.reti2.HeartbeatGenerator] (executor-thread-1) 💓 [HEARTBEAT] Invio heartbeat: {"stazioneId":"TO","stato":"ONLINE","timestamp":"2026-08-05T16:46:26.309747044Z","tipoEvento":"HEARTBEAT","bufferSize":0}
2026-08-05 18:46:36,310 INFO  [it.uni.reti2.HeartbeatGenerator] (executor-thread-1) 💓 [HEARTBEAT] Invio heartbeat: {"stazioneId":"TO","stato":"ONLINE","timestamp":"2026-08-05T16:46:36.310073254Z","tipoEvento":"HEARTBEAT","bufferSize":0}
2026-08-05 18:46:46,309 INFO  [it.uni.reti2.HeartbeatGenerator] (executor-thread-1) 💓 [HEARTBEAT] Invio heartbeat: {"stazioneId":"TO","stato":"ONLINE","timestamp":"2026-08-05T16:46:46.309858508Z","tipoEvento":"HEARTBEAT","bufferSize":0}
2026-08-05 18:46:56,309 INFO  [it.uni.reti2.HeartbeatGenerator] (executor-thread-1) 💓 [HEARTBEAT] Invio heartbeat: {"stazioneId":"TO","stato":"ONLINE","timestamp":"2026-08-05T16:46:56.309662452Z","tipoEvento":"HEARTBEAT","bufferSize":0}
2026-08-05 18:47:06,309 INFO  [it.uni.reti2.HeartbeatGenerator] (executor-thread-1) 💓 [HEARTBEAT] Invio heartbeat: {"stazioneId":"TO","stato":"ONLINE","timestamp":"2026-08-05T16:47:06.309848262Z","tipoEvento":"HEARTBEAT","bufferSize":0}
